Archive member included because of file (symbol)

/usr/bin/../lib/gcc/arm-none-eabi/4.9.3/armv7-m/libgcc.a(_arm_addsubsf3.o)
                              obj/stats.o (__aeabi_fsub)
/usr/bin/../lib/gcc/arm-none-eabi/4.9.3/armv7-m/libgcc.a(_arm_muldivsf3.o)
                              obj/stats.o (__aeabi_fmul)
/usr/bin/../lib/gcc/arm-none-eabi/4.9.3/armv7-m/libgcc.a(_aeabi_uldivmod.o)
                              obj/lpc17xx_timer.o (__aeabi_uldivmod)
/usr/bin/../lib/gcc/arm-none-eabi/4.9.3/armv7-m/libgcc.a(bpabi.o)
                              /usr/bin/../lib/gcc/arm-none-eabi/4.9.3/armv7-m/libgcc.a(_aeabi_uldivmod.o) (__gnu_uldivmod_helper)
/usr/bin/../lib/gcc/arm-none-eabi/4.9.3/armv7-m/libgcc.a(_dvmd_tls.o)
                              /usr/bin/../lib/gcc/arm-none-eabi/4.9.3/armv7-m/libgcc.a(_aeabi_uldivmod.o) (__aeabi_ldiv0)
/usr/bin/../lib/gcc/arm-none-eabi/4.9.3/armv7-m/libgcc.a(_divdi3.o)
                              /usr/bin/../lib/gcc/arm-none-eabi/4.9.3/armv7-m/libgcc.a(bpabi.o) (__divdi3)
/usr/bin/../lib/gcc/arm-none-eabi/4.9.3/armv7-m/libgcc.a(_udivdi3.o)
                              /usr/bin/../lib/gcc/arm-none-eabi/4.9.3/armv7-m/libgcc.a(bpabi.o) (__udivdi3)

Allocating common symbols
Common symbol       size              file

Stack3              0x578             obj/main.o
Stack7              0x578             obj/main.o
r3                  0x4               obj/port.o
highestTCB          0x4               obj/task.o
currentTCB          0x4               obj/task.o
always_true         0x1               obj/task.o
stat_idle_counter_ready
                    0x1               obj/stats.o
ReadyArray          0x80              obj/task.o
Ticks               0x190             obj/time.o
fact_result         0x4               obj/main.o
r0                  0x4               obj/port.o
utilizations        0x190             obj/stats.o
stat_calibration    0x1               obj/stats.o
Stack2              0x578             obj/main.o
idleCounter_Max     0x4               obj/stats.o
allTasksLinked      0x8               obj/task.o
TaskArray           0x80              obj/task.o
Stack5              0x578             obj/main.o
task1_factorial     0x4               obj/main.o
StatTaskStack       0x190             obj/stats.o
heap1               0x3eb             obj/heap.o
heap                0x4               obj/heap.o
Stack1              0x578             obj/main.o
lr                  0x4               obj/port.o
task6Q              0x4               obj/main.o
IdleStack           0x258             obj/task.o
s                   0x4               obj/main.o
r2                  0x4               obj/port.o
Stack6              0x578             obj/main.o
pc                  0x4               obj/port.o
psr                 0x4               obj/port.o
UARTx               0x4               obj/main.o
ReadyTaskBitmap     0x4               obj/task.o
r12                 0x4               obj/port.o
Stack4              0x578             obj/main.o
r1                  0x4               obj/port.o
stat_counter_not_ready
                    0x1               obj/stats.o

Discarded input sections

 .data          0x00000000        0x0 obj/cr_startup_lpc17.o
 .bss           0x00000000        0x0 obj/cr_startup_lpc17.o
 .bss           0x00000000        0x0 obj/system_LPC17xx.o
 .text          0x00000000      0x280 obj/core_cm3.o
 .data          0x00000000        0x0 obj/core_cm3.o
 .bss           0x00000000        0x0 obj/core_cm3.o
 .debug_info    0x00000000      0x52b obj/core_cm3.o
 .debug_abbrev  0x00000000       0xae obj/core_cm3.o
 .debug_aranges
                0x00000000       0x20 obj/core_cm3.o
 .debug_line    0x00000000      0x139 obj/core_cm3.o
 .debug_str     0x00000000      0x2ec obj/core_cm3.o
 .comment       0x00000000       0x71 obj/core_cm3.o
 .debug_frame   0x00000000      0x320 obj/core_cm3.o
 .ARM.attributes
                0x00000000       0x33 obj/core_cm3.o
 .data          0x00000000        0x0 obj/lpc17xx_timer.o
 .bss           0x00000000        0x0 obj/lpc17xx_timer.o
 .data          0x00000000        0x0 obj/lpc17xx_clkpwr.o
 .bss           0x00000000        0x0 obj/lpc17xx_clkpwr.o
 .data          0x00000000        0x0 obj/lpc17xx_libcfg_default.o
 .bss           0x00000000        0x0 obj/lpc17xx_libcfg_default.o
 .text          0x00000000      0x234 obj/lpc17xx_pinsel.o
 .data          0x00000000        0x0 obj/lpc17xx_pinsel.o
 .bss           0x00000000        0x0 obj/lpc17xx_pinsel.o
 .debug_info    0x00000000      0x463 obj/lpc17xx_pinsel.o
 .debug_abbrev  0x00000000      0x13e obj/lpc17xx_pinsel.o
 .debug_aranges
                0x00000000       0x20 obj/lpc17xx_pinsel.o
 .debug_line    0x00000000      0x179 obj/lpc17xx_pinsel.o
 .debug_str     0x00000000      0x40b obj/lpc17xx_pinsel.o
 .comment       0x00000000       0x71 obj/lpc17xx_pinsel.o
 .debug_frame   0x00000000       0xfc obj/lpc17xx_pinsel.o
 .ARM.attributes
                0x00000000       0x33 obj/lpc17xx_pinsel.o
 .text          0x00000000      0x82c obj/lpc17xx_gpio.o
 .data          0x00000000        0x0 obj/lpc17xx_gpio.o
 .bss           0x00000000        0x0 obj/lpc17xx_gpio.o
 .debug_info    0x00000000      0xd4a obj/lpc17xx_gpio.o
 .debug_abbrev  0x00000000      0x20c obj/lpc17xx_gpio.o
 .debug_aranges
                0x00000000       0x20 obj/lpc17xx_gpio.o
 .debug_line    0x00000000      0x282 obj/lpc17xx_gpio.o
 .debug_str     0x00000000      0x602 obj/lpc17xx_gpio.o
 .comment       0x00000000       0x71 obj/lpc17xx_gpio.o
 .debug_frame   0x00000000      0x428 obj/lpc17xx_gpio.o
 .ARM.attributes
                0x00000000       0x33 obj/lpc17xx_gpio.o
 .data          0x00000000        0x0 obj/lpc17xx_uart.o
 .bss           0x00000000        0x0 obj/lpc17xx_uart.o
 .data          0x00000000        0x0 obj/main.o
 .data          0x00000000        0x0 obj/heap.o
 .data          0x00000000        0x0 obj/hooks.o
 .bss           0x00000000        0x0 obj/hooks.o
 .data          0x00000000        0x0 obj/kernel.o
 .data          0x00000000        0x0 obj/message_queue.o
 .bss           0x00000000        0x0 obj/message_queue.o
 .data          0x00000000        0x0 obj/port.o
 .bss           0x00000000        0x0 obj/port.o
 .data          0x00000000        0x0 obj/sem.o
 .bss           0x00000000        0x0 obj/sem.o
 .data          0x00000000        0x0 obj/stats.o
 .data          0x00000000        0x0 obj/task.o
 .data          0x00000000        0x0 obj/time.o
 COMMON         0x00000000      0x190 obj/time.o
 .data          0x00000000        0x0 obj/wait_queue.o
 .bss           0x00000000        0x0 obj/wait_queue.o
 .data          0x00000000        0x0 /usr/bin/../lib/gcc/arm-none-eabi/4.9.3/armv7-m/libgcc.a(_arm_addsubsf3.o)
 .bss           0x00000000        0x0 /usr/bin/../lib/gcc/arm-none-eabi/4.9.3/armv7-m/libgcc.a(_arm_addsubsf3.o)
 .data          0x00000000        0x0 /usr/bin/../lib/gcc/arm-none-eabi/4.9.3/armv7-m/libgcc.a(_arm_muldivsf3.o)
 .bss           0x00000000        0x0 /usr/bin/../lib/gcc/arm-none-eabi/4.9.3/armv7-m/libgcc.a(_arm_muldivsf3.o)
 .data          0x00000000        0x0 /usr/bin/../lib/gcc/arm-none-eabi/4.9.3/armv7-m/libgcc.a(_aeabi_uldivmod.o)
 .bss           0x00000000        0x0 /usr/bin/../lib/gcc/arm-none-eabi/4.9.3/armv7-m/libgcc.a(_aeabi_uldivmod.o)
 .data          0x00000000        0x0 /usr/bin/../lib/gcc/arm-none-eabi/4.9.3/armv7-m/libgcc.a(bpabi.o)
 .bss           0x00000000        0x0 /usr/bin/../lib/gcc/arm-none-eabi/4.9.3/armv7-m/libgcc.a(bpabi.o)
 .data          0x00000000        0x0 /usr/bin/../lib/gcc/arm-none-eabi/4.9.3/armv7-m/libgcc.a(_dvmd_tls.o)
 .bss           0x00000000        0x0 /usr/bin/../lib/gcc/arm-none-eabi/4.9.3/armv7-m/libgcc.a(_dvmd_tls.o)
 .data          0x00000000        0x0 /usr/bin/../lib/gcc/arm-none-eabi/4.9.3/armv7-m/libgcc.a(_divdi3.o)
 .bss           0x00000000        0x0 /usr/bin/../lib/gcc/arm-none-eabi/4.9.3/armv7-m/libgcc.a(_divdi3.o)
 .ARM.extab     0x00000000        0x0 /usr/bin/../lib/gcc/arm-none-eabi/4.9.3/armv7-m/libgcc.a(_divdi3.o)
 .data          0x00000000        0x0 /usr/bin/../lib/gcc/arm-none-eabi/4.9.3/armv7-m/libgcc.a(_udivdi3.o)
 .bss           0x00000000        0x0 /usr/bin/../lib/gcc/arm-none-eabi/4.9.3/armv7-m/libgcc.a(_udivdi3.o)
 .ARM.extab     0x00000000        0x0 /usr/bin/../lib/gcc/arm-none-eabi/4.9.3/armv7-m/libgcc.a(_udivdi3.o)

Memory Configuration

Name             Origin             Length             Attributes
rom              0x00000000         0x00080000         xr
ram              0x10004000         0x00008000         xrw
ram1             0x2007c000         0x00008000         xrw
*default*        0x00000000         0xffffffff

Linker script and memory map

LOAD obj/cr_startup_lpc17.o
LOAD obj/system_LPC17xx.o
LOAD obj/core_cm3.o
LOAD obj/lpc17xx_timer.o
LOAD obj/lpc17xx_clkpwr.o
LOAD obj/lpc17xx_libcfg_default.o
LOAD obj/lpc17xx_pinsel.o
LOAD obj/lpc17xx_gpio.o
LOAD obj/lpc17xx_uart.o
LOAD obj/main.o
LOAD obj/heap.o
LOAD obj/hooks.o
LOAD obj/kernel.o
LOAD obj/message_queue.o
LOAD obj/port.o
LOAD obj/sem.o
LOAD obj/stats.o
LOAD obj/task.o
LOAD obj/time.o
LOAD obj/wait_queue.o
                0x10008000                _eram = 0x10008000

.text           0x00000000     0x4bb0
 *(.isr_vector .isr_vector.*)
 .isr_vector    0x00000000       0xcc obj/cr_startup_lpc17.o
                0x00000000                g_pfnVectors
 *(.text .text.* .gnu.linkonce.t.*)
 .text          0x000000cc       0x64 obj/cr_startup_lpc17.o
                0x000000cc                Reset_Handler
                0x000000cc                Default_Reset_Handler
                0x00000120                TIMER2_IRQHandler
                0x00000120                DebugMon_Handler
                0x00000120                RIT_IRQHandler
                0x00000120                I2C0_IRQHandler
                0x00000120                SysTick_Handler
                0x00000120                USBActivity_IRQHandler
                0x00000120                PWM1_IRQHandler
                0x00000120                PendSV_Handler
                0x00000120                NMI_Handler
                0x00000120                I2C1_IRQHandler
                0x00000120                EINT2_IRQHandler
                0x00000120                UART1_IRQHandler
                0x00000120                EINT3_IRQHandler
                0x00000120                CANActivity_IRQHandler
                0x00000120                TIMER3_IRQHandler
                0x00000120                UART0_IRQHandler
                0x00000120                UsageFault_Handler
                0x00000120                PLL0_IRQHandler
                0x00000120                CAN_IRQHandler
                0x00000120                PLL1_IRQHandler
                0x00000120                SSP0_IRQHandler
                0x00000120                I2S_IRQHandler
                0x00000120                I2C2_IRQHandler
                0x00000120                RTC_IRQHandler
                0x00000120                TIMER0_IRQHandler
                0x00000120                SPI_IRQHandler
                0x00000120                EINT1_IRQHandler
                0x00000120                TIMER1_IRQHandler
                0x00000120                UART2_IRQHandler
                0x00000120                ADC_IRQHandler
                0x00000120                SSP1_IRQHandler
                0x00000120                USB_IRQHandler
                0x00000120                BOD_IRQHandler
                0x00000120                MemManage_Handler
                0x00000120                WDT_IRQHandler
                0x00000120                SVC_Handler
                0x00000120                QEI_IRQHandler
                0x00000120                EINT0_IRQHandler
                0x00000120                DMA_IRQHandler
                0x00000120                BusFault_Handler
                0x00000120                MCPWM_IRQHandler
                0x00000120                ENET_IRQHandler
 .text          0x00000130      0x2b4 obj/system_LPC17xx.o
                0x00000130                SystemCoreClockUpdate
                0x00000294                SystemInit
 .text          0x000003e4      0x9d8 obj/lpc17xx_timer.o
                0x000004fc                TIM_GetIntStatus
                0x00000594                TIM_GetIntCaptureStatus
                0x00000630                TIM_ClearIntPending
                0x000006b8                TIM_ClearIntCapturePending
                0x00000744                TIM_ConfigStructInit
                0x0000077c                TIM_Init
                0x000008fc                TIM_DeInit
                0x00000994                TIM_Cmd
                0x00000a00                TIM_ResetCounter
                0x00000a60                TIM_ConfigMatch
                0x00000be4                TIM_UpdateMatchValue
                0x00000c70                TIM_ConfigCapture
                0x00000d48                TIM_GetCaptureValue
 .text          0x00000dbc      0x21c obj/lpc17xx_clkpwr.o
                0x00000dcc                CLKPWR_SetPCLKDiv
                0x00000e58                CLKPWR_GetPCLKSEL
                0x00000ea4                CLKPWR_GetPCLK
                0x00000f08                CLKPWR_ConfigPPWR
                0x00000f60                CLKPWR_Sleep
                0x00000f78                CLKPWR_DeepSleep
                0x00000f98                CLKPWR_PowerDown
                0x00000fb8                CLKPWR_DeepPowerDown
 .text          0x00000fd8        0xc obj/lpc17xx_libcfg_default.o
                0x00000fd8                check_failed
 .text          0x00000fe4     0x14b4 obj/lpc17xx_uart.o
                0x000011f8                UART_Init
                0x000014dc                UART_DeInit
                0x00001574                UART_ConfigStructInit
                0x000015a0                UART_SendByte
                0x00001608                UART_ReceiveByte
                0x0000166c                UART_Send
                0x00001754                UART_Receive
                0x0000180c                UART_ForceBreak
                0x00001884                UART_IntConfig
                0x00001a18                UART_GetLineStatus
                0x00001a7c                UART_GetIntId
                0x00001ad4                UART_CheckBusy
                0x00001afc                UART_FIFOConfig
                0x00001c54                UART_FIFOConfigStructInit
                0x00001c80                UART_ABCmd
                0x00001db4                UART_ABClearIntPending
                0x00001e28                UART_TxCmd
                0x00001ef0                UART_IrDAInvtInputCmd
                0x00001f68                UART_IrDACmd
                0x00001fdc                UART_IrDAPulseDivConfig
                0x00002078                UART_FullModemForcePinState
                0x00002124                UART_FullModemConfigMode
                0x000021dc                UART_FullModemGetStatus
                0x0000220c                UART_RS485Config
                0x00002390                UART_RS485ReceiverCmd
                0x000023d8                UART_RS485Send
                0x00002454                UART_RS485SendSlvAddr
                0x00002474                UART_RS485SendData
 .text          0x00002498      0x68c obj/main.o
                0x00002528                main
                0x00002644                Task1
                0x000026b0                Task2
                0x000027a4                Task3
                0x00002864                Task4
                0x00002894                Task5
                0x000028c4                Task6
                0x00002920                Task7
                0x00002968                init_uart
                0x000029ac                PIN_Init
                0x000029cc                UART3_Init
                0x00002a40                UART3_IRQHandler
 .text          0x00002b24      0x178 obj/heap.o
                0x00002b84                heapInit
                0x00002bcc                heapMalloc
                0x00002c4c                heapFree
                0x00002c60                heapGetHeapSize
 .text          0x00002c9c       0x18 obj/hooks.o
                0x00002c9c                idleTaskHook
                0x00002ca8                contextSwitchHook
 .text          0x00002cb4      0x1a0 obj/kernel.o
                0x00002d14                kernel_init
                0x00002d2c                kernel_start
                0x00002d84                kernel_schedule
                0x00002e00                kernel_yield
 .text          0x00002e54      0x340 obj/message_queue.o
                0x00002ed8                queue_create
                0x00002f7c                queue_delete
                0x00002f90                queue_sendToTail
                0x00003034                queue_receive
                0x000030e0                queue_peek
                0x00003124                queueGetNumberOfMessages
 .text          0x00003194      0x380 obj/port.o
                0x00003218                port_sleep
                0x00003230                portMemcpy
                0x0000327c                StkInit
                0x000032f0                OSStartFirstTask
                0x00003304                start_first_task
                0x00003328                OSTickStart
                0x00003340                OSTickStop
                0x0000335c                OSTickConfig
                0x000033a0                prvGetRegistersFromStack
                0x0000340c                cpsie
                0x0000341c                cpsid
                0x0000342c                context_switch
                0x0000345c                hw_init
                0x00003484                HardFault_Handler
                0x00003498                port_reset_stat_timer_val
                0x000034a8                port_stat_timer_init
                0x00003500                port_get_stat_timer_val
 .text          0x00003514      0x1b0 obj/sem.o
                0x00003598                sem_init
                0x000035c8                sem_free
                0x000035dc                sem_get
                0x0000366c                sem_release
 .text          0x000036c4      0x1b4 obj/stats.o
                0x000036e4                StatTask
                0x000037ec                statsInit
                0x00003814                stats_calculate_idleMax
                0x00003854                getCpuUtilization
                0x0000386c                stats_hook
 .text          0x00003878      0x434 obj/task.o
                0x00003928                tasksInit
                0x00003994                task_create
                0x00003ab4                getTCBbyPrio
                0x00003ae0                prioEnable
                0x00003b54                taskEnable
                0x00003bcc                prioDisable
                0x00003c4c                idleTaskInit
 .text          0x00003cac      0x1e0 obj/time.o
                0x00003d98                OSTick
                0x00003e10                timeDelay
                0x00003e74                getTickCount
 .text          0x00003e8c      0x250 obj/wait_queue.o
                0x00003ff8                addTaskToWaitQueue
                0x0000403c                removeTaskFromWaitQueue
                0x0000409c                removeHeadFromWaitQueue
 .text          0x000040dc      0x21c /usr/bin/../lib/gcc/arm-none-eabi/4.9.3/armv7-m/libgcc.a(_arm_addsubsf3.o)
                0x000040dc                __aeabi_frsub
                0x000040e4                __subsf3
                0x000040e4                __aeabi_fsub
                0x000040e8                __aeabi_fadd
                0x000040e8                __addsf3
                0x00004248                __aeabi_ui2f
                0x00004248                __floatunsisf
                0x00004250                __aeabi_i2f
                0x00004250                __floatsisf
                0x0000426c                __floatundisf
                0x0000426c                __aeabi_ul2f
                0x0000427c                __floatdisf
                0x0000427c                __aeabi_l2f
 .text          0x000042f8      0x2a0 /usr/bin/../lib/gcc/arm-none-eabi/4.9.3/armv7-m/libgcc.a(_arm_muldivsf3.o)
                0x000042f8                __mulsf3
                0x000042f8                __aeabi_fmul
                0x00004460                __divsf3
                0x00004460                __aeabi_fdiv
 .text          0x00004598       0x30 /usr/bin/../lib/gcc/arm-none-eabi/4.9.3/armv7-m/libgcc.a(_aeabi_uldivmod.o)
                0x00004598                __aeabi_uldivmod
 .text          0x000045c8       0x60 /usr/bin/../lib/gcc/arm-none-eabi/4.9.3/armv7-m/libgcc.a(bpabi.o)
                0x000045c8                __gnu_ldivmod_helper
                0x000045f8                __gnu_uldivmod_helper
 .text          0x00004628        0x4 /usr/bin/../lib/gcc/arm-none-eabi/4.9.3/armv7-m/libgcc.a(_dvmd_tls.o)
                0x00004628                __aeabi_ldiv0
                0x00004628                __aeabi_idiv0
 .text          0x0000462c      0x2ac /usr/bin/../lib/gcc/arm-none-eabi/4.9.3/armv7-m/libgcc.a(_divdi3.o)
                0x0000462c                __divdi3
 .text          0x000048d8      0x270 /usr/bin/../lib/gcc/arm-none-eabi/4.9.3/armv7-m/libgcc.a(_udivdi3.o)
                0x000048d8                __udivdi3
 *(.glue_7t)
 .glue_7t       0x00000000        0x0 linker stubs
 *(.glue_7)
 .glue_7        0x00000000        0x0 linker stubs
 *(.rodata .rodata* .gnu.linkonce.r.*)
 .rodata        0x00004b48       0x2d obj/lpc17xx_timer.o
 *fill*         0x00004b75        0x3 
 .rodata        0x00004b78       0x2c obj/lpc17xx_uart.o
 .rodata        0x00004ba4        0xc obj/main.o

.vfp11_veneer   0x00004bb0        0x0
 .vfp11_veneer  0x00000000        0x0 linker stubs

.v4_bx          0x00004bb0        0x0
 .v4_bx         0x00000000        0x0 linker stubs

.iplt           0x00004bb0        0x0
 .iplt          0x00000000        0x0 obj/cr_startup_lpc17.o

.ARM.extab
 *(.ARM.extab* .gnu.linkonce.armextab.*)
                0x00004bb0                __exidx_start = .

.ARM.exidx      0x00004bb0        0x8
 *(.ARM.exidx* .gnu.linkonce.armexidx.*)
 .ARM.exidx     0x00004bb0        0x8 /usr/bin/../lib/gcc/arm-none-eabi/4.9.3/armv7-m/libgcc.a(_divdi3.o)
 .ARM.exidx     0x00004bb8        0x0 /usr/bin/../lib/gcc/arm-none-eabi/4.9.3/armv7-m/libgcc.a(_udivdi3.o)
                                  0x8 (size before relaxing)
                0x00004bb8                __exidx_end = .

.rel.dyn        0x00004bb8        0x0
 .rel.iplt      0x00000000        0x0 obj/cr_startup_lpc17.o
                0x00004bb8                . = ALIGN (0x4)
                0x00004bb8                _etext = .
                0x00004bb8                _sidata = .

.data           0x10004000        0x4 load address 0x00004bb8
                0x10004000                _sdata = .
 *(.data .data.*)
 .data          0x10004000        0x4 obj/system_LPC17xx.o
                0x10004000                SystemCoreClock
                0x10004004                . = ALIGN (0x4)
                0x10004004                _edata = .

.igot.plt       0x10004004        0x0 load address 0x00004bbc
 .igot.plt      0x00000000        0x0 obj/cr_startup_lpc17.o

.bss            0x10004004     0x3154 load address 0x00004bbc
                0x10004004                _sbss = .
 *(.bss .bss.*)
 .bss           0x10004004       0x15 obj/main.o
                0x10004004                rxBuf
                0x10004014                rxCnt
                0x10004018                rxFlag
 *fill*         0x10004019        0x3 
 .bss           0x1000401c        0x8 obj/heap.o
 .bss           0x10004024        0x9 obj/kernel.o
                0x10004024                criticalNesting
                0x10004028                interruptNesting
                0x1000402c                kernel_running
 *fill*         0x1000402d        0x3 
 .bss           0x10004030        0x4 obj/stats.o
 .bss           0x10004034        0x8 obj/task.o
                0x10004034                idleCounter
                0x10004038                number_of_tasks
 .bss           0x1000403c       0x10 obj/time.o
                0x10004048                i
 *(COMMON)
 COMMON         0x1000404c     0x265c obj/main.o
                0x1000404c                Stack3
                0x100045c4                Stack7
                0x10004b3c                fact_result
                0x10004b40                Stack2
                0x100050b8                Stack5
                0x10005630                task1_factorial
                0x10005634                Stack1
                0x10005bac                task6Q
                0x10005bb0                s
                0x10005bb4                Stack6
                0x1000612c                UARTx
                0x10006130                Stack4
 COMMON         0x100066a8      0x3f0 obj/heap.o
                0x100066a8                heap1
                0x10006a94                heap
 COMMON         0x10006a98       0x20 obj/port.o
                0x10006a98                r3
                0x10006a9c                r0
                0x10006aa0                lr
                0x10006aa4                r2
                0x10006aa8                pc
                0x10006aac                psr
                0x10006ab0                r12
                0x10006ab4                r1
 COMMON         0x10006ab8      0x32d obj/stats.o
                0x10006ab8                stat_idle_counter_ready
                0x10006abc                utilizations
                0x10006c4c                stat_calibration
                0x10006c50                idleCounter_Max
                0x10006c54                StatTaskStack
                0x10006de4                stat_counter_not_ready
 *fill*         0x10006de5        0x3 
 COMMON         0x10006de8      0x370 obj/task.o
                0x10006de8                highestTCB
                0x10006dec                currentTCB
                0x10006df0                always_true
                0x10006df4                ReadyArray
                0x10006e74                allTasksLinked
                0x10006e7c                TaskArray
                0x10006efc                IdleStack
                0x10007154                ReadyTaskBitmap
                0x10007158                . = ALIGN (0x4)
                0x10007158                _ebss = .

.co_stack       0x10007158      0x400 load address 0x00007d10
                0x10007158                . = ALIGN (0x8)
 *(.co_stack .co_stack.*)
 .co_stack      0x10007158      0x400 obj/cr_startup_lpc17.o
                0x10007158                pulStack
                0x10007558                . = ALIGN (0x4)
                0x10007558                _end = .
LOAD /usr/bin/../lib/gcc/arm-none-eabi/4.9.3/../../../../arm-none-eabi/lib/armv7-m/libc.a
START GROUP
LOAD /usr/bin/../lib/gcc/arm-none-eabi/4.9.3/armv7-m/libgcc.a
LOAD /usr/bin/../lib/gcc/arm-none-eabi/4.9.3/../../../../arm-none-eabi/lib/armv7-m/libg.a
LOAD /usr/bin/../lib/gcc/arm-none-eabi/4.9.3/../../../../arm-none-eabi/lib/armv7-m/libc.a
END GROUP
OUTPUT(bin/uKernel.elf elf32-littlearm)

.debug_info     0x00000000     0x670f
 .debug_info    0x00000000       0xed obj/cr_startup_lpc17.o
 .debug_info    0x000000ed      0x483 obj/system_LPC17xx.o
 .debug_info    0x00000570      0x81c obj/lpc17xx_timer.o
 .debug_info    0x00000d8c      0x5cf obj/lpc17xx_clkpwr.o
 .debug_info    0x0000135b       0xd7 obj/lpc17xx_libcfg_default.o
 .debug_info    0x00001432     0x1065 obj/lpc17xx_uart.o
 .debug_info    0x00002497     0x11fd obj/main.o
 .debug_info    0x00003694      0x35c obj/heap.o
 .debug_info    0x000039f0       0x79 obj/hooks.o
 .debug_info    0x00003a69      0x480 obj/kernel.o
 .debug_info    0x00003ee9      0x4e6 obj/message_queue.o
 .debug_info    0x000043cf      0xc7b obj/port.o
 .debug_info    0x0000504a      0x3bd obj/sem.o
 .debug_info    0x00005407      0x39a obj/stats.o
 .debug_info    0x000057a1      0x5a3 obj/task.o
 .debug_info    0x00005d44      0x51b obj/time.o
 .debug_info    0x0000625f      0x4b0 obj/wait_queue.o

.debug_abbrev   0x00000000     0x1b1d
 .debug_abbrev  0x00000000       0xa9 obj/cr_startup_lpc17.o
 .debug_abbrev  0x000000a9       0xe7 obj/system_LPC17xx.o
 .debug_abbrev  0x00000190      0x1f5 obj/lpc17xx_timer.o
 .debug_abbrev  0x00000385      0x1b9 obj/lpc17xx_clkpwr.o
 .debug_abbrev  0x0000053e       0x69 obj/lpc17xx_libcfg_default.o
 .debug_abbrev  0x000005a7      0x20e obj/lpc17xx_uart.o
 .debug_abbrev  0x000007b5      0x2ff obj/main.o
 .debug_abbrev  0x00000ab4      0x1ab obj/heap.o
 .debug_abbrev  0x00000c5f       0x42 obj/hooks.o
 .debug_abbrev  0x00000ca1      0x18f obj/kernel.o
 .debug_abbrev  0x00000e30      0x1be obj/message_queue.o
 .debug_abbrev  0x00000fee      0x2c9 obj/port.o
 .debug_abbrev  0x000012b7      0x183 obj/sem.o
 .debug_abbrev  0x0000143a      0x18a obj/stats.o
 .debug_abbrev  0x000015c4      0x21e obj/task.o
 .debug_abbrev  0x000017e2      0x1a4 obj/time.o
 .debug_abbrev  0x00001986      0x197 obj/wait_queue.o

.debug_aranges  0x00000000      0x220
 .debug_aranges
                0x00000000       0x20 obj/cr_startup_lpc17.o
 .debug_aranges
                0x00000020       0x20 obj/system_LPC17xx.o
 .debug_aranges
                0x00000040       0x20 obj/lpc17xx_timer.o
 .debug_aranges
                0x00000060       0x20 obj/lpc17xx_clkpwr.o
 .debug_aranges
                0x00000080       0x20 obj/lpc17xx_libcfg_default.o
 .debug_aranges
                0x000000a0       0x20 obj/lpc17xx_uart.o
 .debug_aranges
                0x000000c0       0x20 obj/main.o
 .debug_aranges
                0x000000e0       0x20 obj/heap.o
 .debug_aranges
                0x00000100       0x20 obj/hooks.o
 .debug_aranges
                0x00000120       0x20 obj/kernel.o
 .debug_aranges
                0x00000140       0x20 obj/message_queue.o
 .debug_aranges
                0x00000160       0x20 obj/port.o
 .debug_aranges
                0x00000180       0x20 obj/sem.o
 .debug_aranges
                0x000001a0       0x20 obj/stats.o
 .debug_aranges
                0x000001c0       0x20 obj/task.o
 .debug_aranges
                0x000001e0       0x20 obj/time.o
 .debug_aranges
                0x00000200       0x20 obj/wait_queue.o

.debug_line     0x00000000     0x1d08
 .debug_line    0x00000000       0x76 obj/cr_startup_lpc17.o
 .debug_line    0x00000076      0x150 obj/system_LPC17xx.o
 .debug_line    0x000001c6      0x3d1 obj/lpc17xx_timer.o
 .debug_line    0x00000597      0x1a4 obj/lpc17xx_clkpwr.o
 .debug_line    0x0000073b       0xcd obj/lpc17xx_libcfg_default.o
 .debug_line    0x00000808      0x68f obj/lpc17xx_uart.o
 .debug_line    0x00000e97      0x2d6 obj/main.o
 .debug_line    0x0000116d       0xfa obj/heap.o
 .debug_line    0x00001267       0x4a obj/hooks.o
 .debug_line    0x000012b1      0x14d obj/kernel.o
 .debug_line    0x000013fe      0x139 obj/message_queue.o
 .debug_line    0x00001537      0x1e5 obj/port.o
 .debug_line    0x0000171c      0x105 obj/sem.o
 .debug_line    0x00001821      0x103 obj/stats.o
 .debug_line    0x00001924      0x15b obj/task.o
 .debug_line    0x00001a7f      0x16a obj/time.o
 .debug_line    0x00001be9      0x11f obj/wait_queue.o

.debug_str      0x00000000     0x21b6
 .debug_str     0x00000000      0x150 obj/cr_startup_lpc17.o
                                0x162 (size before relaxing)
 .debug_str     0x00000150      0x267 obj/system_LPC17xx.o
                                0x370 (size before relaxing)
 .debug_str     0x000003b7      0x496 obj/lpc17xx_timer.o
                                0x644 (size before relaxing)
 .debug_str     0x0000084d       0xe1 obj/lpc17xx_clkpwr.o
                                0x432 (size before relaxing)
 .debug_str     0x0000092e       0x4d obj/lpc17xx_libcfg_default.o
                                0x1b2 (size before relaxing)
 .debug_str     0x0000097b      0x99d obj/lpc17xx_uart.o
                                0xbe4 (size before relaxing)
 .debug_str     0x00001318      0x825 obj/main.o
                                0xcb5 (size before relaxing)
 .debug_str     0x00001b3d       0x73 obj/heap.o
                                0x33b (size before relaxing)
 .debug_str     0x00001bb0       0x39 obj/hooks.o
                                0x132 (size before relaxing)
 .debug_str     0x00001be9       0x6a obj/kernel.o
                                0x3a6 (size before relaxing)
 .debug_str     0x00001c53       0xa3 obj/message_queue.o
                                0x412 (size before relaxing)
 .debug_str     0x00001cf6      0x1a4 obj/port.o
                                0x8cc (size before relaxing)
 .debug_str     0x00001e9a       0x44 obj/sem.o
                                0x38c (size before relaxing)
 .debug_str     0x00001ede      0x100 obj/stats.o
                                0x3bb (size before relaxing)
 .debug_str     0x00001fde       0xe8 obj/task.o
                                0x438 (size before relaxing)
 .debug_str     0x000020c6       0x6a obj/time.o
                                0x3df (size before relaxing)
 .debug_str     0x00002130       0x86 obj/wait_queue.o
                                0x3ef (size before relaxing)

.comment        0x00000000       0x70
 .comment       0x00000000       0x70 obj/cr_startup_lpc17.o
                                 0x71 (size before relaxing)
 .comment       0x00000000       0x71 obj/system_LPC17xx.o
 .comment       0x00000000       0x71 obj/lpc17xx_timer.o
 .comment       0x00000000       0x71 obj/lpc17xx_clkpwr.o
 .comment       0x00000000       0x71 obj/lpc17xx_libcfg_default.o
 .comment       0x00000000       0x71 obj/lpc17xx_uart.o
 .comment       0x00000000       0x71 obj/main.o
 .comment       0x00000000       0x71 obj/heap.o
 .comment       0x00000000       0x71 obj/hooks.o
 .comment       0x00000000       0x71 obj/kernel.o
 .comment       0x00000000       0x71 obj/message_queue.o
 .comment       0x00000000       0x71 obj/port.o
 .comment       0x00000000       0x71 obj/sem.o
 .comment       0x00000000       0x71 obj/stats.o
 .comment       0x00000000       0x71 obj/task.o
 .comment       0x00000000       0x71 obj/time.o
 .comment       0x00000000       0x71 obj/wait_queue.o

.ARM.attributes
                0x00000000       0x33
 .ARM.attributes
                0x00000000       0x33 obj/cr_startup_lpc17.o
 .ARM.attributes
                0x00000033       0x33 obj/system_LPC17xx.o
 .ARM.attributes
                0x00000066       0x33 obj/lpc17xx_timer.o
 .ARM.attributes
                0x00000099       0x33 obj/lpc17xx_clkpwr.o
 .ARM.attributes
                0x000000cc       0x33 obj/lpc17xx_libcfg_default.o
 .ARM.attributes
                0x000000ff       0x33 obj/lpc17xx_uart.o
 .ARM.attributes
                0x00000132       0x33 obj/main.o
 .ARM.attributes
                0x00000165       0x33 obj/heap.o
 .ARM.attributes
                0x00000198       0x33 obj/hooks.o
 .ARM.attributes
                0x000001cb       0x33 obj/kernel.o
 .ARM.attributes
                0x000001fe       0x33 obj/message_queue.o
 .ARM.attributes
                0x00000231       0x33 obj/port.o
 .ARM.attributes
                0x00000264       0x33 obj/sem.o
 .ARM.attributes
                0x00000297       0x33 obj/stats.o
 .ARM.attributes
                0x000002ca       0x33 obj/task.o
 .ARM.attributes
                0x000002fd       0x33 obj/time.o
 .ARM.attributes
                0x00000330       0x33 obj/wait_queue.o
 .ARM.attributes
                0x00000363       0x1d /usr/bin/../lib/gcc/arm-none-eabi/4.9.3/armv7-m/libgcc.a(_arm_addsubsf3.o)
 .ARM.attributes
                0x00000380       0x1d /usr/bin/../lib/gcc/arm-none-eabi/4.9.3/armv7-m/libgcc.a(_arm_muldivsf3.o)
 .ARM.attributes
                0x0000039d       0x1d /usr/bin/../lib/gcc/arm-none-eabi/4.9.3/armv7-m/libgcc.a(_aeabi_uldivmod.o)
 .ARM.attributes
                0x000003ba       0x2d /usr/bin/../lib/gcc/arm-none-eabi/4.9.3/armv7-m/libgcc.a(bpabi.o)
 .ARM.attributes
                0x000003e7       0x1d /usr/bin/../lib/gcc/arm-none-eabi/4.9.3/armv7-m/libgcc.a(_dvmd_tls.o)
 .ARM.attributes
                0x00000404       0x2d /usr/bin/../lib/gcc/arm-none-eabi/4.9.3/armv7-m/libgcc.a(_divdi3.o)
 .ARM.attributes
                0x00000431       0x2d /usr/bin/../lib/gcc/arm-none-eabi/4.9.3/armv7-m/libgcc.a(_udivdi3.o)

.debug_frame    0x00000000     0x18f8
 .debug_frame   0x00000000       0x4c obj/cr_startup_lpc17.o
 .debug_frame   0x0000004c       0x50 obj/system_LPC17xx.o
 .debug_frame   0x0000009c      0x258 obj/lpc17xx_timer.o
 .debug_frame   0x000002f4      0x13c obj/lpc17xx_clkpwr.o
 .debug_frame   0x00000430       0x2c obj/lpc17xx_libcfg_default.o
 .debug_frame   0x0000045c      0x43c obj/lpc17xx_uart.o
 .debug_frame   0x00000898      0x228 obj/main.o
 .debug_frame   0x00000ac0      0x104 obj/heap.o
 .debug_frame   0x00000bc4       0x50 obj/hooks.o
 .debug_frame   0x00000c14       0xe0 obj/kernel.o
 .debug_frame   0x00000cf4      0x198 obj/message_queue.o
 .debug_frame   0x00000e8c      0x28c obj/port.o
 .debug_frame   0x00001118      0x128 obj/sem.o
 .debug_frame   0x00001240       0xd8 obj/stats.o
 .debug_frame   0x00001318      0x208 obj/task.o
 .debug_frame   0x00001520      0x110 obj/time.o
 .debug_frame   0x00001630      0x1e4 obj/wait_queue.o
 .debug_frame   0x00001814       0x28 /usr/bin/../lib/gcc/arm-none-eabi/4.9.3/armv7-m/libgcc.a(_aeabi_uldivmod.o)
 .debug_frame   0x0000183c       0x54 /usr/bin/../lib/gcc/arm-none-eabi/4.9.3/armv7-m/libgcc.a(bpabi.o)
 .debug_frame   0x00001890       0x34 /usr/bin/../lib/gcc/arm-none-eabi/4.9.3/armv7-m/libgcc.a(_divdi3.o)
 .debug_frame   0x000018c4       0x34 /usr/bin/../lib/gcc/arm-none-eabi/4.9.3/armv7-m/libgcc.a(_udivdi3.o)
