Archive member included because of file (symbol)

/usr/bin/../lib/gcc/arm-none-eabi/4.9.3/armv7-m/libgcc.a(_arm_addsubsf3.o)
                              obj/stats.o (__aeabi_fsub)
/usr/bin/../lib/gcc/arm-none-eabi/4.9.3/armv7-m/libgcc.a(_arm_muldivsf3.o)
                              obj/stats.o (__aeabi_fmul)
/usr/bin/../lib/gcc/arm-none-eabi/4.9.3/armv7-m/libgcc.a(_aeabi_uldivmod.o)
                              obj/lpc17xx_timer.o (__aeabi_uldivmod)
/usr/bin/../lib/gcc/arm-none-eabi/4.9.3/armv7-m/libgcc.a(bpabi.o)
                              /usr/bin/../lib/gcc/arm-none-eabi/4.9.3/armv7-m/libgcc.a(_aeabi_uldivmod.o) (__gnu_uldivmod_helper)
/usr/bin/../lib/gcc/arm-none-eabi/4.9.3/armv7-m/libgcc.a(_dvmd_tls.o)
                              /usr/bin/../lib/gcc/arm-none-eabi/4.9.3/armv7-m/libgcc.a(_aeabi_uldivmod.o) (__aeabi_ldiv0)
/usr/bin/../lib/gcc/arm-none-eabi/4.9.3/armv7-m/libgcc.a(_divdi3.o)
                              /usr/bin/../lib/gcc/arm-none-eabi/4.9.3/armv7-m/libgcc.a(bpabi.o) (__divdi3)
/usr/bin/../lib/gcc/arm-none-eabi/4.9.3/armv7-m/libgcc.a(_udivdi3.o)
                              /usr/bin/../lib/gcc/arm-none-eabi/4.9.3/armv7-m/libgcc.a(bpabi.o) (__udivdi3)

Allocating common symbols
Common symbol       size              file

Stack3              0x578             obj/main.o
Stack7              0x578             obj/main.o
r3                  0x4               obj/port.o
highestTCB          0x4               obj/task.o
currentTCB          0x4               obj/task.o
always_true         0x1               obj/task.o
stat_idle_counter_ready
                    0x1               obj/stats.o
ReadyArray          0x80              obj/task.o
fact_result         0x4               obj/main.o
r0                  0x4               obj/port.o
utilizations        0x190             obj/stats.o
stat_calibration    0x1               obj/stats.o
Stack2              0x578             obj/main.o
idleCounter_Max     0x4               obj/stats.o
allTasksLinked      0x8               obj/task.o
TaskArray           0x80              obj/task.o
Stack5              0x578             obj/main.o
task1_factorial     0x4               obj/main.o
StatTaskStack       0x190             obj/stats.o
heap1               0x3eb             obj/heap.o
heap                0x4               obj/heap.o
Stack1              0x578             obj/main.o
lr                  0x4               obj/port.o
task6Q              0x4               obj/main.o
IdleStack           0x258             obj/task.o
s                   0x4               obj/main.o
r2                  0x4               obj/port.o
Stack6              0x578             obj/main.o
pc                  0x4               obj/port.o
psr                 0x4               obj/port.o
UARTx               0x4               obj/main.o
ReadyTaskBitmap     0x4               obj/task.o
r12                 0x4               obj/port.o
Stack4              0x578             obj/main.o
r1                  0x4               obj/port.o
stat_counter_not_ready
                    0x1               obj/stats.o

Discarded input sections

 .data          0x00000000        0x0 obj/cr_startup_lpc17.o
 .bss           0x00000000        0x0 obj/cr_startup_lpc17.o
 .bss           0x00000000        0x0 obj/system_LPC17xx.o
 .text          0x00000000      0x280 obj/core_cm3.o
 .data          0x00000000        0x0 obj/core_cm3.o
 .bss           0x00000000        0x0 obj/core_cm3.o
 .debug_info    0x00000000      0x52b obj/core_cm3.o
 .debug_abbrev  0x00000000       0xae obj/core_cm3.o
 .debug_aranges
                0x00000000       0x20 obj/core_cm3.o
 .debug_line    0x00000000      0x139 obj/core_cm3.o
 .debug_str     0x00000000      0x2ec obj/core_cm3.o
 .comment       0x00000000       0x71 obj/core_cm3.o
 .debug_frame   0x00000000      0x320 obj/core_cm3.o
 .ARM.attributes
                0x00000000       0x33 obj/core_cm3.o
 .text          0x00000000      0x9d8 obj/lpc17xx_timer.o
 .data          0x00000000        0x0 obj/lpc17xx_timer.o
 .bss           0x00000000        0x0 obj/lpc17xx_timer.o
 .rodata        0x00000000       0x2d obj/lpc17xx_timer.o
 .debug_info    0x00000000      0x81c obj/lpc17xx_timer.o
 .debug_abbrev  0x00000000      0x1f5 obj/lpc17xx_timer.o
 .debug_aranges
                0x00000000       0x20 obj/lpc17xx_timer.o
 .debug_line    0x00000000      0x3d1 obj/lpc17xx_timer.o
 .debug_str     0x00000000      0x644 obj/lpc17xx_timer.o
 .comment       0x00000000       0x71 obj/lpc17xx_timer.o
 .debug_frame   0x00000000      0x258 obj/lpc17xx_timer.o
 .ARM.attributes
                0x00000000       0x33 obj/lpc17xx_timer.o
 .data          0x00000000        0x0 obj/lpc17xx_clkpwr.o
 .bss           0x00000000        0x0 obj/lpc17xx_clkpwr.o
 .data          0x00000000        0x0 obj/lpc17xx_libcfg_default.o
 .bss           0x00000000        0x0 obj/lpc17xx_libcfg_default.o
 .text          0x00000000      0x234 obj/lpc17xx_pinsel.o
 .data          0x00000000        0x0 obj/lpc17xx_pinsel.o
 .bss           0x00000000        0x0 obj/lpc17xx_pinsel.o
 .debug_info    0x00000000      0x463 obj/lpc17xx_pinsel.o
 .debug_abbrev  0x00000000      0x13e obj/lpc17xx_pinsel.o
 .debug_aranges
                0x00000000       0x20 obj/lpc17xx_pinsel.o
 .debug_line    0x00000000      0x179 obj/lpc17xx_pinsel.o
 .debug_str     0x00000000      0x40b obj/lpc17xx_pinsel.o
 .comment       0x00000000       0x71 obj/lpc17xx_pinsel.o
 .debug_frame   0x00000000       0xfc obj/lpc17xx_pinsel.o
 .ARM.attributes
                0x00000000       0x33 obj/lpc17xx_pinsel.o
 .text          0x00000000      0x82c obj/lpc17xx_gpio.o
 .data          0x00000000        0x0 obj/lpc17xx_gpio.o
 .bss           0x00000000        0x0 obj/lpc17xx_gpio.o
 .debug_info    0x00000000      0xd4a obj/lpc17xx_gpio.o
 .debug_abbrev  0x00000000      0x20c obj/lpc17xx_gpio.o
 .debug_aranges
                0x00000000       0x20 obj/lpc17xx_gpio.o
 .debug_line    0x00000000      0x282 obj/lpc17xx_gpio.o
 .debug_str     0x00000000      0x602 obj/lpc17xx_gpio.o
 .comment       0x00000000       0x71 obj/lpc17xx_gpio.o
 .debug_frame   0x00000000      0x428 obj/lpc17xx_gpio.o
 .ARM.attributes
                0x00000000       0x33 obj/lpc17xx_gpio.o
 .data          0x00000000        0x0 obj/lpc17xx_uart.o
 .bss           0x00000000        0x0 obj/lpc17xx_uart.o
 .data          0x00000000        0x0 obj/main.o
 .data          0x00000000        0x0 obj/heap.o
 .data          0x00000000        0x0 obj/hooks.o
 .bss           0x00000000        0x0 obj/hooks.o
 .data          0x00000000        0x0 obj/kernel.o
 .data          0x00000000        0x0 obj/message_queue.o
 .bss           0x00000000        0x0 obj/message_queue.o
 .data          0x00000000        0x0 obj/port.o
 .bss           0x00000000        0x0 obj/port.o
 .data          0x00000000        0x0 obj/sem.o
 .bss           0x00000000        0x0 obj/sem.o
 .data          0x00000000        0x0 obj/stats.o
 .data          0x00000000        0x0 obj/task.o
 .data          0x00000000        0x0 obj/time.o
 .data          0x00000000        0x0 obj/wait_queue.o
 .bss           0x00000000        0x0 obj/wait_queue.o
 .data          0x00000000        0x0 /usr/bin/../lib/gcc/arm-none-eabi/4.9.3/armv7-m/libgcc.a(_arm_addsubsf3.o)
 .bss           0x00000000        0x0 /usr/bin/../lib/gcc/arm-none-eabi/4.9.3/armv7-m/libgcc.a(_arm_addsubsf3.o)
 .data          0x00000000        0x0 /usr/bin/../lib/gcc/arm-none-eabi/4.9.3/armv7-m/libgcc.a(_arm_muldivsf3.o)
 .bss           0x00000000        0x0 /usr/bin/../lib/gcc/arm-none-eabi/4.9.3/armv7-m/libgcc.a(_arm_muldivsf3.o)
 .text          0x00000000       0x30 /usr/bin/../lib/gcc/arm-none-eabi/4.9.3/armv7-m/libgcc.a(_aeabi_uldivmod.o)
 .data          0x00000000        0x0 /usr/bin/../lib/gcc/arm-none-eabi/4.9.3/armv7-m/libgcc.a(_aeabi_uldivmod.o)
 .bss           0x00000000        0x0 /usr/bin/../lib/gcc/arm-none-eabi/4.9.3/armv7-m/libgcc.a(_aeabi_uldivmod.o)
 .debug_frame   0x00000000       0x28 /usr/bin/../lib/gcc/arm-none-eabi/4.9.3/armv7-m/libgcc.a(_aeabi_uldivmod.o)
 .ARM.attributes
                0x00000000       0x1d /usr/bin/../lib/gcc/arm-none-eabi/4.9.3/armv7-m/libgcc.a(_aeabi_uldivmod.o)
 .text          0x00000000       0x60 /usr/bin/../lib/gcc/arm-none-eabi/4.9.3/armv7-m/libgcc.a(bpabi.o)
 .data          0x00000000        0x0 /usr/bin/../lib/gcc/arm-none-eabi/4.9.3/armv7-m/libgcc.a(bpabi.o)
 .bss           0x00000000        0x0 /usr/bin/../lib/gcc/arm-none-eabi/4.9.3/armv7-m/libgcc.a(bpabi.o)
 .debug_frame   0x00000000       0x54 /usr/bin/../lib/gcc/arm-none-eabi/4.9.3/armv7-m/libgcc.a(bpabi.o)
 .ARM.attributes
                0x00000000       0x2d /usr/bin/../lib/gcc/arm-none-eabi/4.9.3/armv7-m/libgcc.a(bpabi.o)
 .text          0x00000000        0x4 /usr/bin/../lib/gcc/arm-none-eabi/4.9.3/armv7-m/libgcc.a(_dvmd_tls.o)
 .data          0x00000000        0x0 /usr/bin/../lib/gcc/arm-none-eabi/4.9.3/armv7-m/libgcc.a(_dvmd_tls.o)
 .bss           0x00000000        0x0 /usr/bin/../lib/gcc/arm-none-eabi/4.9.3/armv7-m/libgcc.a(_dvmd_tls.o)
 .ARM.attributes
                0x00000000       0x1d /usr/bin/../lib/gcc/arm-none-eabi/4.9.3/armv7-m/libgcc.a(_dvmd_tls.o)
 .text          0x00000000      0x2ac /usr/bin/../lib/gcc/arm-none-eabi/4.9.3/armv7-m/libgcc.a(_divdi3.o)
 .data          0x00000000        0x0 /usr/bin/../lib/gcc/arm-none-eabi/4.9.3/armv7-m/libgcc.a(_divdi3.o)
 .bss           0x00000000        0x0 /usr/bin/../lib/gcc/arm-none-eabi/4.9.3/armv7-m/libgcc.a(_divdi3.o)
 .ARM.extab     0x00000000        0x0 /usr/bin/../lib/gcc/arm-none-eabi/4.9.3/armv7-m/libgcc.a(_divdi3.o)
 .ARM.exidx     0x00000000        0x8 /usr/bin/../lib/gcc/arm-none-eabi/4.9.3/armv7-m/libgcc.a(_divdi3.o)
 .debug_frame   0x00000000       0x34 /usr/bin/../lib/gcc/arm-none-eabi/4.9.3/armv7-m/libgcc.a(_divdi3.o)
 .ARM.attributes
                0x00000000       0x2d /usr/bin/../lib/gcc/arm-none-eabi/4.9.3/armv7-m/libgcc.a(_divdi3.o)
 .text          0x00000000      0x270 /usr/bin/../lib/gcc/arm-none-eabi/4.9.3/armv7-m/libgcc.a(_udivdi3.o)
 .data          0x00000000        0x0 /usr/bin/../lib/gcc/arm-none-eabi/4.9.3/armv7-m/libgcc.a(_udivdi3.o)
 .bss           0x00000000        0x0 /usr/bin/../lib/gcc/arm-none-eabi/4.9.3/armv7-m/libgcc.a(_udivdi3.o)
 .ARM.extab     0x00000000        0x0 /usr/bin/../lib/gcc/arm-none-eabi/4.9.3/armv7-m/libgcc.a(_udivdi3.o)
 .ARM.exidx     0x00000000        0x8 /usr/bin/../lib/gcc/arm-none-eabi/4.9.3/armv7-m/libgcc.a(_udivdi3.o)
 .debug_frame   0x00000000       0x34 /usr/bin/../lib/gcc/arm-none-eabi/4.9.3/armv7-m/libgcc.a(_udivdi3.o)
 .ARM.attributes
                0x00000000       0x2d /usr/bin/../lib/gcc/arm-none-eabi/4.9.3/armv7-m/libgcc.a(_udivdi3.o)

Memory Configuration

Name             Origin             Length             Attributes
rom              0x00000000         0x00080000         xr
ram              0x10004000         0x00008000         xrw
ram1             0x2007c000         0x00008000         xrw
*default*        0x00000000         0xffffffff

Linker script and memory map

LOAD obj/cr_startup_lpc17.o
LOAD obj/system_LPC17xx.o
LOAD obj/core_cm3.o
LOAD obj/lpc17xx_timer.o
LOAD obj/lpc17xx_clkpwr.o
LOAD obj/lpc17xx_libcfg_default.o
LOAD obj/lpc17xx_pinsel.o
LOAD obj/lpc17xx_gpio.o
LOAD obj/lpc17xx_uart.o
LOAD obj/main.o
LOAD obj/heap.o
LOAD obj/hooks.o
LOAD obj/kernel.o
LOAD obj/message_queue.o
LOAD obj/port.o
LOAD obj/sem.o
LOAD obj/stats.o
LOAD obj/task.o
LOAD obj/time.o
LOAD obj/wait_queue.o
                0x10008000                _eram = 0x10008000

.text           0x00000000     0x3b7c
 *(.isr_vector .isr_vector.*)
 .isr_vector    0x00000000       0xcc obj/cr_startup_lpc17.o
                0x00000000                g_pfnVectors
 *(.text .text.* .gnu.linkonce.t.*)
 .text          0x000000cc       0x64 obj/cr_startup_lpc17.o
                0x000000cc                Reset_Handler
                0x000000cc                Default_Reset_Handler
                0x00000120                TIMER2_IRQHandler
                0x00000120                DebugMon_Handler
                0x00000120                RIT_IRQHandler
                0x00000120                I2C0_IRQHandler
                0x00000120                SysTick_Handler
                0x00000120                USBActivity_IRQHandler
                0x00000120                PWM1_IRQHandler
                0x00000120                PendSV_Handler
                0x00000120                NMI_Handler
                0x00000120                I2C1_IRQHandler
                0x00000120                EINT2_IRQHandler
                0x00000120                UART1_IRQHandler
                0x00000120                EINT3_IRQHandler
                0x00000120                CANActivity_IRQHandler
                0x00000120                TIMER3_IRQHandler
                0x00000120                UART0_IRQHandler
                0x00000120                UsageFault_Handler
                0x00000120                PLL0_IRQHandler
                0x00000120                CAN_IRQHandler
                0x00000120                PLL1_IRQHandler
                0x00000120                SSP0_IRQHandler
                0x00000120                I2S_IRQHandler
                0x00000120                I2C2_IRQHandler
                0x00000120                RTC_IRQHandler
                0x00000120                TIMER0_IRQHandler
                0x00000120                SPI_IRQHandler
                0x00000120                EINT1_IRQHandler
                0x00000120                TIMER1_IRQHandler
                0x00000120                UART2_IRQHandler
                0x00000120                ADC_IRQHandler
                0x00000120                SSP1_IRQHandler
                0x00000120                USB_IRQHandler
                0x00000120                BOD_IRQHandler
                0x00000120                MemManage_Handler
                0x00000120                WDT_IRQHandler
                0x00000120                SVC_Handler
                0x00000120                QEI_IRQHandler
                0x00000120                EINT0_IRQHandler
                0x00000120                DMA_IRQHandler
                0x00000120                BusFault_Handler
                0x00000120                MCPWM_IRQHandler
                0x00000120                ENET_IRQHandler
 .text          0x00000130      0x2b4 obj/system_LPC17xx.o
                0x00000130                SystemCoreClockUpdate
                0x00000294                SystemInit
 .text          0x000003e4      0x21c obj/lpc17xx_clkpwr.o
                0x000003f4                CLKPWR_SetPCLKDiv
                0x00000480                CLKPWR_GetPCLKSEL
                0x000004cc                CLKPWR_GetPCLK
                0x00000530                CLKPWR_ConfigPPWR
                0x00000588                CLKPWR_Sleep
                0x000005a0                CLKPWR_DeepSleep
                0x000005c0                CLKPWR_PowerDown
                0x000005e0                CLKPWR_DeepPowerDown
 .text          0x00000600        0xc obj/lpc17xx_libcfg_default.o
                0x00000600                check_failed
 .text          0x0000060c     0x14b4 obj/lpc17xx_uart.o
                0x00000820                UART_Init
                0x00000b04                UART_DeInit
                0x00000b9c                UART_ConfigStructInit
                0x00000bc8                UART_SendByte
                0x00000c30                UART_ReceiveByte
                0x00000c94                UART_Send
                0x00000d7c                UART_Receive
                0x00000e34                UART_ForceBreak
                0x00000eac                UART_IntConfig
                0x00001040                UART_GetLineStatus
                0x000010a4                UART_GetIntId
                0x000010fc                UART_CheckBusy
                0x00001124                UART_FIFOConfig
                0x0000127c                UART_FIFOConfigStructInit
                0x000012a8                UART_ABCmd
                0x000013dc                UART_ABClearIntPending
                0x00001450                UART_TxCmd
                0x00001518                UART_IrDAInvtInputCmd
                0x00001590                UART_IrDACmd
                0x00001604                UART_IrDAPulseDivConfig
                0x000016a0                UART_FullModemForcePinState
                0x0000174c                UART_FullModemConfigMode
                0x00001804                UART_FullModemGetStatus
                0x00001834                UART_RS485Config
                0x000019b8                UART_RS485ReceiverCmd
                0x00001a00                UART_RS485Send
                0x00001a7c                UART_RS485SendSlvAddr
                0x00001a9c                UART_RS485SendData
 .text          0x00001ac0      0x68c obj/main.o
                0x00001b50                main
                0x00001c6c                Task1
                0x00001cd8                Task2
                0x00001dcc                Task3
                0x00001e8c                Task4
                0x00001ebc                Task5
                0x00001eec                Task6
                0x00001f48                Task7
                0x00001f90                init_uart
                0x00001fd4                PIN_Init
                0x00001ff4                UART3_Init
                0x00002068                UART3_IRQHandler
 .text          0x0000214c      0x178 obj/heap.o
                0x000021ac                heap_init
                0x000021f4                heap_malloc
                0x00002274                heap_free
                0x00002288                heap_getHeapSize
 .text          0x000022c4       0x18 obj/hooks.o
                0x000022c4                hooks_idleTaskHook
                0x000022d0                hooks_contextSwitchHook
 .text          0x000022dc      0x1a0 obj/kernel.o
                0x0000233c                kernel_init
                0x00002354                kernel_start
                0x000023ac                kernel_schedule
                0x00002428                kernel_yield
 .text          0x0000247c      0x340 obj/message_queue.o
                0x00002500                queue_create
                0x000025a4                queue_delete
                0x000025b8                queue_sendToTail
                0x0000265c                queue_receive
                0x00002708                queue_peek
                0x0000274c                queueGetNumberOfMessages
 .text          0x000027bc      0x304 obj/port.o
                0x00002840                port_sleep
                0x00002858                port_memcpy
                0x000028a4                port_stackInit
                0x00002918                port_startFirstTask
                0x0000292c                port_startFirstTaskHandler
                0x00002950                port_tickStart
                0x00002968                port_tickStop
                0x00002984                port_tickConfig
                0x000029c8                prvGetRegistersFromStack
                0x00002a34                port_enableInterrupts
                0x00002a44                port_disableInterrupts
                0x00002a54                port_contextSwitch
                0x00002a84                port_hwInit
                0x00002aac                HardFault_Handler
 .text          0x00002ac0      0x1b0 obj/sem.o
                0x00002b44                sem_init
                0x00002b74                sem_free
                0x00002b88                sem_get
                0x00002c18                sem_release
 .text          0x00002c70      0x1b4 obj/stats.o
                0x00002c90                stats_statTask
                0x00002d98                stats_init
                0x00002dc0                stats_calculate_idleMax
                0x00002e00                stats_getCpuUtilization
                0x00002e18                stats_hook
 .text          0x00002e24      0x434 obj/task.o
                0x00002ed4                task_initTasks
                0x00002f40                task_create
                0x00003060                getTCBbyPrio
                0x0000308c                task_prioEnable
                0x00003100                task_taskEnable
                0x00003178                task_prioDisable
                0x000031f8                task_idleTaskInit
 .text          0x00003258      0x1e0 obj/time.o
                0x00003344                time_oSTick
                0x000033bc                time_delay
                0x00003420                time_getTickCount
 .text          0x00003438      0x250 obj/wait_queue.o
                0x000035a4                wait_queue_addTask
                0x000035e8                wait_queue_removeTask
                0x00003648                wait_queue_removeHead
 .text          0x00003688      0x21c /usr/bin/../lib/gcc/arm-none-eabi/4.9.3/armv7-m/libgcc.a(_arm_addsubsf3.o)
                0x00003688                __aeabi_frsub
                0x00003690                __subsf3
                0x00003690                __aeabi_fsub
                0x00003694                __aeabi_fadd
                0x00003694                __addsf3
                0x000037f4                __aeabi_ui2f
                0x000037f4                __floatunsisf
                0x000037fc                __aeabi_i2f
                0x000037fc                __floatsisf
                0x00003818                __floatundisf
                0x00003818                __aeabi_ul2f
                0x00003828                __floatdisf
                0x00003828                __aeabi_l2f
 .text          0x000038a4      0x2a0 /usr/bin/../lib/gcc/arm-none-eabi/4.9.3/armv7-m/libgcc.a(_arm_muldivsf3.o)
                0x000038a4                __mulsf3
                0x000038a4                __aeabi_fmul
                0x00003a0c                __divsf3
                0x00003a0c                __aeabi_fdiv
 *(.glue_7t)
 .glue_7t       0x00000000        0x0 linker stubs
 *(.glue_7)
 .glue_7        0x00000000        0x0 linker stubs
 *(.rodata .rodata* .gnu.linkonce.r.*)
 .rodata        0x00003b44       0x2c obj/lpc17xx_uart.o
 .rodata        0x00003b70        0xc obj/main.o

.vfp11_veneer   0x00003b7c        0x0
 .vfp11_veneer  0x00000000        0x0 linker stubs

.v4_bx          0x00003b7c        0x0
 .v4_bx         0x00000000        0x0 linker stubs

.iplt           0x00003b7c        0x0
 .iplt          0x00000000        0x0 obj/cr_startup_lpc17.o

.rel.dyn        0x00003b7c        0x0
 .rel.iplt      0x00000000        0x0 obj/cr_startup_lpc17.o

.ARM.extab
 *(.ARM.extab* .gnu.linkonce.armextab.*)
                0x00003b7c                __exidx_start = .

.ARM.exidx
 *(.ARM.exidx* .gnu.linkonce.armexidx.*)
                0x00003b7c                __exidx_end = .
                0x00003b7c                . = ALIGN (0x4)
                0x00003b7c                _etext = .
                0x00003b7c                _sidata = .

.data           0x10004000        0x4 load address 0x00003b7c
                0x10004000                _sdata = .
 *(.data .data.*)
 .data          0x10004000        0x4 obj/system_LPC17xx.o
                0x10004000                SystemCoreClock
                0x10004004                . = ALIGN (0x4)
                0x10004004                _edata = .

.igot.plt       0x10004004        0x0 load address 0x00003b80
 .igot.plt      0x00000000        0x0 obj/cr_startup_lpc17.o

.bss            0x10004004     0x3148 load address 0x00003b80
                0x10004004                _sbss = .
 *(.bss .bss.*)
 .bss           0x10004004       0x15 obj/main.o
                0x10004004                rxBuf
                0x10004014                rxCnt
                0x10004018                rxFlag
 *fill*         0x10004019        0x3 
 .bss           0x1000401c        0x8 obj/heap.o
 .bss           0x10004024        0x9 obj/kernel.o
                0x10004024                criticalNesting
                0x10004028                interruptNesting
                0x1000402c                kernel_running
 *fill*         0x1000402d        0x3 
 .bss           0x10004030        0x4 obj/stats.o
 .bss           0x10004034        0x8 obj/task.o
                0x10004034                idleCounter
                0x10004038                number_of_tasks
 .bss           0x1000403c        0x4 obj/time.o
 *(COMMON)
 COMMON         0x10004040     0x265c obj/main.o
                0x10004040                Stack3
                0x100045b8                Stack7
                0x10004b30                fact_result
                0x10004b34                Stack2
                0x100050ac                Stack5
                0x10005624                task1_factorial
                0x10005628                Stack1
                0x10005ba0                task6Q
                0x10005ba4                s
                0x10005ba8                Stack6
                0x10006120                UARTx
                0x10006124                Stack4
 COMMON         0x1000669c      0x3f0 obj/heap.o
                0x1000669c                heap1
                0x10006a88                heap
 COMMON         0x10006a8c       0x20 obj/port.o
                0x10006a8c                r3
                0x10006a90                r0
                0x10006a94                lr
                0x10006a98                r2
                0x10006a9c                pc
                0x10006aa0                psr
                0x10006aa4                r12
                0x10006aa8                r1
 COMMON         0x10006aac      0x32d obj/stats.o
                0x10006aac                stat_idle_counter_ready
                0x10006ab0                utilizations
                0x10006c40                stat_calibration
                0x10006c44                idleCounter_Max
                0x10006c48                StatTaskStack
                0x10006dd8                stat_counter_not_ready
 *fill*         0x10006dd9        0x3 
 COMMON         0x10006ddc      0x370 obj/task.o
                0x10006ddc                highestTCB
                0x10006de0                currentTCB
                0x10006de4                always_true
                0x10006de8                ReadyArray
                0x10006e68                allTasksLinked
                0x10006e70                TaskArray
                0x10006ef0                IdleStack
                0x10007148                ReadyTaskBitmap
                0x1000714c                . = ALIGN (0x4)
                0x1000714c                _ebss = .

.co_stack       0x1000714c      0x404 load address 0x00006cc8
                0x10007150                . = ALIGN (0x8)
 *fill*         0x1000714c        0x4 
 *(.co_stack .co_stack.*)
 .co_stack      0x10007150      0x400 obj/cr_startup_lpc17.o
                0x10007150                pulStack
                0x10007550                . = ALIGN (0x4)
                0x10007550                _end = .
LOAD /usr/bin/../lib/gcc/arm-none-eabi/4.9.3/../../../../arm-none-eabi/lib/armv7-m/libc.a
START GROUP
LOAD /usr/bin/../lib/gcc/arm-none-eabi/4.9.3/armv7-m/libgcc.a
LOAD /usr/bin/../lib/gcc/arm-none-eabi/4.9.3/../../../../arm-none-eabi/lib/armv7-m/libg.a
LOAD /usr/bin/../lib/gcc/arm-none-eabi/4.9.3/../../../../arm-none-eabi/lib/armv7-m/libc.a
END GROUP
OUTPUT(bin/uKernel.elf elf32-littlearm)

.debug_info     0x00000000     0x5c26
 .debug_info    0x00000000       0xed obj/cr_startup_lpc17.o
 .debug_info    0x000000ed      0x483 obj/system_LPC17xx.o
 .debug_info    0x00000570      0x5cf obj/lpc17xx_clkpwr.o
 .debug_info    0x00000b3f       0xd7 obj/lpc17xx_libcfg_default.o
 .debug_info    0x00000c16     0x1065 obj/lpc17xx_uart.o
 .debug_info    0x00001c7b     0x11fd obj/main.o
 .debug_info    0x00002e78      0x35c obj/heap.o
 .debug_info    0x000031d4       0x79 obj/hooks.o
 .debug_info    0x0000324d      0x480 obj/kernel.o
 .debug_info    0x000036cd      0x4fd obj/message_queue.o
 .debug_info    0x00003bca      0x9fe obj/port.o
 .debug_info    0x000045c8      0x3d4 obj/sem.o
 .debug_info    0x0000499c      0x39a obj/stats.o
 .debug_info    0x00004d36      0x5a3 obj/task.o
 .debug_info    0x000052d9      0x49d obj/time.o
 .debug_info    0x00005776      0x4b0 obj/wait_queue.o

.debug_abbrev   0x00000000     0x18ef
 .debug_abbrev  0x00000000       0xa9 obj/cr_startup_lpc17.o
 .debug_abbrev  0x000000a9       0xe7 obj/system_LPC17xx.o
 .debug_abbrev  0x00000190      0x1b9 obj/lpc17xx_clkpwr.o
 .debug_abbrev  0x00000349       0x69 obj/lpc17xx_libcfg_default.o
 .debug_abbrev  0x000003b2      0x20e obj/lpc17xx_uart.o
 .debug_abbrev  0x000005c0      0x2ff obj/main.o
 .debug_abbrev  0x000008bf      0x1ab obj/heap.o
 .debug_abbrev  0x00000a6a       0x42 obj/hooks.o
 .debug_abbrev  0x00000aac      0x18f obj/kernel.o
 .debug_abbrev  0x00000c3b      0x1dd obj/message_queue.o
 .debug_abbrev  0x00000e18      0x274 obj/port.o
 .debug_abbrev  0x0000108c      0x1a2 obj/sem.o
 .debug_abbrev  0x0000122e      0x18a obj/stats.o
 .debug_abbrev  0x000013b8      0x21e obj/task.o
 .debug_abbrev  0x000015d6      0x182 obj/time.o
 .debug_abbrev  0x00001758      0x197 obj/wait_queue.o

.debug_aranges  0x00000000      0x200
 .debug_aranges
                0x00000000       0x20 obj/cr_startup_lpc17.o
 .debug_aranges
                0x00000020       0x20 obj/system_LPC17xx.o
 .debug_aranges
                0x00000040       0x20 obj/lpc17xx_clkpwr.o
 .debug_aranges
                0x00000060       0x20 obj/lpc17xx_libcfg_default.o
 .debug_aranges
                0x00000080       0x20 obj/lpc17xx_uart.o
 .debug_aranges
                0x000000a0       0x20 obj/main.o
 .debug_aranges
                0x000000c0       0x20 obj/heap.o
 .debug_aranges
                0x000000e0       0x20 obj/hooks.o
 .debug_aranges
                0x00000100       0x20 obj/kernel.o
 .debug_aranges
                0x00000120       0x20 obj/message_queue.o
 .debug_aranges
                0x00000140       0x20 obj/port.o
 .debug_aranges
                0x00000160       0x20 obj/sem.o
 .debug_aranges
                0x00000180       0x20 obj/stats.o
 .debug_aranges
                0x000001a0       0x20 obj/task.o
 .debug_aranges
                0x000001c0       0x20 obj/time.o
 .debug_aranges
                0x000001e0       0x20 obj/wait_queue.o

.debug_line     0x00000000     0x18e3
 .debug_line    0x00000000       0x76 obj/cr_startup_lpc17.o
 .debug_line    0x00000076      0x150 obj/system_LPC17xx.o
 .debug_line    0x000001c6      0x1a4 obj/lpc17xx_clkpwr.o
 .debug_line    0x0000036a       0xcd obj/lpc17xx_libcfg_default.o
 .debug_line    0x00000437      0x68f obj/lpc17xx_uart.o
 .debug_line    0x00000ac6      0x2d6 obj/main.o
 .debug_line    0x00000d9c       0xfa obj/heap.o
 .debug_line    0x00000e96       0x4a obj/hooks.o
 .debug_line    0x00000ee0      0x14d obj/kernel.o
 .debug_line    0x0000102d      0x139 obj/message_queue.o
 .debug_line    0x00001166      0x191 obj/port.o
 .debug_line    0x000012f7      0x105 obj/sem.o
 .debug_line    0x000013fc      0x103 obj/stats.o
 .debug_line    0x000014ff      0x15b obj/task.o
 .debug_line    0x0000165a      0x16a obj/time.o
 .debug_line    0x000017c4      0x11f obj/wait_queue.o

.debug_str      0x00000000     0x1d83
 .debug_str     0x00000000      0x150 obj/cr_startup_lpc17.o
                                0x162 (size before relaxing)
 .debug_str     0x00000150      0x267 obj/system_LPC17xx.o
                                0x370 (size before relaxing)
 .debug_str     0x000003b7      0x109 obj/lpc17xx_clkpwr.o
                                0x432 (size before relaxing)
 .debug_str     0x000004c0       0x4d obj/lpc17xx_libcfg_default.o
                                0x1b2 (size before relaxing)
 .debug_str     0x0000050d      0x9b3 obj/lpc17xx_uart.o
                                0xbe4 (size before relaxing)
 .debug_str     0x00000ec0      0x81f obj/main.o
                                0xcb5 (size before relaxing)
 .debug_str     0x000016df       0x77 obj/heap.o
                                0x33f (size before relaxing)
 .debug_str     0x00001756       0x45 obj/hooks.o
                                0x13e (size before relaxing)
 .debug_str     0x0000179b       0x6f obj/kernel.o
                                0x3ab (size before relaxing)
 .debug_str     0x0000180a       0xb9 obj/message_queue.o
                                0x428 (size before relaxing)
 .debug_str     0x000018c3      0x195 obj/port.o
                                0x727 (size before relaxing)
 .debug_str     0x00001a58       0x44 obj/sem.o
                                0x3a2 (size before relaxing)
 .debug_str     0x00001a9c      0x10d obj/stats.o
                                0x3c8 (size before relaxing)
 .debug_str     0x00001ba9      0x101 obj/task.o
                                0x456 (size before relaxing)
 .debug_str     0x00001caa       0x6d obj/time.o
                                0x3b7 (size before relaxing)
 .debug_str     0x00001d17       0x6c obj/wait_queue.o
                                0x3eb (size before relaxing)

.comment        0x00000000       0x70
 .comment       0x00000000       0x70 obj/cr_startup_lpc17.o
                                 0x71 (size before relaxing)
 .comment       0x00000000       0x71 obj/system_LPC17xx.o
 .comment       0x00000000       0x71 obj/lpc17xx_clkpwr.o
 .comment       0x00000000       0x71 obj/lpc17xx_libcfg_default.o
 .comment       0x00000000       0x71 obj/lpc17xx_uart.o
 .comment       0x00000000       0x71 obj/main.o
 .comment       0x00000000       0x71 obj/heap.o
 .comment       0x00000000       0x71 obj/hooks.o
 .comment       0x00000000       0x71 obj/kernel.o
 .comment       0x00000000       0x71 obj/message_queue.o
 .comment       0x00000000       0x71 obj/port.o
 .comment       0x00000000       0x71 obj/sem.o
 .comment       0x00000000       0x71 obj/stats.o
 .comment       0x00000000       0x71 obj/task.o
 .comment       0x00000000       0x71 obj/time.o
 .comment       0x00000000       0x71 obj/wait_queue.o

.ARM.attributes
                0x00000000       0x33
 .ARM.attributes
                0x00000000       0x33 obj/cr_startup_lpc17.o
 .ARM.attributes
                0x00000033       0x33 obj/system_LPC17xx.o
 .ARM.attributes
                0x00000066       0x33 obj/lpc17xx_clkpwr.o
 .ARM.attributes
                0x00000099       0x33 obj/lpc17xx_libcfg_default.o
 .ARM.attributes
                0x000000cc       0x33 obj/lpc17xx_uart.o
 .ARM.attributes
                0x000000ff       0x33 obj/main.o
 .ARM.attributes
                0x00000132       0x33 obj/heap.o
 .ARM.attributes
                0x00000165       0x33 obj/hooks.o
 .ARM.attributes
                0x00000198       0x33 obj/kernel.o
 .ARM.attributes
                0x000001cb       0x33 obj/message_queue.o
 .ARM.attributes
                0x000001fe       0x33 obj/port.o
 .ARM.attributes
                0x00000231       0x33 obj/sem.o
 .ARM.attributes
                0x00000264       0x33 obj/stats.o
 .ARM.attributes
                0x00000297       0x33 obj/task.o
 .ARM.attributes
                0x000002ca       0x33 obj/time.o
 .ARM.attributes
                0x000002fd       0x33 obj/wait_queue.o
 .ARM.attributes
                0x00000330       0x1d /usr/bin/../lib/gcc/arm-none-eabi/4.9.3/armv7-m/libgcc.a(_arm_addsubsf3.o)
 .ARM.attributes
                0x0000034d       0x1d /usr/bin/../lib/gcc/arm-none-eabi/4.9.3/armv7-m/libgcc.a(_arm_muldivsf3.o)

.debug_frame    0x00000000     0x155c
 .debug_frame   0x00000000       0x4c obj/cr_startup_lpc17.o
 .debug_frame   0x0000004c       0x50 obj/system_LPC17xx.o
 .debug_frame   0x0000009c      0x13c obj/lpc17xx_clkpwr.o
 .debug_frame   0x000001d8       0x2c obj/lpc17xx_libcfg_default.o
 .debug_frame   0x00000204      0x43c obj/lpc17xx_uart.o
 .debug_frame   0x00000640      0x228 obj/main.o
 .debug_frame   0x00000868      0x104 obj/heap.o
 .debug_frame   0x0000096c       0x50 obj/hooks.o
 .debug_frame   0x000009bc       0xe0 obj/kernel.o
 .debug_frame   0x00000a9c      0x198 obj/message_queue.o
 .debug_frame   0x00000c34      0x22c obj/port.o
 .debug_frame   0x00000e60      0x128 obj/sem.o
 .debug_frame   0x00000f88       0xd8 obj/stats.o
 .debug_frame   0x00001060      0x208 obj/task.o
 .debug_frame   0x00001268      0x110 obj/time.o
 .debug_frame   0x00001378      0x1e4 obj/wait_queue.o
