Archive member included because of file (symbol)

c:/program files (x86)/arm-none-eabi-gcc-4_6/bin/../lib/gcc/arm-none-eabi/4.6.2/armv7-m\libgcc.a(_arm_addsubsf3.o)
                              ..\obj\stats.o (__aeabi_ui2f)
c:/program files (x86)/arm-none-eabi-gcc-4_6/bin/../lib/gcc/arm-none-eabi/4.6.2/armv7-m\libgcc.a(_arm_muldivsf3.o)
                              ..\obj\stats.o (__aeabi_fmul)
c:/program files (x86)/arm-none-eabi-gcc-4_6/bin/../lib/gcc/arm-none-eabi/4.6.2/armv7-m\libgcc.a(_arm_fixunssfsi.o)
                              ..\obj\stats.o (__aeabi_f2uiz)
c:/program files (x86)/arm-none-eabi-gcc-4_6/bin/../lib/gcc/arm-none-eabi/4.6.2/../../../../arm-none-eabi/lib/armv7-m\libg.a(lib_a-memcpy.o)
                              ..\obj\main.o (memcpy)

Allocating common symbols
Common symbol       size              file

Stack3              0x578             ..\obj\main.o
highestTCB          0x4               ..\obj\task.o
currentTCB          0x4               ..\obj\task.o
ReadyArray          0x28              ..\obj\task.o
taskMatrixQueue     0x4               ..\obj\main.o
StackMatrix         0x578             ..\obj\main.o
Stack2              0x578             ..\obj\main.o
allTasksLinked      0x8               ..\obj\task.o
TaskArray           0x28              ..\obj\task.o
Stack5              0x578             ..\obj\main.o
heap1               0x3eb             ..\obj\heap.o
heap                0x4               ..\obj\heap.o
pulStack            0x400             ..\obj\cr_startup_lpc17.o
Stack1              0x578             ..\obj\main.o
StackADC            0x578             ..\obj\main.o
task6Q              0x4               ..\obj\main.o
IdleStack           0x258             ..\obj\task.o
s                   0x4               ..\obj\main.o
Stack6              0x578             ..\obj\main.o
ReadyTaskBitmap     0x4               ..\obj\task.o
Stack4              0x578             ..\obj\main.o

Discarded input sections

 .text          0x00000000        0x0 ..\obj\core_cm3.o
 .data          0x00000000        0x0 ..\obj\core_cm3.o
 .bss           0x00000000        0x0 ..\obj\core_cm3.o
 .text.__get_PSP
                0x00000000       0x10 ..\obj\core_cm3.o
 .text.__set_PSP
                0x00000000        0x8 ..\obj\core_cm3.o
 .text.__get_MSP
                0x00000000       0x10 ..\obj\core_cm3.o
 .text.__set_MSP
                0x00000000        0x8 ..\obj\core_cm3.o
 .text.__get_BASEPRI
                0x00000000       0x20 ..\obj\core_cm3.o
 .text.__set_BASEPRI
                0x00000000       0x18 ..\obj\core_cm3.o
 .text.__get_PRIMASK
                0x00000000       0x20 ..\obj\core_cm3.o
 .text.__set_PRIMASK
                0x00000000       0x18 ..\obj\core_cm3.o
 .text.__get_FAULTMASK
                0x00000000       0x20 ..\obj\core_cm3.o
 .text.__set_FAULTMASK
                0x00000000       0x18 ..\obj\core_cm3.o
 .text.__get_CONTROL
                0x00000000       0x20 ..\obj\core_cm3.o
 .text.__set_CONTROL
                0x00000000       0x18 ..\obj\core_cm3.o
 .text.__REV    0x00000000       0x24 ..\obj\core_cm3.o
 .text.__REV16  0x00000000       0x24 ..\obj\core_cm3.o
 .text.__REVSH  0x00000000       0x24 ..\obj\core_cm3.o
 .text.__RBIT   0x00000000       0x24 ..\obj\core_cm3.o
 .text.__LDREXB
                0x00000000       0x24 ..\obj\core_cm3.o
 .text.__LDREXH
                0x00000000       0x24 ..\obj\core_cm3.o
 .text.__LDREXW
                0x00000000       0x24 ..\obj\core_cm3.o
 .text.__STREXB
                0x00000000       0x2c ..\obj\core_cm3.o
 .text.__STREXH
                0x00000000       0x2c ..\obj\core_cm3.o
 .text.__STREXW
                0x00000000       0x28 ..\obj\core_cm3.o
 .text          0x00000000        0x0 ..\obj\lpc17xx_clkpwr.o
 .data          0x00000000        0x0 ..\obj\lpc17xx_clkpwr.o
 .bss           0x00000000        0x0 ..\obj\lpc17xx_clkpwr.o
 .text.__WFI    0x00000000        0xc ..\obj\lpc17xx_clkpwr.o
 .text.CLKPWR_SetPCLKDiv
                0x00000000       0xcc ..\obj\lpc17xx_clkpwr.o
 .text.CLKPWR_Sleep
                0x00000000       0x1c ..\obj\lpc17xx_clkpwr.o
 .text.CLKPWR_DeepSleep
                0x00000000       0x28 ..\obj\lpc17xx_clkpwr.o
 .text.CLKPWR_PowerDown
                0x00000000       0x28 ..\obj\lpc17xx_clkpwr.o
 .text.CLKPWR_DeepPowerDown
                0x00000000       0x28 ..\obj\lpc17xx_clkpwr.o
 .text          0x00000000        0x0 ..\obj\system_LPC17xx.o
 .bss           0x00000000        0x0 ..\obj\system_LPC17xx.o
 .text.SystemCoreClockUpdate
                0x00000000      0x214 ..\obj\system_LPC17xx.o
 .text          0x00000000        0x0 ..\obj\cr_startup_lpc17.o
 .data          0x00000000        0x0 ..\obj\cr_startup_lpc17.o
 .bss           0x00000000        0x0 ..\obj\cr_startup_lpc17.o
 .text.SVCall_Handler
                0x00000000        0x8 ..\obj\cr_startup_lpc17.o
 .text.PendSV_Handler
                0x00000000        0x8 ..\obj\cr_startup_lpc17.o
 .text.SysTick_Handler
                0x00000000        0x8 ..\obj\cr_startup_lpc17.o
 .text          0x00000000        0x0 ..\obj\task.o
 .data          0x00000000        0x0 ..\obj\task.o
 .text.__clz    0x00000000       0x20 ..\obj\task.o
 .text.task_lTCBAlloc
                0x00000000       0x20 ..\obj\task.o
 .text.getTCBbyPrio
                0x00000000       0x30 ..\obj\task.o
 .text.prioEnable
                0x00000000       0x98 ..\obj\task.o
 .text.prioDisable
                0x00000000       0xa4 ..\obj\task.o
 .text          0x00000000        0x0 ..\obj\lpc17xx_adc.o
 .data          0x00000000        0x0 ..\obj\lpc17xx_adc.o
 .bss           0x00000000        0x0 ..\obj\lpc17xx_adc.o
 .text.ADC_DeInit
                0x00000000       0x48 ..\obj\lpc17xx_adc.o
 .text.ADC_GetData
                0x00000000       0x38 ..\obj\lpc17xx_adc.o
 .text.ADC_StartCmd
                0x00000000       0x90 ..\obj\lpc17xx_adc.o
 .text.ADC_PowerdownCmd
                0x00000000       0x50 ..\obj\lpc17xx_adc.o
 .text.ADC_EdgeStartConfig
                0x00000000       0x6c ..\obj\lpc17xx_adc.o
 .text.ADC_ChannelGetData
                0x00000000       0x58 ..\obj\lpc17xx_adc.o
 .text.ADC_GlobalGetStatus
                0x00000000       0x7c ..\obj\lpc17xx_adc.o
 .text          0x00000000        0x0 ..\obj\main.o
 .data          0x00000000        0x0 ..\obj\main.o
 .bss           0x00000000        0x0 ..\obj\main.o
 .text.__clz    0x00000000       0x20 ..\obj\main.o
 .text          0x00000000        0x0 ..\obj\hooks.o
 .data          0x00000000        0x0 ..\obj\hooks.o
 .bss           0x00000000        0x0 ..\obj\hooks.o
 .text          0x00000000        0x0 ..\obj\heap.o
 .data          0x00000000        0x0 ..\obj\heap.o
 .text.portFree
                0x00000000       0x14 ..\obj\heap.o
 .text.getHeapSize
                0x00000000       0x58 ..\obj\heap.o
 .text          0x00000000        0x0 ..\obj\lpc17xx_gpio.o
 .data          0x00000000        0x0 ..\obj\lpc17xx_gpio.o
 .bss           0x00000000        0x0 ..\obj\lpc17xx_gpio.o
 .text.FIO_HalfWordGetPointer
                0x00000000       0x7c ..\obj\lpc17xx_gpio.o
 .text.FIO_ByteGetPointer
                0x00000000       0x7c ..\obj\lpc17xx_gpio.o
 .text.GPIO_ReadValue
                0x00000000       0x30 ..\obj\lpc17xx_gpio.o
 .text.GPIO_IntCmd
                0x00000000       0x84 ..\obj\lpc17xx_gpio.o
 .text.GPIO_GetIntStatus
                0x00000000       0xc0 ..\obj\lpc17xx_gpio.o
 .text.GPIO_ClearInt
                0x00000000       0x40 ..\obj\lpc17xx_gpio.o
 .text.FIO_SetDir
                0x00000000       0x28 ..\obj\lpc17xx_gpio.o
 .text.FIO_SetValue
                0x00000000       0x20 ..\obj\lpc17xx_gpio.o
 .text.FIO_ClearValue
                0x00000000       0x20 ..\obj\lpc17xx_gpio.o
 .text.FIO_ReadValue
                0x00000000       0x20 ..\obj\lpc17xx_gpio.o
 .text.FIO_IntCmd
                0x00000000       0x28 ..\obj\lpc17xx_gpio.o
 .text.FIO_GetIntStatus
                0x00000000       0x2c ..\obj\lpc17xx_gpio.o
 .text.FIO_ClearInt
                0x00000000       0x20 ..\obj\lpc17xx_gpio.o
 .text.FIO_SetMask
                0x00000000       0x54 ..\obj\lpc17xx_gpio.o
 .text.FIO_HalfWordSetDir
                0x00000000       0x94 ..\obj\lpc17xx_gpio.o
 .text.FIO_HalfWordSetMask
                0x00000000       0x94 ..\obj\lpc17xx_gpio.o
 .text.FIO_HalfWordSetValue
                0x00000000       0x40 ..\obj\lpc17xx_gpio.o
 .text.FIO_HalfWordClearValue
                0x00000000       0x40 ..\obj\lpc17xx_gpio.o
 .text.FIO_HalfWordReadValue
                0x00000000       0x44 ..\obj\lpc17xx_gpio.o
 .text.FIO_ByteSetDir
                0x00000000       0x70 ..\obj\lpc17xx_gpio.o
 .text.FIO_ByteSetMask
                0x00000000       0x78 ..\obj\lpc17xx_gpio.o
 .text.FIO_ByteSetValue
                0x00000000       0x3c ..\obj\lpc17xx_gpio.o
 .text.FIO_ByteClearValue
                0x00000000       0x3c ..\obj\lpc17xx_gpio.o
 .text.FIO_ByteReadValue
                0x00000000       0x40 ..\obj\lpc17xx_gpio.o
 .text          0x00000000        0x0 ..\obj\wait_queue.o
 .data          0x00000000        0x0 ..\obj\wait_queue.o
 .bss           0x00000000        0x0 ..\obj\wait_queue.o
 .text.__clz    0x00000000       0x20 ..\obj\wait_queue.o
 .text          0x00000000        0x0 ..\obj\stats.o
 .data          0x00000000        0x0 ..\obj\stats.o
 .text.__clz    0x00000000       0x20 ..\obj\stats.o
 .text.stats_hook
                0x00000000        0xc ..\obj\stats.o
 .text          0x00000000        0x0 ..\obj\lpc17xx_libcfg_default.o
 .data          0x00000000        0x0 ..\obj\lpc17xx_libcfg_default.o
 .bss           0x00000000        0x0 ..\obj\lpc17xx_libcfg_default.o
 .text          0x00000000        0x0 ..\obj\time.o
 .data          0x00000000        0x0 ..\obj\time.o
 .text.__clz    0x00000000       0x20 ..\obj\time.o
 .text.TickTasks
                0x00000000        0xc ..\obj\time.o
 .text.getTickCount
                0x00000000       0x18 ..\obj\time.o
 .text          0x00000000        0x0 ..\obj\lpc17xx_pinsel.o
 .data          0x00000000        0x0 ..\obj\lpc17xx_pinsel.o
 .bss           0x00000000        0x0 ..\obj\lpc17xx_pinsel.o
 .text.set_PinFunc
                0x00000000       0x9c ..\obj\lpc17xx_pinsel.o
 .text.set_ResistorMode
                0x00000000       0x9c ..\obj\lpc17xx_pinsel.o
 .text.set_OpenDrainMode
                0x00000000       0x7c ..\obj\lpc17xx_pinsel.o
 .text.PINSEL_ConfigTraceFunc
                0x00000000       0x54 ..\obj\lpc17xx_pinsel.o
 .text.PINSEL_SetI2C0Pins
                0x00000000       0x3c ..\obj\lpc17xx_pinsel.o
 .text.PINSEL_ConfigPin
                0x00000000       0x54 ..\obj\lpc17xx_pinsel.o
 .text          0x00000000        0x0 ..\obj\syscalls.o
 .data          0x00000000        0x0 ..\obj\syscalls.o
 .bss           0x00000000        0x4 ..\obj\syscalls.o
 .text._sbrk    0x00000000       0x5c ..\obj\syscalls.o
 .text.link     0x00000000       0x1c ..\obj\syscalls.o
 .text._close   0x00000000       0x18 ..\obj\syscalls.o
 .text._fstat   0x00000000       0x24 ..\obj\syscalls.o
 .text._isatty  0x00000000       0x18 ..\obj\syscalls.o
 .text._lseek   0x00000000       0x1c ..\obj\syscalls.o
 .text._read    0x00000000       0x1c ..\obj\syscalls.o
 .text._write   0x00000000       0x1c ..\obj\syscalls.o
 .text.abort    0x00000000        0x8 ..\obj\syscalls.o
 .text          0x00000000        0x0 ..\obj\port.o
 .data          0x00000000        0x0 ..\obj\port.o
 .bss           0x00000000        0x0 ..\obj\port.o
 .text.__clz    0x00000000       0x20 ..\obj\port.o
 .text.HardFaultHndlr
                0x00000000       0x20 ..\obj\port.o
 .text          0x00000000        0x0 ..\obj\kernel.o
 .data          0x00000000        0x0 ..\obj\kernel.o
 .text.__clz    0x00000000       0x20 ..\obj\kernel.o
 .text          0x00000000        0x0 ..\obj\dotmatgl.o
 .data          0x00000000        0x0 ..\obj\dotmatgl.o
 .bss           0x00000000        0x0 ..\obj\dotmatgl.o
 .text.plot_row
                0x00000000       0x3c ..\obj\dotmatgl.o
 .text.unplot_row
                0x00000000       0x40 ..\obj\dotmatgl.o
 .text.plot_xy  0x00000000       0x20 ..\obj\dotmatgl.o
 .text.unplot_xy
                0x00000000       0x20 ..\obj\dotmatgl.o
 .text          0x00000000        0x0 ..\obj\sem.o
 .data          0x00000000        0x0 ..\obj\sem.o
 .bss           0x00000000        0x0 ..\obj\sem.o
 .text.list_empty
                0x00000000       0x24 ..\obj\sem.o
 .text.__clz    0x00000000       0x20 ..\obj\sem.o
 .text.sem_free
                0x00000000       0x18 ..\obj\sem.o
 .text.sem_release
                0x00000000       0x64 ..\obj\sem.o
 .text          0x00000000        0x0 ..\obj\message_queue.o
 .data          0x00000000        0x0 ..\obj\message_queue.o
 .bss           0x00000000        0x0 ..\obj\message_queue.o
 .text.__clz    0x00000000       0x20 ..\obj\message_queue.o
 .text.queueDelete
                0x00000000       0x18 ..\obj\message_queue.o
 .text.queuePeek
                0x00000000       0x4c ..\obj\message_queue.o
 .text.queueGetNumberOfMessages
                0x00000000       0x18 ..\obj\message_queue.o
 .data          0x00000000        0x0 c:/program files (x86)/arm-none-eabi-gcc-4_6/bin/../lib/gcc/arm-none-eabi/4.6.2/armv7-m\libgcc.a(_arm_addsubsf3.o)
 .bss           0x00000000        0x0 c:/program files (x86)/arm-none-eabi-gcc-4_6/bin/../lib/gcc/arm-none-eabi/4.6.2/armv7-m\libgcc.a(_arm_addsubsf3.o)
 .data          0x00000000        0x0 c:/program files (x86)/arm-none-eabi-gcc-4_6/bin/../lib/gcc/arm-none-eabi/4.6.2/armv7-m\libgcc.a(_arm_muldivsf3.o)
 .bss           0x00000000        0x0 c:/program files (x86)/arm-none-eabi-gcc-4_6/bin/../lib/gcc/arm-none-eabi/4.6.2/armv7-m\libgcc.a(_arm_muldivsf3.o)
 .data          0x00000000        0x0 c:/program files (x86)/arm-none-eabi-gcc-4_6/bin/../lib/gcc/arm-none-eabi/4.6.2/armv7-m\libgcc.a(_arm_fixunssfsi.o)
 .bss           0x00000000        0x0 c:/program files (x86)/arm-none-eabi-gcc-4_6/bin/../lib/gcc/arm-none-eabi/4.6.2/armv7-m\libgcc.a(_arm_fixunssfsi.o)
 .data          0x00000000        0x0 c:/program files (x86)/arm-none-eabi-gcc-4_6/bin/../lib/gcc/arm-none-eabi/4.6.2/../../../../arm-none-eabi/lib/armv7-m\libg.a(lib_a-memcpy.o)
 .bss           0x00000000        0x0 c:/program files (x86)/arm-none-eabi-gcc-4_6/bin/../lib/gcc/arm-none-eabi/4.6.2/../../../../arm-none-eabi/lib/armv7-m\libg.a(lib_a-memcpy.o)

Memory Configuration

Name             Origin             Length             Attributes
rom              0x00000000         0x00080000         xr
ram              0x10000000         0x00008000         xrw
ram1             0x2007c000         0x00008000         xrw
*default*        0x00000000         0xffffffff

Linker script and memory map

                0x10008000                _eram = 0x10008000

.text           0x00000000     0x2ab8
 *(.isr_vector .isr_vector.*)
 .isr_vector    0x00000000       0xcc ..\obj\cr_startup_lpc17.o
                0x00000000                g_pfnVectors
 *(.text .text.* .gnu.linkonce.t.*)
 .text.CLKPWR_GetPCLKSEL
                0x000000cc       0x54 ..\obj\lpc17xx_clkpwr.o
                0x000000cc                CLKPWR_GetPCLKSEL
 .text.CLKPWR_GetPCLK
                0x00000120       0x74 ..\obj\lpc17xx_clkpwr.o
                0x00000120                CLKPWR_GetPCLK
 .text.CLKPWR_ConfigPPWR
                0x00000194       0x78 ..\obj\lpc17xx_clkpwr.o
                0x00000194                CLKPWR_ConfigPPWR
 .text.SystemInit
                0x0000020c      0x240 ..\obj\system_LPC17xx.o
                0x0000020c                SystemInit
 .text.ResetISR
                0x0000044c       0x68 ..\obj\cr_startup_lpc17.o
                0x0000044c                ResetISR
 .text.NMI_Handler
                0x000004b4        0x8 ..\obj\cr_startup_lpc17.o
                0x000004b4                NMI_Handler
 .text.HardFault_Handler
                0x000004bc        0x8 ..\obj\cr_startup_lpc17.o
                0x000004bc                HardFault_Handler
 .text.MemManage_Handler
                0x000004c4        0x8 ..\obj\cr_startup_lpc17.o
                0x000004c4                MemManage_Handler
 .text.BusFault_Handler
                0x000004cc        0x8 ..\obj\cr_startup_lpc17.o
                0x000004cc                BusFault_Handler
 .text.UsageFault_Handler
                0x000004d4        0x8 ..\obj\cr_startup_lpc17.o
                0x000004d4                UsageFault_Handler
 .text.DebugMon_Handler
                0x000004dc        0x8 ..\obj\cr_startup_lpc17.o
                0x000004dc                DebugMon_Handler
 .text.IntDefaultHandler
                0x000004e4        0x8 ..\obj\cr_startup_lpc17.o
                0x000004e4                TIMER2_IRQHandler
                0x000004e4                RIT_IRQHandler
                0x000004e4                I2C0_IRQHandler
                0x000004e4                USBActivity_IRQHandler
                0x000004e4                PWM1_IRQHandler
                0x000004e4                I2C1_IRQHandler
                0x000004e4                EINT2_IRQHandler
                0x000004e4                UART1_IRQHandler
                0x000004e4                EINT3_IRQHandler
                0x000004e4                CANActivity_IRQHandler
                0x000004e4                TIMER3_IRQHandler
                0x000004e4                UART0_IRQHandler
                0x000004e4                IntDefaultHandler
                0x000004e4                PLL0_IRQHandler
                0x000004e4                CAN_IRQHandler
                0x000004e4                PLL1_IRQHandler
                0x000004e4                SSP0_IRQHandler
                0x000004e4                I2S_IRQHandler
                0x000004e4                I2C2_IRQHandler
                0x000004e4                RTC_IRQHandler
                0x000004e4                TIMER0_IRQHandler
                0x000004e4                SPI_IRQHandler
                0x000004e4                EINT1_IRQHandler
                0x000004e4                TIMER1_IRQHandler
                0x000004e4                UART2_IRQHandler
                0x000004e4                SSP1_IRQHandler
                0x000004e4                USB_IRQHandler
                0x000004e4                BOD_IRQHandler
                0x000004e4                WDT_IRQHandler
                0x000004e4                QEI_IRQHandler
                0x000004e4                EINT0_IRQHandler
                0x000004e4                DMA_IRQHandler
                0x000004e4                UART3_IRQHandler
                0x000004e4                MCPWM_IRQHandler
                0x000004e4                ENET_IRQHandler
 .text.__list_add
                0x000004ec       0x30 ..\obj\task.o
 .text.list_add_tail
                0x0000051c       0x20 ..\obj\task.o
 .text.enterCritical
                0x0000053c       0x30 ..\obj\task.o
 .text.exitCritical
                0x0000056c       0x30 ..\obj\task.o
 .text.tasksInit
                0x0000059c       0x94 ..\obj\task.o
                0x0000059c                tasksInit
 .text.task_create
                0x00000630       0xf0 ..\obj\task.o
                0x00000630                task_create
 .text.task_lTCBInit
                0x00000720       0x60 ..\obj\task.o
 .text.taskEnable
                0x00000780       0x84 ..\obj\task.o
                0x00000780                taskEnable
 .text.idleTaskInit
                0x00000804       0x30 ..\obj\task.o
                0x00000804                idleTaskInit
 .text.ADC_Init
                0x00000834       0xa4 ..\obj\lpc17xx_adc.o
                0x00000834                ADC_Init
 .text.ADC_BurstCmd
                0x000008d8       0x50 ..\obj\lpc17xx_adc.o
                0x000008d8                ADC_BurstCmd
 .text.ADC_IntConfig
                0x00000928       0xb4 ..\obj\lpc17xx_adc.o
                0x00000928                ADC_IntConfig
 .text.ADC_ChannelCmd
                0x000009dc       0x70 ..\obj\lpc17xx_adc.o
                0x000009dc                ADC_ChannelCmd
 .text.ADC_ChannelGetStatus
                0x00000a4c       0x8c ..\obj\lpc17xx_adc.o
                0x00000a4c                ADC_ChannelGetStatus
 .text.ADC_GlobalGetData
                0x00000ad8       0x34 ..\obj\lpc17xx_adc.o
                0x00000ad8                ADC_GlobalGetData
 .text.NVIC_EnableIRQ
                0x00000b0c       0x38 ..\obj\main.o
 .text.enterCritical
                0x00000b44       0x30 ..\obj\main.o
 .text.exitCritical
                0x00000b74       0x30 ..\obj\main.o
 .text.interruptEnter
                0x00000ba4       0x28 ..\obj\main.o
 .text.interruptExit
                0x00000bcc       0x9c ..\obj\main.o
 .text.main     0x00000c68      0x1e8 ..\obj\main.o
                0x00000c68                main
 .text.Task1    0x00000e50       0x78 ..\obj\main.o
                0x00000e50                Task1
 .text.ADC_IRQHandler
                0x00000ec8       0x44 ..\obj\main.o
                0x00000ec8                ADC_IRQHandler
 .text.ADC_Task
                0x00000f0c       0x7c ..\obj\main.o
                0x00000f0c                ADC_Task
 .text.TaskMatrix
                0x00000f88      0x100 ..\obj\main.o
                0x00000f88                TaskMatrix
 .text.Task2    0x00001088      0x144 ..\obj\main.o
                0x00001088                Task2
 .text.Task3    0x000011cc       0x90 ..\obj\main.o
                0x000011cc                Task3
 .text.Task4    0x0000125c       0x38 ..\obj\main.o
                0x0000125c                Task4
 .text.Task5    0x00001294       0x18 ..\obj\main.o
                0x00001294                Task5
 .text.Task6    0x000012ac       0x44 ..\obj\main.o
                0x000012ac                Task6
 .text.idleTaskHook
                0x000012f0        0xc ..\obj\main.o
                0x000012f0                idleTaskHook
 .text.heapInit
                0x000012fc       0x5c ..\obj\heap.o
                0x000012fc                heapInit
 .text.portMalloc
                0x00001358       0xa8 ..\obj\heap.o
                0x00001358                portMalloc
 .text.GPIO_GetPointer
                0x00001400       0x7c ..\obj\lpc17xx_gpio.o
 .text.GPIO_SetDir
                0x0000147c       0x54 ..\obj\lpc17xx_gpio.o
                0x0000147c                GPIO_SetDir
 .text.GPIO_SetValue
                0x000014d0       0x2c ..\obj\lpc17xx_gpio.o
                0x000014d0                GPIO_SetValue
 .text.GPIO_ClearValue
                0x000014fc       0x2c ..\obj\lpc17xx_gpio.o
                0x000014fc                GPIO_ClearValue
 .text.__list_add
                0x00001528       0x30 ..\obj\wait_queue.o
 .text.list_add
                0x00001558       0x20 ..\obj\wait_queue.o
 .text.list_add_tail
                0x00001578       0x20 ..\obj\wait_queue.o
 .text.__list_del
                0x00001598       0x20 ..\obj\wait_queue.o
 .text.list_del
                0x000015b8       0x30 ..\obj\wait_queue.o
 .text.list_del_init
                0x000015e8       0x2c ..\obj\wait_queue.o
 .text.list_empty
                0x00001614       0x24 ..\obj\wait_queue.o
 .text.enterCritical
                0x00001638       0x30 ..\obj\wait_queue.o
 .text.exitCritical
                0x00001668       0x30 ..\obj\wait_queue.o
 .text.addTaskToWaitQueue
                0x00001698       0x68 ..\obj\wait_queue.o
                0x00001698                addTaskToWaitQueue
 .text.removeTaskFromWaitQueue
                0x00001700       0x68 ..\obj\wait_queue.o
                0x00001700                removeTaskFromWaitQueue
 .text.removeHeadFromWaitQueue
                0x00001768       0x48 ..\obj\wait_queue.o
                0x00001768                removeHeadFromWaitQueue
 .text.statsInit
                0x000017b0       0x58 ..\obj\stats.o
                0x000017b0                statsInit
 .text.getCpuUtilization
                0x00001808       0x6c ..\obj\stats.o
                0x00001808                getCpuUtilization
 .text.check_failed
                0x00001874        0xc ..\obj\lpc17xx_libcfg_default.o
                0x00001874                check_failed
 .text.enterCritical
                0x00001880       0x30 ..\obj\time.o
 .text.exitCritical
                0x000018b0       0x30 ..\obj\time.o
 .text.interruptEnter
                0x000018e0       0x28 ..\obj\time.o
 .text.interruptExit
                0x00001908       0x9c ..\obj\time.o
 .text.OSTick   0x000019a4      0x120 ..\obj\time.o
                0x000019a4                OSTick
 .text.timeDelay
                0x00001ac4       0x3c ..\obj\time.o
                0x00001ac4                timeDelay
 .text.NVIC_SetPriority
                0x00001b00       0x5c ..\obj\port.o
 .text.StkInit  0x00001b5c       0x6c ..\obj\port.o
                0x00001b5c                StkInit
 .text.OSStartFirstTask
                0x00001bc8       0x20 ..\obj\port.o
                0x00001bc8                OSStartFirstTask
 .text.start_first_task
                0x00001be8       0x24 ..\obj\port.o
                0x00001be8                start_first_task
 .text.OSTickStart
                0x00001c0c       0x18 ..\obj\port.o
                0x00001c0c                OSTickStart
 .text.OSTickStop
                0x00001c24       0x24 ..\obj\port.o
                0x00001c24                OSTickStop
 .text.OSTickConfig
                0x00001c48       0x5c ..\obj\port.o
                0x00001c48                OSTickConfig
 .text.cpsie    0x00001ca4        0xc ..\obj\port.o
                0x00001ca4                cpsie
 .text.cpsid    0x00001cb0        0xc ..\obj\port.o
                0x00001cb0                cpsid
 .text.context_switch
                0x00001cbc       0x30 ..\obj\port.o
                0x00001cbc                context_switch
 .text.hw_init  0x00001cec       0x3c ..\obj\port.o
                0x00001cec                hw_init
 .text.init_service
                0x00001d28        0xc ..\obj\port.o
                0x00001d28                init_service
 .text.enterCritical
                0x00001d34       0x30 ..\obj\kernel.o
 .text.exitCritical
                0x00001d64       0x30 ..\obj\kernel.o
 .text.uKern_Init
                0x00001d94       0x18 ..\obj\kernel.o
                0x00001d94                uKern_Init
 .text.StartOS  0x00001dac       0x6c ..\obj\kernel.o
                0x00001dac                StartOS
 .text.schedule
                0x00001e18       0x94 ..\obj\kernel.o
                0x00001e18                schedule
 .text.IdleTask
                0x00001eac       0x3c ..\obj\kernel.o
                0x00001eac                IdleTask
 .text.yield    0x00001ee8       0x74 ..\obj\kernel.o
                0x00001ee8                yield
 .text.dotmat_init
                0x00001f5c       0x40 ..\obj\dotmatgl.o
                0x00001f5c                dotmat_init
 .text.plot_col
                0x00001f9c       0x40 ..\obj\dotmatgl.o
                0x00001f9c                plot_col
 .text.unplot_col
                0x00001fdc       0x3c ..\obj\dotmatgl.o
                0x00001fdc                unplot_col
 .text.plot_val
                0x00002018       0x24 ..\obj\dotmatgl.o
                0x00002018                plot_val
 .text.enterCritical
                0x0000203c       0x30 ..\obj\sem.o
 .text.exitCritical
                0x0000206c       0x30 ..\obj\sem.o
 .text.sem_init
                0x0000209c       0x3c ..\obj\sem.o
                0x0000209c                sem_init
 .text.sem_get  0x000020d8       0xbc ..\obj\sem.o
                0x000020d8                sem_get
 .text.list_empty
                0x00002194       0x24 ..\obj\message_queue.o
 .text.enterCritical
                0x000021b8       0x30 ..\obj\message_queue.o
 .text.exitCritical
                0x000021e8       0x30 ..\obj\message_queue.o
 .text.queueCreate
                0x00002218       0xb0 ..\obj\message_queue.o
                0x00002218                queueCreate
 .text.queueSendToTail
                0x000022c8       0xb8 ..\obj\message_queue.o
                0x000022c8                queueSendToTail
 .text.queueReceive
                0x00002380       0xdc ..\obj\message_queue.o
                0x00002380                queueReceive
 .text.queueGetMessage
                0x0000245c       0x5c ..\obj\message_queue.o
 .text          0x000024b8      0x21c c:/program files (x86)/arm-none-eabi-gcc-4_6/bin/../lib/gcc/arm-none-eabi/4.6.2/armv7-m\libgcc.a(_arm_addsubsf3.o)
                0x000024b8                __aeabi_frsub
                0x000024c0                __subsf3
                0x000024c0                __aeabi_fsub
                0x000024c4                __aeabi_fadd
                0x000024c4                __addsf3
                0x00002624                __aeabi_ui2f
                0x00002624                __floatunsisf
                0x0000262c                __aeabi_i2f
                0x0000262c                __floatsisf
                0x00002648                __aeabi_ul2f
                0x00002648                __floatundisf
                0x00002658                __aeabi_l2f
                0x00002658                __floatdisf
 .text          0x000026d4      0x2a0 c:/program files (x86)/arm-none-eabi-gcc-4_6/bin/../lib/gcc/arm-none-eabi/4.6.2/armv7-m\libgcc.a(_arm_muldivsf3.o)
                0x000026d4                __mulsf3
                0x000026d4                __aeabi_fmul
                0x0000283c                __aeabi_fdiv
                0x0000283c                __divsf3
 .text          0x00002974       0x40 c:/program files (x86)/arm-none-eabi-gcc-4_6/bin/../lib/gcc/arm-none-eabi/4.6.2/armv7-m\libgcc.a(_arm_fixunssfsi.o)
                0x00002974                __fixunssfsi
                0x00002974                __aeabi_f2uiz
 .text          0x000029b4       0x84 c:/program files (x86)/arm-none-eabi-gcc-4_6/bin/../lib/gcc/arm-none-eabi/4.6.2/../../../../arm-none-eabi/lib/armv7-m\libg.a(lib_a-memcpy.o)
                0x000029b4                memcpy
 *(.glue_7t)
 .glue_7t       0x00000000        0x0 linker stubs
 *(.glue_7)
 .glue_7        0x00000000        0x0 linker stubs
 *(.rodata .rodata* .gnu.linkonce.r.*)
 .rodata        0x00002a38       0x58 ..\obj\lpc17xx_adc.o
 .rodata        0x00002a90       0x28 ..\obj\main.o
                0x00002a90                j

.vfp11_veneer   0x00002ab8        0x0
 .vfp11_veneer  0x00000000        0x0 linker stubs

.v4_bx          0x00002ab8        0x0
 .v4_bx         0x00000000        0x0 linker stubs

.ARM.extab
 *(.ARM.extab* .gnu.linkonce.armextab.*)
                0x00002ab8                __exidx_start = .

.ARM.exidx
 *(.ARM.exidx* .gnu.linkonce.armexidx.*)
                0x00002ab8                __exidx_end = .
                0x00002ab8                . = ALIGN (0x4)
                0x00002ab8                _etext = .
                0x00002ab8                _sidata = .

.data           0x10000000        0x4 load address 0x00002ab8
                0x10000000                _sdata = .
 *(.data .data.*)
 .data          0x10000000        0x4 ..\obj\system_LPC17xx.o
                0x10000000                SystemCoreClock
                0x10000004                . = ALIGN (0x4)
                0x10000004                _edata = .

.bss            0x10000004     0x36a4 load address 0x00002abc
                0x10000004                _sbss = .
 *(.bss .bss.*)
 .bss           0x10000004        0x4 ..\obj\task.o
                0x10000004                number_of_tasks
 .bss           0x10000008        0x8 ..\obj\heap.o
 .bss           0x10000010        0xc ..\obj\stats.o
                0x10000010                statCounter
                0x10000014                stat_flag
                0x10000018                idleCounterStats
 .bss           0x1000001c        0x4 ..\obj\time.o
 .bss           0x10000020       0x10 ..\obj\kernel.o
                0x10000020                criticalNesting
                0x10000024                interruptNesting
                0x10000028                idleCounter
                0x1000002c                kernel_running
 *(COMMON)
 COMMON         0x10000030      0x400 ..\obj\cr_startup_lpc17.o
                0x10000030                pulStack
 COMMON         0x10000430      0x2bc ..\obj\task.o
                0x10000430                highestTCB
                0x10000434                currentTCB
                0x10000438                ReadyArray
                0x10000460                allTasksLinked
                0x10000468                TaskArray
                0x10000490                IdleStack
                0x100006e8                ReadyTaskBitmap
 COMMON         0x100006ec     0x2bcc ..\obj\main.o
                0x100006ec                Stack3
                0x10000c64                taskMatrixQueue
                0x10000c68                StackMatrix
                0x100011e0                Stack2
                0x10001758                Stack5
                0x10001cd0                Stack1
                0x10002248                StackADC
                0x100027c0                task6Q
                0x100027c4                s
                0x100027c8                Stack6
                0x10002d40                Stack4
 COMMON         0x100032b8      0x3f0 ..\obj\heap.o
                0x100032b8                heap1
                0x100036a4                heap
                0x100036a8                . = ALIGN (0x4)
                0x100036a8                _ebss = .

.co_stack       0x100036a8        0x0
                0x100036a8                . = ALIGN (0x8)
 *(.co_stack .co_stack.*)
                0x100036a8                . = ALIGN (0x4)
                0x100036a8                _end = .
LOAD ..\obj\core_cm3.o
LOAD ..\obj\lpc17xx_clkpwr.o
LOAD ..\obj\system_LPC17xx.o
LOAD ..\obj\cr_startup_lpc17.o
LOAD ..\obj\task.o
LOAD ..\obj\lpc17xx_adc.o
LOAD ..\obj\main.o
LOAD ..\obj\hooks.o
LOAD ..\obj\heap.o
LOAD ..\obj\lpc17xx_gpio.o
LOAD ..\obj\wait_queue.o
LOAD ..\obj\stats.o
LOAD ..\obj\lpc17xx_libcfg_default.o
LOAD ..\obj\time.o
LOAD ..\obj\lpc17xx_pinsel.o
LOAD ..\obj\syscalls.o
LOAD ..\obj\port.o
LOAD ..\obj\kernel.o
LOAD ..\obj\dotmatgl.o
LOAD ..\obj\sem.o
LOAD ..\obj\message_queue.o
START GROUP
LOAD c:/program files (x86)/arm-none-eabi-gcc-4_6/bin/../lib/gcc/arm-none-eabi/4.6.2/armv7-m\libgcc.a
LOAD c:/program files (x86)/arm-none-eabi-gcc-4_6/bin/../lib/gcc/arm-none-eabi/4.6.2/../../../../arm-none-eabi/lib/armv7-m\libg.a
LOAD c:/program files (x86)/arm-none-eabi-gcc-4_6/bin/../lib/gcc/arm-none-eabi/4.6.2/../../../../arm-none-eabi/lib/armv7-m\libc.a
END GROUP
OUTPUT(uKernel.elf elf32-littlearm)

.debug_info     0x00000000     0x7599
 .debug_info    0x00000000      0x548 ..\obj\core_cm3.o
 .debug_info    0x00000548      0x667 ..\obj\lpc17xx_clkpwr.o
 .debug_info    0x00000baf      0x4f9 ..\obj\system_LPC17xx.o
 .debug_info    0x000010a8      0x251 ..\obj\cr_startup_lpc17.o
 .debug_info    0x000012f9      0x656 ..\obj\task.o
 .debug_info    0x0000194f      0x604 ..\obj\lpc17xx_adc.o
 .debug_info    0x00001f53     0x116f ..\obj\main.o
 .debug_info    0x000030c2      0x1a5 ..\obj\heap.o
 .debug_info    0x00003267      0xe1a ..\obj\lpc17xx_gpio.o
 .debug_info    0x00004081      0x568 ..\obj\wait_queue.o
 .debug_info    0x000045e9      0x3ac ..\obj\stats.o
 .debug_info    0x00004995       0xc5 ..\obj\lpc17xx_libcfg_default.o
 .debug_info    0x00004a5a      0x643 ..\obj\time.o
 .debug_info    0x0000509d      0x4a6 ..\obj\lpc17xx_pinsel.o
 .debug_info    0x00005543      0x440 ..\obj\syscalls.o
 .debug_info    0x00005983      0x6f0 ..\obj\port.o
 .debug_info    0x00006073      0x616 ..\obj\kernel.o
 .debug_info    0x00006689      0x4fe ..\obj\dotmatgl.o
 .debug_info    0x00006b87      0x468 ..\obj\sem.o
 .debug_info    0x00006fef      0x5aa ..\obj\message_queue.o

.debug_abbrev   0x00000000     0x1c0d
 .debug_abbrev  0x00000000       0xd5 ..\obj\core_cm3.o
 .debug_abbrev  0x000000d5      0x170 ..\obj\lpc17xx_clkpwr.o
 .debug_abbrev  0x00000245       0xd7 ..\obj\system_LPC17xx.o
 .debug_abbrev  0x0000031c       0xc8 ..\obj\cr_startup_lpc17.o
 .debug_abbrev  0x000003e4      0x1ff ..\obj\task.o
 .debug_abbrev  0x000005e3      0x13b ..\obj\lpc17xx_adc.o
 .debug_abbrev  0x0000071e      0x300 ..\obj\main.o
 .debug_abbrev  0x00000a1e        0x1 ..\obj\hooks.o
 .debug_abbrev  0x00000a1f      0x113 ..\obj\heap.o
 .debug_abbrev  0x00000b32      0x1c7 ..\obj\lpc17xx_gpio.o
 .debug_abbrev  0x00000cf9      0x176 ..\obj\wait_queue.o
 .debug_abbrev  0x00000e6f      0x155 ..\obj\stats.o
 .debug_abbrev  0x00000fc4       0x66 ..\obj\lpc17xx_libcfg_default.o
 .debug_abbrev  0x0000102a      0x1ff ..\obj\time.o
 .debug_abbrev  0x00001229      0x11b ..\obj\lpc17xx_pinsel.o
 .debug_abbrev  0x00001344       0xde ..\obj\syscalls.o
 .debug_abbrev  0x00001422      0x1e4 ..\obj\port.o
 .debug_abbrev  0x00001606      0x1e1 ..\obj\kernel.o
 .debug_abbrev  0x000017e7       0xfc ..\obj\dotmatgl.o
 .debug_abbrev  0x000018e3      0x187 ..\obj\sem.o
 .debug_abbrev  0x00001a6a      0x1a3 ..\obj\message_queue.o

.debug_loc      0x00000000     0x2a9a
 .debug_loc     0x00000000      0x3f0 ..\obj\core_cm3.o
 .debug_loc     0x000003f0      0x1bc ..\obj\lpc17xx_clkpwr.o
 .debug_loc     0x000005ac       0x58 ..\obj\system_LPC17xx.o
 .debug_loc     0x00000604      0x1f0 ..\obj\cr_startup_lpc17.o
 .debug_loc     0x000007f4      0x2f8 ..\obj\task.o
 .debug_loc     0x00000aec      0x2d8 ..\obj\lpc17xx_adc.o
 .debug_loc     0x00000dc4      0x38e ..\obj\main.o
 .debug_loc     0x00001152       0xd4 ..\obj\heap.o
 .debug_loc     0x00001226      0x620 ..\obj\lpc17xx_gpio.o
 .debug_loc     0x00001846      0x2c0 ..\obj\wait_queue.o
 .debug_loc     0x00001b06       0xbc ..\obj\stats.o
 .debug_loc     0x00001bc2       0x38 ..\obj\lpc17xx_libcfg_default.o
 .debug_loc     0x00001bfa      0x1bc ..\obj\time.o
 .debug_loc     0x00001db6      0x150 ..\obj\lpc17xx_pinsel.o
 .debug_loc     0x00001f06      0x1ec ..\obj\syscalls.o
 .debug_loc     0x000020f2      0x26c ..\obj\port.o
 .debug_loc     0x0000235e      0x190 ..\obj\kernel.o
 .debug_loc     0x000024ee      0x1b4 ..\obj\dotmatgl.o
 .debug_loc     0x000026a2      0x1a8 ..\obj\sem.o
 .debug_loc     0x0000284a      0x250 ..\obj\message_queue.o

.debug_aranges  0x00000000      0x878
 .debug_aranges
                0x00000000       0xc8 ..\obj\core_cm3.o
 .debug_aranges
                0x000000c8       0x60 ..\obj\lpc17xx_clkpwr.o
 .debug_aranges
                0x00000128       0x28 ..\obj\system_LPC17xx.o
 .debug_aranges
                0x00000150       0x70 ..\obj\cr_startup_lpc17.o
 .debug_aranges
                0x000001c0       0x88 ..\obj\task.o
 .debug_aranges
                0x00000248       0x80 ..\obj\lpc17xx_adc.o
 .debug_aranges
                0x000002c8       0xa0 ..\obj\main.o
 .debug_aranges
                0x00000368       0x38 ..\obj\heap.o
 .debug_aranges
                0x000003a0       0xf8 ..\obj\lpc17xx_gpio.o
 .debug_aranges
                0x00000498       0x80 ..\obj\wait_queue.o
 .debug_aranges
                0x00000518       0x38 ..\obj\stats.o
 .debug_aranges
                0x00000550       0x20 ..\obj\lpc17xx_libcfg_default.o
 .debug_aranges
                0x00000570       0x60 ..\obj\time.o
 .debug_aranges
                0x000005d0       0x48 ..\obj\lpc17xx_pinsel.o
 .debug_aranges
                0x00000618       0x60 ..\obj\syscalls.o
 .debug_aranges
                0x00000678       0x88 ..\obj\port.o
 .debug_aranges
                0x00000700       0x58 ..\obj\kernel.o
 .debug_aranges
                0x00000758       0x58 ..\obj\dotmatgl.o
 .debug_aranges
                0x000007b0       0x58 ..\obj\sem.o
 .debug_aranges
                0x00000808       0x70 ..\obj\message_queue.o

.debug_ranges   0x00000000      0x738
 .debug_ranges  0x00000000       0xb8 ..\obj\core_cm3.o
 .debug_ranges  0x000000b8       0x50 ..\obj\lpc17xx_clkpwr.o
 .debug_ranges  0x00000108       0x18 ..\obj\system_LPC17xx.o
 .debug_ranges  0x00000120       0x60 ..\obj\cr_startup_lpc17.o
 .debug_ranges  0x00000180       0x78 ..\obj\task.o
 .debug_ranges  0x000001f8       0x70 ..\obj\lpc17xx_adc.o
 .debug_ranges  0x00000268       0x90 ..\obj\main.o
 .debug_ranges  0x000002f8       0x28 ..\obj\heap.o
 .debug_ranges  0x00000320       0xe8 ..\obj\lpc17xx_gpio.o
 .debug_ranges  0x00000408       0x70 ..\obj\wait_queue.o
 .debug_ranges  0x00000478       0x28 ..\obj\stats.o
 .debug_ranges  0x000004a0       0x10 ..\obj\lpc17xx_libcfg_default.o
 .debug_ranges  0x000004b0       0x50 ..\obj\time.o
 .debug_ranges  0x00000500       0x38 ..\obj\lpc17xx_pinsel.o
 .debug_ranges  0x00000538       0x50 ..\obj\syscalls.o
 .debug_ranges  0x00000588       0x78 ..\obj\port.o
 .debug_ranges  0x00000600       0x48 ..\obj\kernel.o
 .debug_ranges  0x00000648       0x48 ..\obj\dotmatgl.o
 .debug_ranges  0x00000690       0x48 ..\obj\sem.o
 .debug_ranges  0x000006d8       0x60 ..\obj\message_queue.o

.debug_line     0x00000000     0x3393
 .debug_line    0x00000000      0x299 ..\obj\core_cm3.o
 .debug_line    0x00000299      0x2f2 ..\obj\lpc17xx_clkpwr.o
 .debug_line    0x0000058b      0x23a ..\obj\system_LPC17xx.o
 .debug_line    0x000007c5      0x1c6 ..\obj\cr_startup_lpc17.o
 .debug_line    0x0000098b      0x2d5 ..\obj\task.o
 .debug_line    0x00000c60      0x3f7 ..\obj\lpc17xx_adc.o
 .debug_line    0x00001057      0x4cb ..\obj\main.o
 .debug_line    0x00001522        0x0 ..\obj\hooks.o
 .debug_line    0x00001522      0x129 ..\obj\heap.o
 .debug_line    0x0000164b      0x4ba ..\obj\lpc17xx_gpio.o
 .debug_line    0x00001b05      0x27a ..\obj\wait_queue.o
 .debug_line    0x00001d7f      0x1b2 ..\obj\stats.o
 .debug_line    0x00001f31      0x114 ..\obj\lpc17xx_libcfg_default.o
 .debug_line    0x00002045      0x2c3 ..\obj\time.o
 .debug_line    0x00002308      0x291 ..\obj\lpc17xx_pinsel.o
 .debug_line    0x00002599      0x1a8 ..\obj\syscalls.o
 .debug_line    0x00002741      0x319 ..\obj\port.o
 .debug_line    0x00002a5a      0x29a ..\obj\kernel.o
 .debug_line    0x00002cf4      0x216 ..\obj\dotmatgl.o
 .debug_line    0x00002f0a      0x20b ..\obj\sem.o
 .debug_line    0x00003115      0x27e ..\obj\message_queue.o

.debug_str      0x00000000     0x204b
 .debug_str     0x00000000      0x231 ..\obj\core_cm3.o
                                0x27b (size before relaxing)
 .debug_str     0x00000231      0x2ea ..\obj\lpc17xx_clkpwr.o
                                0x3cd (size before relaxing)
 .debug_str     0x0000051b       0x77 ..\obj\system_LPC17xx.o
                                0x30a (size before relaxing)
 .debug_str     0x00000592      0x148 ..\obj\cr_startup_lpc17.o
                                0x222 (size before relaxing)
 .debug_str     0x000006da      0x324 ..\obj\task.o
                                0x41b (size before relaxing)
 .debug_str     0x000009fe      0x3b5 ..\obj\lpc17xx_adc.o
                                0x4e0 (size before relaxing)
 .debug_str     0x00000db3      0x530 ..\obj\main.o
                                0x9f7 (size before relaxing)
 .debug_str     0x000012e3       0x9a ..\obj\heap.o
                                0x1c8 (size before relaxing)
 .debug_str     0x0000137d      0x33b ..\obj\lpc17xx_gpio.o
                                0x592 (size before relaxing)
 .debug_str     0x000016b8       0xca ..\obj\wait_queue.o
                                0x3e7 (size before relaxing)
 .debug_str     0x00001782       0xa0 ..\obj\stats.o
                                0x327 (size before relaxing)
 .debug_str     0x00001822       0x79 ..\obj\lpc17xx_libcfg_default.o
                                0x15c (size before relaxing)
 .debug_str     0x0000189b       0x97 ..\obj\time.o
                                0x3dc (size before relaxing)
 .debug_str     0x00001932      0x284 ..\obj\lpc17xx_pinsel.o
                                0x3a6 (size before relaxing)
 .debug_str     0x00001bb6      0x16b ..\obj\syscalls.o
                                0x2b6 (size before relaxing)
 .debug_str     0x00001d21      0x104 ..\obj\port.o
                                0x4fe (size before relaxing)
 .debug_str     0x00001e25       0x82 ..\obj\kernel.o
                                0x3a5 (size before relaxing)
 .debug_str     0x00001ea7       0x6e ..\obj\dotmatgl.o
                                0x2c2 (size before relaxing)
 .debug_str     0x00001f15       0x7c ..\obj\sem.o
                                0x384 (size before relaxing)
 .debug_str     0x00001f91       0xba ..\obj\message_queue.o
                                0x404 (size before relaxing)

.comment        0x00000000       0x70
 .comment       0x00000000       0x70 ..\obj\core_cm3.o
                                 0x71 (size before relaxing)
 .comment       0x00000000       0x71 ..\obj\lpc17xx_clkpwr.o
 .comment       0x00000000       0x71 ..\obj\system_LPC17xx.o
 .comment       0x00000000       0x71 ..\obj\cr_startup_lpc17.o
 .comment       0x00000000       0x71 ..\obj\task.o
 .comment       0x00000000       0x71 ..\obj\lpc17xx_adc.o
 .comment       0x00000000       0x71 ..\obj\main.o
 .comment       0x00000000       0x71 ..\obj\hooks.o
 .comment       0x00000000       0x71 ..\obj\heap.o
 .comment       0x00000000       0x71 ..\obj\lpc17xx_gpio.o
 .comment       0x00000000       0x71 ..\obj\wait_queue.o
 .comment       0x00000000       0x71 ..\obj\stats.o
 .comment       0x00000000       0x71 ..\obj\lpc17xx_libcfg_default.o
 .comment       0x00000000       0x71 ..\obj\time.o
 .comment       0x00000000       0x71 ..\obj\lpc17xx_pinsel.o
 .comment       0x00000000       0x71 ..\obj\syscalls.o
 .comment       0x00000000       0x71 ..\obj\port.o
 .comment       0x00000000       0x71 ..\obj\kernel.o
 .comment       0x00000000       0x71 ..\obj\dotmatgl.o
 .comment       0x00000000       0x71 ..\obj\sem.o
 .comment       0x00000000       0x71 ..\obj\message_queue.o

.ARM.attributes
                0x00000000       0x33
 .ARM.attributes
                0x00000000       0x33 ..\obj\core_cm3.o
 .ARM.attributes
                0x00000033       0x33 ..\obj\lpc17xx_clkpwr.o
 .ARM.attributes
                0x00000066       0x33 ..\obj\system_LPC17xx.o
 .ARM.attributes
                0x00000099       0x33 ..\obj\cr_startup_lpc17.o
 .ARM.attributes
                0x000000cc       0x33 ..\obj\task.o
 .ARM.attributes
                0x000000ff       0x33 ..\obj\lpc17xx_adc.o
 .ARM.attributes
                0x00000132       0x33 ..\obj\main.o
 .ARM.attributes
                0x00000165       0x33 ..\obj\hooks.o
 .ARM.attributes
                0x00000198       0x33 ..\obj\heap.o
 .ARM.attributes
                0x000001cb       0x33 ..\obj\lpc17xx_gpio.o
 .ARM.attributes
                0x000001fe       0x33 ..\obj\wait_queue.o
 .ARM.attributes
                0x00000231       0x33 ..\obj\stats.o
 .ARM.attributes
                0x00000264       0x33 ..\obj\lpc17xx_libcfg_default.o
 .ARM.attributes
                0x00000297       0x33 ..\obj\time.o
 .ARM.attributes
                0x000002ca       0x33 ..\obj\lpc17xx_pinsel.o
 .ARM.attributes
                0x000002fd       0x33 ..\obj\syscalls.o
 .ARM.attributes
                0x00000330       0x33 ..\obj\port.o
 .ARM.attributes
                0x00000363       0x33 ..\obj\kernel.o
 .ARM.attributes
                0x00000396       0x33 ..\obj\dotmatgl.o
 .ARM.attributes
                0x000003c9       0x33 ..\obj\sem.o
 .ARM.attributes
                0x000003fc       0x33 ..\obj\message_queue.o
 .ARM.attributes
                0x0000042f       0x1d c:/program files (x86)/arm-none-eabi-gcc-4_6/bin/../lib/gcc/arm-none-eabi/4.6.2/armv7-m\libgcc.a(_arm_addsubsf3.o)
 .ARM.attributes
                0x0000044c       0x1d c:/program files (x86)/arm-none-eabi-gcc-4_6/bin/../lib/gcc/arm-none-eabi/4.6.2/armv7-m\libgcc.a(_arm_muldivsf3.o)
 .ARM.attributes
                0x00000469       0x1d c:/program files (x86)/arm-none-eabi-gcc-4_6/bin/../lib/gcc/arm-none-eabi/4.6.2/armv7-m\libgcc.a(_arm_fixunssfsi.o)
 .ARM.attributes
                0x00000486       0x2d c:/program files (x86)/arm-none-eabi-gcc-4_6/bin/../lib/gcc/arm-none-eabi/4.6.2/../../../../arm-none-eabi/lib/armv7-m\libg.a(lib_a-memcpy.o)

.debug_frame    0x00000000     0x1980
 .debug_frame   0x00000000      0x280 ..\obj\core_cm3.o
 .debug_frame   0x00000280      0x10c ..\obj\lpc17xx_clkpwr.o
 .debug_frame   0x0000038c       0x40 ..\obj\system_LPC17xx.o
 .debug_frame   0x000003cc      0x120 ..\obj\cr_startup_lpc17.o
 .debug_frame   0x000004ec      0x1bc ..\obj\task.o
 .debug_frame   0x000006a8      0x1ac ..\obj\lpc17xx_adc.o
 .debug_frame   0x00000854      0x218 ..\obj\main.o
 .debug_frame   0x00000a6c       0x7c ..\obj\heap.o
 .debug_frame   0x00000ae8      0x378 ..\obj\lpc17xx_gpio.o
 .debug_frame   0x00000e60      0x19c ..\obj\wait_queue.o
 .debug_frame   0x00000ffc       0x84 ..\obj\stats.o
 .debug_frame   0x00001080       0x2c ..\obj\lpc17xx_libcfg_default.o
 .debug_frame   0x000010ac      0x114 ..\obj\time.o
 .debug_frame   0x000011c0       0xbc ..\obj\lpc17xx_pinsel.o
 .debug_frame   0x0000127c      0x108 ..\obj\syscalls.o
 .debug_frame   0x00001384      0x174 ..\obj\port.o
 .debug_frame   0x000014f8      0x100 ..\obj\kernel.o
 .debug_frame   0x000015f8       0xf8 ..\obj\dotmatgl.o
 .debug_frame   0x000016f0      0x104 ..\obj\sem.o
 .debug_frame   0x000017f4      0x160 ..\obj\message_queue.o
 .debug_frame   0x00001954       0x2c c:/program files (x86)/arm-none-eabi-gcc-4_6/bin/../lib/gcc/arm-none-eabi/4.6.2/../../../../arm-none-eabi/lib/armv7-m\libg.a(lib_a-memcpy.o)
