ARM Linker, 4.1 [Build 894] [Evaluation]

==============================================================================

Section Cross References

    startup_mps_cm3.o(STACK) refers (Special) to heapauxi.o(.text) for __use_two_region_memory
    startup_mps_cm3.o(STACK) refers (Special) to switch.o(SWITCH) for start_first_task
    startup_mps_cm3.o(HEAP) refers (Special) to heapauxi.o(.text) for __use_two_region_memory
    startup_mps_cm3.o(HEAP) refers (Special) to switch.o(SWITCH) for start_first_task
    startup_mps_cm3.o(RESET) refers (Special) to heapauxi.o(.text) for __use_two_region_memory
    startup_mps_cm3.o(RESET) refers (Special) to switch.o(SWITCH) for start_first_task
    startup_mps_cm3.o(RESET) refers to startup_mps_cm3.o(STACK) for __initial_sp
    startup_mps_cm3.o(RESET) refers to startup_mps_cm3.o(.text) for Reset_Handler
    startup_mps_cm3.o(.text) refers (Special) to heapauxi.o(.text) for __use_two_region_memory
    startup_mps_cm3.o(.text) refers (Special) to switch.o(SWITCH) for start_first_task
    startup_mps_cm3.o(.text) refers to port.o(.text) for prvGetRegistersFromStack
    startup_mps_cm3.o(.text) refers to time.o(.text) for OSTick
    startup_mps_cm3.o(.text) refers to __main.o(!!!main) for __main
    startup_mps_cm3.o(.text) refers to startup_mps_cm3.o(HEAP) for Heap_Mem
    startup_mps_cm3.o(.text) refers to startup_mps_cm3.o(STACK) for Stack_Mem
    switch.o(SWITCH) refers to task.o(.data) for currentTCB
    main.o(.text) refers to h1_alloc.o(.text) for malloc
    main.o(.text) refers to sem.o(.text) for sem_get
    main.o(.text) refers to message_queue.o(.text) for queueReceive
    main.o(.text) refers to time.o(.text) for timeDelay
    main.o(.text) refers to system_lpc17xx.o(.text) for SystemInit
    main.o(.text) refers to kernel.o(.text) for uKern_Init
    main.o(.text) refers to task.o(.text) for task_create
    main.o(.text) refers to main.o(.data) for s
    main.o(.text) refers to main.o(.bss) for Stack1
    task.o(.text) refers to h1_alloc.o(.text) for malloc
    task.o(.text) refers to port.o(.text) for StkInit
    task.o(.text) refers to task.o(.emb_text) for __asm___6_task_c_37835c6e__cpsid
    task.o(.text) refers to task.o(.bss) for TaskArray
    task.o(.text) refers to task.o(.data) for allTasksLinked
    task.o(.text) refers to kernel.o(.data) for criticalNesting
    port.o(.text) refers to port.o(.data) for r0
    kernel.o(.text) refers to task.o(.text) for task_create
    kernel.o(.text) refers to port.o(.text) for OSTickConfig
    kernel.o(.text) refers to kernel.o(.emb_text) for __asm___8_kernel_c_85227911__cpsid
    kernel.o(.text) refers to kernel.o(.data) for idleCounter
    kernel.o(.text) refers to kernel.o(.bss) for IdleStack
    kernel.o(.text) refers to task.o(.data) for highestTCB
    time.o(.text) refers to kernel.o(.text) for interruptEnter
    time.o(.text) refers to task.o(.text) for schedule
    time.o(.text) refers to time.o(.emb_text) for __asm___6_time_c_OSTick__cpsid
    time.o(.text) refers to time.o(.data) for OSTicks
    time.o(.text) refers to task.o(.data) for allTasksLinked
    time.o(.text) refers to task.o(.bss) for TaskArray
    time.o(.text) refers to kernel.o(.data) for criticalNesting
    wait_queue.o(.text) refers to wait_queue.o(.emb_text) for __asm___12_wait_queue_c_ddacab25__cpsid
    wait_queue.o(.text) refers to kernel.o(.data) for criticalNesting
    message_queue.o(.text) refers to h1_alloc.o(.text) for malloc
    message_queue.o(.text) refers to rt_memcpy_v6.o(.text) for __aeabi_memcpy
    message_queue.o(.text) refers to wait_queue.o(.text) for removeHeadFromWaitQueue
    message_queue.o(.text) refers to task.o(.text) for TaskEnable
    message_queue.o(.text) refers to time.o(.text) for timeDelay
    message_queue.o(.text) refers to message_queue.o(.emb_text) for __asm___15_message_queue_c_56390e30__cpsid
    message_queue.o(.text) refers to task.o(.data) for currentTCB
    message_queue.o(.text) refers to kernel.o(.data) for criticalNesting
    sem.o(.text) refers to h1_alloc.o(.text) for malloc
    sem.o(.text) refers to wait_queue.o(.text) for addTaskToWaitQueue
    sem.o(.text) refers to time.o(.text) for timeDelay
    sem.o(.text) refers to task.o(.text) for yield
    sem.o(.text) refers to sem.o(.emb_text) for __asm___5_sem_c_sem_init__cpsid
    sem.o(.text) refers to task.o(.data) for currentTCB
    sem.o(.text) refers to kernel.o(.data) for criticalNesting
    system_lpc17xx.o(.text) refers to system_lpc17xx.o(.data) for SystemCoreClock
    malloc.o(.text) refers (Special) to hguard.o(.text) for __heap$guard
    malloc.o(.text) refers (Special) to init_alloc.o(.text) for _init_alloc
    malloc.o(.text) refers to rt_heap_descriptor_intlibspace.o(.text) for __rt_heap_descriptor
    malloc.o(.text) refers to heapstubs.o(.text) for __Heap_Alloc
    h1_alloc.o(.text) refers (Special) to h1_init.o(.text) for __Heap_Initialize
    h1_alloc.o(.text) refers to rt_heap_descriptor_intlibspace.o(.text) for __rt_heap_descriptor
    h1_alloc.o(.text) refers to init_alloc.o(.text) for __Heap_Full
    h1_alloc_mt.o(.text) refers (Special) to h1_init.o(.text) for __Heap_Initialize
    h1_alloc_mt.o(.text) refers to init_alloc.o(.text) for __Heap_Full
    h1_alloc_mt.o(.text) refers to rt_heap_descriptor_intlibspace.o(.text) for __rt_heap_descriptor
    heap2.o(i._FDIterate) refers to heap2.o(.constdata) for .constdata
    heap2.o(i.___Heap_ProvideMemory$realtime) refers to fdtree.o(i._FDTree_Delete) for _FDTree_Delete
    heap2.o(i.___Heap_ProvideMemory$realtime) refers to fdtree.o(i._FDTree_Insert) for _FDTree_Insert
    heap2.o(i.___Heap_Stats$realtime) refers to heap2.o(i._Heap2_StatsIterate) for _Heap2_StatsIterate
    heap2.o(i.___Heap_Valid$realtime) refers to heap2.o(i._FDIterate) for _FDIterate
    heap2.o(i.___Heap_Valid$realtime) refers to heap2.o(.constdata) for .constdata
    heap2.o(i._free$realtime) refers to rt_heap_descriptor_intlibspace.o(.text) for __rt_heap_descriptor
    heap2.o(i._free$realtime) refers to fdtree.o(i._FDTree_Delete) for _FDTree_Delete
    heap2.o(i._free$realtime) refers to fdtree.o(i._FDTree_Insert) for _FDTree_Insert
    heap2.o(i._malloc$realtime) refers to rt_heap_descriptor_intlibspace.o(.text) for __rt_heap_descriptor
    heap2.o(i._malloc$realtime) refers to fdtree.o(i._FDTree_FindFirst) for _FDTree_FindFirst
    heap2.o(i._malloc$realtime) refers to init_alloc.o(.text) for __Heap_Full
    heap2.o(i._malloc$realtime) refers to fdtree.o(i._FDTree_RemoveNode) for _FDTree_RemoveNode
    heap2.o(i._malloc$realtime) refers to fdtree.o(i._FDTree_Insert) for _FDTree_Insert
    heap2.o(i._posix_memalign$realtime) refers to rt_heap_descriptor_intlibspace.o(.text) for __rt_heap_descriptor
    heap2.o(i._posix_memalign$realtime) refers to fdtree.o(i._FDTree_FindFirst) for _FDTree_FindFirst
    heap2.o(i._posix_memalign$realtime) refers to init_alloc.o(.text) for __Heap_Full
    heap2.o(i._posix_memalign$realtime) refers to fdtree.o(i._FDTree_RemoveNode) for _FDTree_RemoveNode
    heap2.o(i._posix_memalign$realtime) refers to fdtree.o(i._FDTree_Insert) for _FDTree_Insert
    heap2.o(i._realloc$realtime) refers to rt_heap_descriptor_intlibspace.o(.text) for __rt_heap_descriptor
    heap2.o(i._realloc$realtime) refers to h1_free.o(.text) for free
    heap2.o(i._realloc$realtime) refers to h1_alloc.o(.text) for malloc
    heap2.o(i._realloc$realtime) refers to fdtree.o(i._FDTree_Delete) for _FDTree_Delete
    heap2.o(i._realloc$realtime) refers to fdtree.o(i._FDTree_Insert) for _FDTree_Insert
    heap2.o(i._realloc$realtime) refers to rt_memcpy_w.o(.text) for __aeabi_memcpy4
    heap2mt.o(i._FDIterate) refers to heap2mt.o(.constdata) for .constdata
    heap2mt.o(i.___Heap_Initialize$realtime$concurrent) refers to mutex_dummy.o(.text) for _mutex_initialize
    heap2mt.o(i.___Heap_ProvideMemory$realtime$concurrent) refers to fdtree.o(i._FDTree_Delete) for _FDTree_Delete
    heap2mt.o(i.___Heap_ProvideMemory$realtime$concurrent) refers to fdtree.o(i._FDTree_Insert) for _FDTree_Insert
    heap2mt.o(i.___Heap_Stats$realtime$concurrent) refers to heap2mt.o(i._Heap2_StatsIterate) for _Heap2_StatsIterate
    heap2mt.o(i.___Heap_Valid$realtime$concurrent) refers to heap2mt.o(i._FDIterate) for _FDIterate
    heap2mt.o(i.___Heap_Valid$realtime$concurrent) refers to heap2mt.o(.constdata) for .constdata
    heap2mt.o(i._free$realtime$concurrent) refers to rt_heap_descriptor_intlibspace.o(.text) for __rt_heap_descriptor
    heap2mt.o(i._free$realtime$concurrent) refers to fdtree.o(i._FDTree_Delete) for _FDTree_Delete
    heap2mt.o(i._free$realtime$concurrent) refers to fdtree.o(i._FDTree_Insert) for _FDTree_Insert
    heap2mt.o(i._malloc$realtime$concurrent) refers to rt_heap_descriptor_intlibspace.o(.text) for __rt_heap_descriptor
    heap2mt.o(i._malloc$realtime$concurrent) refers to fdtree.o(i._FDTree_FindFirst) for _FDTree_FindFirst
    heap2mt.o(i._malloc$realtime$concurrent) refers to init_alloc.o(.text) for __Heap_Full
    heap2mt.o(i._malloc$realtime$concurrent) refers to fdtree.o(i._FDTree_RemoveNode) for _FDTree_RemoveNode
    heap2mt.o(i._malloc$realtime$concurrent) refers to fdtree.o(i._FDTree_Insert) for _FDTree_Insert
    heap2mt.o(i._posix_memalign$realtime$concurrent) refers to rt_heap_descriptor_intlibspace.o(.text) for __rt_heap_descriptor
    heap2mt.o(i._posix_memalign$realtime$concurrent) refers to fdtree.o(i._FDTree_FindFirst) for _FDTree_FindFirst
    heap2mt.o(i._posix_memalign$realtime$concurrent) refers to init_alloc.o(.text) for __Heap_Full
    heap2mt.o(i._posix_memalign$realtime$concurrent) refers to fdtree.o(i._FDTree_RemoveNode) for _FDTree_RemoveNode
    heap2mt.o(i._posix_memalign$realtime$concurrent) refers to fdtree.o(i._FDTree_Insert) for _FDTree_Insert
    heap2mt.o(i._realloc$realtime$concurrent) refers to rt_heap_descriptor_intlibspace.o(.text) for __rt_heap_descriptor
    heap2mt.o(i._realloc$realtime$concurrent) refers to h1_free.o(.text) for free
    heap2mt.o(i._realloc$realtime$concurrent) refers to h1_alloc.o(.text) for malloc
    heap2mt.o(i._realloc$realtime$concurrent) refers to fdtree.o(i._FDTree_Delete) for _FDTree_Delete
    heap2mt.o(i._realloc$realtime$concurrent) refers to fdtree.o(i._FDTree_Insert) for _FDTree_Insert
    heap2mt.o(i._realloc$realtime$concurrent) refers to rt_memcpy_w.o(.text) for __aeabi_memcpy4
    rt_memcpy_v6.o(.text) refers to rt_memcpy_w.o(.text) for __aeabi_memcpy4
    __main.o(!!!main) refers to rtentry.o(.ARM.Collect$$rtentry$$00000000) for __rt_entry
    rtentry.o(.ARM.Collect$$rtentry$$00000000) refers (Special) to rtentry2.o(.ARM.Collect$$rtentry$$0000000A) for __rt_entry_li
    rtentry.o(.ARM.Collect$$rtentry$$00000000) refers (Special) to rtentry2.o(.ARM.Collect$$rtentry$$0000000D) for __rt_entry_main
    rtentry.o(.ARM.Collect$$rtentry$$00000000) refers (Special) to rtentry2.o(.ARM.Collect$$rtentry$$0000000C) for __rt_entry_postli_1
    rtentry.o(.ARM.Collect$$rtentry$$00000000) refers (Special) to rtentry2.o(.ARM.Collect$$rtentry$$00000009) for __rt_entry_postsh_1
    rtentry.o(.ARM.Collect$$rtentry$$00000000) refers (Special) to rtentry2.o(.ARM.Collect$$rtentry$$00000002) for __rt_entry_presh_1
    rtentry.o(.ARM.Collect$$rtentry$$00000000) refers (Special) to rtentry4.o(.ARM.Collect$$rtentry$$00000004) for __rt_entry_sh
    rt_heap_descriptor.o(.text) refers to rt_heap_descriptor.o(.bss) for __rt_heap_descriptor_data
    rt_heap_descriptor_intlibspace.o(.text) refers to libspace.o(.bss) for __libspace_start
    init_alloc.o(.text) refers (Special) to hguard.o(.text) for __heap$guard
    init_alloc.o(.text) refers (Special) to libinit2.o(.ARM.Collect$$libinit$$00000001) for __rt_lib_init_heap_2
    init_alloc.o(.text) refers (Special) to maybetermalloc1.o(.emb_text) for _maybe_terminate_alloc
    init_alloc.o(.text) refers to h1_extend.o(.text) for __Heap_ProvideMemory
    init_alloc.o(.text) refers to defsig_rtmem_outer.o(.text) for __rt_SIGRTMEM
    init_alloc.o(.text) refers to rt_heap_descriptor_intlibspace.o(.text) for __rt_heap_descriptor
    init_alloc.o(.text) refers to h1_init.o(.text) for __Heap_Initialize
    free.o(.text) refers (Special) to hguard.o(.text) for __heap$guard
    free.o(.text) refers to rt_heap_descriptor_intlibspace.o(.text) for __rt_heap_descriptor
    free.o(.text) refers to heapstubs.o(.text) for __Heap_Free
    h1_free.o(.text) refers to rt_heap_descriptor_intlibspace.o(.text) for __rt_heap_descriptor
    h1_init_mt.o(.text) refers to mutex_dummy.o(.text) for _mutex_initialize
    h1_free_mt.o(.text) refers to rt_heap_descriptor_intlibspace.o(.text) for __rt_heap_descriptor
    _get_argv.o(.text) refers (Special) to hrguard.o(.text) for __heap_region$guard
    _get_argv.o(.text) refers to h1_alloc.o(.text) for malloc
    _get_argv.o(.text) refers to defsig_rtmem_outer.o(.text) for __rt_SIGRTMEM
    _get_argv.o(.text) refers to sys_command.o(.text) for _sys_command_string
    libinit2.o(.ARM.Collect$$libinit$$00000001) refers (Weak) to init_alloc.o(.text) for _init_alloc
    libinit2.o(.ARM.Collect$$libinit$$0000000C) refers to libinit2.o(.ARM.Collect$$libinit$$0000000B) for .ARM.Collect$$libinit$$0000000B
    libinit2.o(.ARM.Collect$$libinit$$0000000E) refers to libinit2.o(.ARM.Collect$$libinit$$0000000B) for .ARM.Collect$$libinit$$0000000B
    libinit2.o(.ARM.Collect$$libinit$$00000010) refers to libinit2.o(.ARM.Collect$$libinit$$0000000B) for .ARM.Collect$$libinit$$0000000B
    libinit2.o(.ARM.Collect$$libinit$$00000012) refers to libinit2.o(.ARM.Collect$$libinit$$0000000B) for .ARM.Collect$$libinit$$0000000B
    libinit2.o(.ARM.Collect$$libinit$$00000014) refers to libinit2.o(.ARM.Collect$$libinit$$0000000B) for .ARM.Collect$$libinit$$0000000B
    libinit2.o(.ARM.Collect$$libinit$$00000022) refers to argv_veneer.o(.emb_text) for __ARM_argv_veneer
    libinit2.o(.ARM.Collect$$libinit$$00000023) refers to argv_veneer.o(.emb_text) for __ARM_argv_veneer
    sys_command.o(.text) refers (Special) to use_no_semi.o(.text) for __I$use$semihosting
    sys_command.o(.text) refers (Special) to indicate_semi.o(.text) for __semihosting_library_function
    libspace.o(.text) refers to libspace.o(.bss) for __libspace_start
    rtentry2.o(.ARM.Collect$$rtentry$$00000008) refers to boardinit2.o(.text) for _platform_post_stackheap_init
    rtentry2.o(.ARM.Collect$$rtentry$$0000000A) refers to libinit.o(.ARM.Collect$$libinit$$00000000) for __rt_lib_init
    rtentry2.o(.ARM.Collect$$rtentry$$0000000B) refers to boardinit3.o(.text) for _platform_post_lib_init
    rtentry2.o(.ARM.Collect$$rtentry$$0000000D) refers to main.o(.text) for main
    rtentry2.o(.ARM.Collect$$rtentry$$0000000D) refers to exit.o(.text) for exit
    rtentry2.o(.ARM.exidx) refers to rtentry2.o(.ARM.Collect$$rtentry$$00000001) for .ARM.Collect$$rtentry$$00000001
    rtentry2.o(.ARM.exidx) refers to rtentry2.o(.ARM.Collect$$rtentry$$00000008) for .ARM.Collect$$rtentry$$00000008
    rtentry2.o(.ARM.exidx) refers to rtentry2.o(.ARM.Collect$$rtentry$$0000000A) for .ARM.Collect$$rtentry$$0000000A
    rtentry2.o(.ARM.exidx) refers to rtentry2.o(.ARM.Collect$$rtentry$$0000000B) for .ARM.Collect$$rtentry$$0000000B
    rtentry2.o(.ARM.exidx) refers to rtentry2.o(.ARM.Collect$$rtentry$$0000000D) for .ARM.Collect$$rtentry$$0000000D
    rtentry4.o(.ARM.Collect$$rtentry$$00000004) refers to sys_stackheap_outer.o(.text) for __user_setup_stackheap
    rtentry4.o(.ARM.exidx) refers to rtentry4.o(.ARM.Collect$$rtentry$$00000004) for .ARM.Collect$$rtentry$$00000004
    maybetermalloc2.o(.emb_text) refers (Special) to term_alloc.o(.text) for _terminate_alloc
    h1_extend.o(.text) refers to h1_free.o(.text) for free
    h1_extend_mt.o(.text) refers to h1_free_mt.o(.text) for _free_internal
    defsig_rtmem_outer.o(.text) refers to defsig_rtmem_inner.o(.text) for __rt_SIGRTMEM_inner
    defsig_rtmem_outer.o(.text) refers to defsig_exit.o(.text) for __sig_exit
    defsig_rtmem_formal.o(.text) refers to rt_raise.o(.text) for __rt_raise
    heapauxa.o(.text) refers to heapauxa.o(.data) for .data
    argv_veneer.o(.emb_text) refers to no_argv.o(.text) for __ARM_get_argv
    sys_stackheap_outer.o(.text) refers to libspace.o(.text) for __user_perproc_libspace
    sys_stackheap_outer.o(.text) refers to startup_mps_cm3.o(.text) for __user_initial_stackheap
    rt_raise.o(.text) refers to __raise.o(.text) for __raise
    rt_raise.o(.text) refers to sys_exit.o(.text) for _sys_exit
    term_alloc.o(.text) refers (Special) to libshutdown2.o(.ARM.Collect$$libshutdown$$0000000D) for __rt_lib_shutdown_heap_2
    term_alloc.o(.text) refers to rt_heap_descriptor_intlibspace.o(.text) for __rt_heap_descriptor
    term_alloc.o(.text) refers to h1_final.o(.text) for __Heap_Finalize
    exit.o(.text) refers to rtexit.o(.ARM.Collect$$rtexit$$00000000) for __rt_exit
    defsig_exit.o(.text) refers to sys_exit.o(.text) for _sys_exit
    defsig_rtmem_inner.o(.text) refers to defsig_general.o(.text) for __default_signal_display
    _get_argv_nomalloc.o(.text) refers (Special) to hrguard.o(.text) for __heap_region$guard
    _get_argv_nomalloc.o(.text) refers to defsig_rtmem_outer.o(.text) for __rt_SIGRTMEM
    _get_argv_nomalloc.o(.text) refers to sys_command.o(.text) for _sys_command_string
    libinit.o(.ARM.Collect$$libinit$$00000000) refers (Special) to libinit2.o(.ARM.Collect$$libinit$$0000002A) for __rt_lib_init_alloca_1
    libinit.o(.ARM.Collect$$libinit$$00000000) refers (Special) to libinit2.o(.ARM.Collect$$libinit$$00000028) for __rt_lib_init_argv_1
    libinit.o(.ARM.Collect$$libinit$$00000000) refers (Special) to libinit2.o(.ARM.Collect$$libinit$$00000017) for __rt_lib_init_atexit_1
    libinit.o(.ARM.Collect$$libinit$$00000000) refers (Special) to libinit2.o(.ARM.Collect$$libinit$$0000001D) for __rt_lib_init_clock_1
    libinit.o(.ARM.Collect$$libinit$$00000000) refers (Special) to libinit2.o(.ARM.Collect$$libinit$$0000002E) for __rt_lib_init_cpp_1
    libinit.o(.ARM.Collect$$libinit$$00000000) refers (Special) to libinit2.o(.ARM.Collect$$libinit$$0000002C) for __rt_lib_init_exceptions_1
    libinit.o(.ARM.Collect$$libinit$$00000000) refers (Special) to libinit2.o(.ARM.Collect$$libinit$$0000001B) for __rt_lib_init_fp_trap_1
    libinit.o(.ARM.Collect$$libinit$$00000000) refers (Special) to libinit2.o(.ARM.Collect$$libinit$$0000001F) for __rt_lib_init_getenv_1
    libinit.o(.ARM.Collect$$libinit$$00000000) refers (Special) to libinit2.o(.ARM.Collect$$libinit$$00000006) for __rt_lib_init_heap_1
    libinit.o(.ARM.Collect$$libinit$$00000000) refers (Special) to libinit2.o(.ARM.Collect$$libinit$$0000000D) for __rt_lib_init_lc_collate_1
    libinit.o(.ARM.Collect$$libinit$$00000000) refers (Special) to libinit2.o(.ARM.Collect$$libinit$$0000000F) for __rt_lib_init_lc_ctype_1
    libinit.o(.ARM.Collect$$libinit$$00000000) refers (Special) to libinit2.o(.ARM.Collect$$libinit$$00000011) for __rt_lib_init_lc_monetary_1
    libinit.o(.ARM.Collect$$libinit$$00000000) refers (Special) to libinit2.o(.ARM.Collect$$libinit$$00000013) for __rt_lib_init_lc_numeric_1
    libinit.o(.ARM.Collect$$libinit$$00000000) refers (Special) to libinit2.o(.ARM.Collect$$libinit$$00000015) for __rt_lib_init_lc_time_1
    libinit.o(.ARM.Collect$$libinit$$00000000) refers (Special) to libinit2.o(.ARM.Collect$$libinit$$0000000A) for __rt_lib_init_rand_1
    libinit.o(.ARM.Collect$$libinit$$00000000) refers (Special) to libinit2.o(.ARM.Collect$$libinit$$0000002F) for __rt_lib_init_return
    libinit.o(.ARM.Collect$$libinit$$00000000) refers (Special) to libinit2.o(.ARM.Collect$$libinit$$00000019) for __rt_lib_init_signal_1
    libinit.o(.ARM.Collect$$libinit$$00000000) refers (Special) to libinit2.o(.ARM.Collect$$libinit$$00000021) for __rt_lib_init_stdio_1
    libinit.o(.ARM.Collect$$libinit$$00000000) refers (Special) to libinit2.o(.ARM.Collect$$libinit$$00000008) for __rt_lib_init_user_alloc_1
    libinit.o(.ARM.Collect$$libinit$$00000000) refers to fpinit.o(x$fpl$fpinit) for _fp_init
    sys_exit.o(.text) refers (Special) to use_no_semi.o(.text) for __I$use$semihosting
    sys_exit.o(.text) refers (Special) to indicate_semi.o(.text) for __semihosting_library_function
    rtexit.o(.ARM.Collect$$rtexit$$00000000) refers (Special) to rtexit2.o(.ARM.Collect$$rtexit$$00000004) for __rt_exit_exit
    rtexit.o(.ARM.Collect$$rtexit$$00000000) refers (Special) to rtexit2.o(.ARM.Collect$$rtexit$$00000003) for __rt_exit_ls
    rtexit.o(.ARM.Collect$$rtexit$$00000000) refers (Special) to rtexit2.o(.ARM.Collect$$rtexit$$00000002) for __rt_exit_prels_1
    rtexit.o(.ARM.exidx) refers (Special) to rtexit2.o(.ARM.Collect$$rtexit$$00000004) for __rt_exit_exit
    rtexit.o(.ARM.exidx) refers (Special) to rtexit2.o(.ARM.Collect$$rtexit$$00000003) for __rt_exit_ls
    rtexit.o(.ARM.exidx) refers (Special) to rtexit2.o(.ARM.Collect$$rtexit$$00000002) for __rt_exit_prels_1
    rtexit.o(.ARM.exidx) refers to rtexit.o(.ARM.Collect$$rtexit$$00000000) for .ARM.Collect$$rtexit$$00000000
    __raise.o(.text) refers to defsig.o(CL$$defsig) for __default_signal_handler
    defsig_general.o(.text) refers to sys_wrch.o(.text) for _ttywrch
    libshutdown2.o(.ARM.Collect$$libshutdown$$0000000C) refers (Weak) to term_alloc.o(.text) for _terminate_alloc
    fpinit.o(x$fpl$fpinit) refers to rt_fp_status_addr_intlibspace.o(.text) for __rt_fp_status_addr
    sys_wrch.o(.text) refers (Special) to use_no_semi.o(.text) for __I$use$semihosting
    sys_wrch.o(.text) refers (Special) to indicate_semi.o(.text) for __semihosting_library_function
    rtexit2.o(.ARM.Collect$$rtexit$$00000003) refers to libshutdown.o(.ARM.Collect$$libshutdown$$00000000) for __rt_lib_shutdown
    rtexit2.o(.ARM.Collect$$rtexit$$00000004) refers to sys_exit.o(.text) for _sys_exit
    rtexit2.o(.ARM.exidx) refers to rtexit2.o(.ARM.Collect$$rtexit$$00000001) for .ARM.Collect$$rtexit$$00000001
    rtexit2.o(.ARM.exidx) refers to rtexit2.o(.ARM.Collect$$rtexit$$00000003) for .ARM.Collect$$rtexit$$00000003
    rtexit2.o(.ARM.exidx) refers to rtexit2.o(.ARM.Collect$$rtexit$$00000004) for .ARM.Collect$$rtexit$$00000004
    rt_fp_status_addr.o(.text) refers to rt_fp_status_addr.o(.bss) for __rt_fp_status_addr_data
    rt_fp_status_addr_intlibspace.o(.text) refers to libspace.o(.bss) for __libspace_start
    defsig.o(CL$$defsig) refers to defsig_rtmem_inner.o(.text) for __rt_SIGRTMEM_inner
    defsig_abrt_inner.o(.text) refers to defsig_general.o(.text) for __default_signal_display
    defsig_fpe_inner.o(.text) refers to defsig_general.o(.text) for __default_signal_display
    defsig_rtred_inner.o(.text) refers to defsig_general.o(.text) for __default_signal_display
    defsig_stak_inner.o(.text) refers to defsig_general.o(.text) for __default_signal_display
    defsig_pvfn_inner.o(.text) refers to defsig_general.o(.text) for __default_signal_display
    defsig_cppl_inner.o(.text) refers to defsig_general.o(.text) for __default_signal_display
    defsig_segv_inner.o(.text) refers to defsig_general.o(.text) for __default_signal_display
    defsig_other.o(.text) refers to defsig_general.o(.text) for __default_signal_display
    libshutdown.o(.ARM.Collect$$libshutdown$$00000000) refers (Special) to libshutdown2.o(.ARM.Collect$$libshutdown$$00000006) for __rt_lib_shutdown_fp_trap_1
    libshutdown.o(.ARM.Collect$$libshutdown$$00000000) refers (Special) to libshutdown2.o(.ARM.Collect$$libshutdown$$0000000E) for __rt_lib_shutdown_heap_1
    libshutdown.o(.ARM.Collect$$libshutdown$$00000000) refers (Special) to libshutdown2.o(.ARM.Collect$$libshutdown$$0000000F) for __rt_lib_shutdown_return
    libshutdown.o(.ARM.Collect$$libshutdown$$00000000) refers (Special) to libshutdown2.o(.ARM.Collect$$libshutdown$$00000009) for __rt_lib_shutdown_signal_1
    libshutdown.o(.ARM.Collect$$libshutdown$$00000000) refers (Special) to libshutdown2.o(.ARM.Collect$$libshutdown$$00000003) for __rt_lib_shutdown_stdio_1
    libshutdown.o(.ARM.Collect$$libshutdown$$00000000) refers (Special) to libshutdown2.o(.ARM.Collect$$libshutdown$$0000000B) for __rt_lib_shutdown_user_alloc_1


==============================================================================

Removing Unused input sections from the image.

    Removing switch.o(EXCEPTION_RAISE), (4 bytes).
    Removing switch.o(SWAP), (10 bytes).
    Removing main.o(.emb_text), (8 bytes).
    Removing main.o(.constdata), (4 bytes).
    Removing port.o(.emb_text), (8 bytes).

5 unused section(s) (total 34 bytes) removed from the image.

==============================================================================

Image Symbol Table

    Local Symbols

    Symbol Name                              Value     Ov Type        Size  Object(Section)

    RESET                                    0x00000000   Section      192  startup_mps_cm3.o(RESET)
    ../../angel/boardlib.s                   0x00000000   Number         0  boardinit2.o ABSOLUTE
    ../../angel/boardlib.s                   0x00000000   Number         0  boardshut.o ABSOLUTE
    ../../angel/boardlib.s                   0x00000000   Number         0  boardinit3.o ABSOLUTE
    ../../angel/boardlib.s                   0x00000000   Number         0  boardinit1.o ABSOLUTE
    ../../angel/handlers.s                   0x00000000   Number         0  __scatter_copy.o ABSOLUTE
    ../../angel/handlers.s                   0x00000000   Number         0  __scatter_zi.o ABSOLUTE
    ../../angel/kernel.s                     0x00000000   Number         0  rtentry4.o ABSOLUTE
    ../../angel/kernel.s                     0x00000000   Number         0  rtexit2.o ABSOLUTE
    ../../angel/kernel.s                     0x00000000   Number         0  rtexit.o ABSOLUTE
    ../../angel/kernel.s                     0x00000000   Number         0  rtentry.o ABSOLUTE
    ../../angel/kernel.s                     0x00000000   Number         0  rtentry2.o ABSOLUTE
    ../../angel/rt.s                         0x00000000   Number         0  rt_fp_status_addr_intlibspace.o ABSOLUTE
    ../../angel/rt.s                         0x00000000   Number         0  rt_raise.o ABSOLUTE
    ../../angel/rt.s                         0x00000000   Number         0  rt_heap_descriptor.o ABSOLUTE
    ../../angel/rt.s                         0x00000000   Number         0  rt_heap_descriptor_intlibspace.o ABSOLUTE
    ../../angel/rt.s                         0x00000000   Number         0  rt_fp_status_addr.o ABSOLUTE
    ../../angel/scatter.s                    0x00000000   Number         0  __scatter.o ABSOLUTE
    ../../angel/startup.s                    0x00000000   Number         0  __main.o ABSOLUTE
    ../../angel/sys.s                        0x00000000   Number         0  use_no_semi.o ABSOLUTE
    ../../angel/sys.s                        0x00000000   Number         0  libspace.o ABSOLUTE
    ../../angel/sys.s                        0x00000000   Number         0  sys_stackheap_outer.o ABSOLUTE
    ../../angel/sys.s                        0x00000000   Number         0  indicate_semi.o ABSOLUTE
    ../../angel/sys.s                        0x00000000   Number         0  mutex_dummy.o ABSOLUTE
    ../../angel/sysapp.c                     0x00000000   Number         0  sys_command.o ABSOLUTE
    ../../angel/sysapp.c                     0x00000000   Number         0  sys_exit.o ABSOLUTE
    ../../angel/sysapp.c                     0x00000000   Number         0  sys_wrch.o ABSOLUTE
    ../../armsys.c                           0x00000000   Number         0  argv_veneer.o ABSOLUTE
    ../../armsys.c                           0x00000000   Number         0  argv_veneer.o ABSOLUTE
    ../../armsys.c                           0x00000000   Number         0  _get_argv.o ABSOLUTE
    ../../armsys.c                           0x00000000   Number         0  _get_argv_nomalloc.o ABSOLUTE
    ../../armsys.c                           0x00000000   Number         0  no_argv.o ABSOLUTE
    ../../fpinit.s                           0x00000000   Number         0  fpinit.o ABSOLUTE
    ../../heap1.c                            0x00000000   Number         0  h1_free_mt.o ABSOLUTE
    ../../heap1.c                            0x00000000   Number         0  h1_init_mt.o ABSOLUTE
    ../../heap1.c                            0x00000000   Number         0  h1_free.o ABSOLUTE
    ../../heap1.c                            0x00000000   Number         0  h1_init.o ABSOLUTE
    ../../heap1.c                            0x00000000   Number         0  h1_final.o ABSOLUTE
    ../../heap1.c                            0x00000000   Number         0  h1_final_mt.o ABSOLUTE
    ../../heap1.c                            0x00000000   Number         0  h1_extend.o ABSOLUTE
    ../../heap1.c                            0x00000000   Number         0  h1_alloc_mt.o ABSOLUTE
    ../../heap1.c                            0x00000000   Number         0  h1_alloc.o ABSOLUTE
    ../../heap1.c                            0x00000000   Number         0  h1_extend_mt.o ABSOLUTE
    ../../heap2.c                            0x00000000   Number         0  fdtree.o ABSOLUTE
    ../../heap2.c                            0x00000000   Number         0  heap2.o ABSOLUTE
    ../../heap2.c                            0x00000000   Number         0  heap2mt.o ABSOLUTE
    ../../heapalloc.c                        0x00000000   Number         0  maybetermalloc2.o ABSOLUTE
    ../../heapalloc.c                        0x00000000   Number         0  term_alloc.o ABSOLUTE
    ../../heapalloc.c                        0x00000000   Number         0  maybetermalloc2.o ABSOLUTE
    ../../heapalloc.c                        0x00000000   Number         0  maybetermalloc1.o ABSOLUTE
    ../../heapalloc.c                        0x00000000   Number         0  maybetermalloc1.o ABSOLUTE
    ../../heapalloc.c                        0x00000000   Number         0  hrguard.o ABSOLUTE
    ../../heapalloc.c                        0x00000000   Number         0  malloc.o ABSOLUTE
    ../../heapalloc.c                        0x00000000   Number         0  free.o ABSOLUTE
    ../../heapalloc.c                        0x00000000   Number         0  hguard.o ABSOLUTE
    ../../heapalloc.c                        0x00000000   Number         0  init_alloc.o ABSOLUTE
    ../../heapalloc.c                        0x00000000   Number         0  heapstubs.o ABSOLUTE
    ../../heapaux.c                          0x00000000   Number         0  heapauxa.o ABSOLUTE
    ../../heapaux.c                          0x00000000   Number         0  heapauxi.o ABSOLUTE
    ../../libinit.s                          0x00000000   Number         0  libinit.o ABSOLUTE
    ../../libinit.s                          0x00000000   Number         0  libinit2.o ABSOLUTE
    ../../libinit.s                          0x00000000   Number         0  libshutdown2.o ABSOLUTE
    ../../libinit.s                          0x00000000   Number         0  libshutdown.o ABSOLUTE
    ../../memcpset.s                         0x00000000   Number         0  rt_memcpy_v6.o ABSOLUTE
    ../../memcpset.s                         0x00000000   Number         0  rt_memcpy_w.o ABSOLUTE
    ../../signal.c                           0x00000000   Number         0  __raise.o ABSOLUTE
    ../../signal.c                           0x00000000   Number         0  defsig_rtmem_inner.o ABSOLUTE
    ../../signal.c                           0x00000000   Number         0  defsig_segv_inner.o ABSOLUTE
    ../../signal.c                           0x00000000   Number         0  defsig_fpe_inner.o ABSOLUTE
    ../../signal.c                           0x00000000   Number         0  defsig_exit.o ABSOLUTE
    ../../signal.c                           0x00000000   Number         0  defsig_general.o ABSOLUTE
    ../../signal.c                           0x00000000   Number         0  defsig_abrt_inner.o ABSOLUTE
    ../../signal.c                           0x00000000   Number         0  defsig_stak_inner.o ABSOLUTE
    ../../signal.c                           0x00000000   Number         0  defsig_pvfn_inner.o ABSOLUTE
    ../../signal.c                           0x00000000   Number         0  defsig_rtmem_formal.o ABSOLUTE
    ../../signal.c                           0x00000000   Number         0  defsig_rtmem_outer.o ABSOLUTE
    ../../signal.c                           0x00000000   Number         0  defsig_rtred_inner.o ABSOLUTE
    ../../signal.c                           0x00000000   Number         0  defsig_cppl_inner.o ABSOLUTE
    ../../signal.c                           0x00000000   Number         0  defsig_other.o ABSOLUTE
    ../../signal.s                           0x00000000   Number         0  defsig.o ABSOLUTE
    ../../stdlib.c                           0x00000000   Number         0  exit.o ABSOLUTE
    dc.s                                     0x00000000   Number         0  dc.o ABSOLUTE
    heap.c                                   0x00000000   Number         0  heap.o ABSOLUTE
    kernel.c                                 0x00000000   Number         0  kernel.o ABSOLUTE
    kernel.c                                 0x00000000   Number         0  kernel.o ABSOLUTE
    main.c                                   0x00000000   Number         0  main.o ABSOLUTE
    main.c                                   0x00000000   Number         0  main.o ABSOLUTE
    message_queue.c                          0x00000000   Number         0  message_queue.o ABSOLUTE
    message_queue.c                          0x00000000   Number         0  message_queue.o ABSOLUTE
    port.c                                   0x00000000   Number         0  port.o ABSOLUTE
    port.c                                   0x00000000   Number         0  port.o ABSOLUTE
    sem.c                                    0x00000000   Number         0  sem.o ABSOLUTE
    sem.c                                    0x00000000   Number         0  sem.o ABSOLUTE
    startup_MPS_CM3.s                        0x00000000   Number         0  startup_mps_cm3.o ABSOLUTE
    switch.s                                 0x00000000   Number         0  switch.o ABSOLUTE
    system_LPC17xx.c                         0x00000000   Number         0  system_lpc17xx.o ABSOLUTE
    task.c                                   0x00000000   Number         0  task.o ABSOLUTE
    task.c                                   0x00000000   Number         0  task.o ABSOLUTE
    time.c                                   0x00000000   Number         0  time.o ABSOLUTE
    time.c                                   0x00000000   Number         0  time.o ABSOLUTE
    wait_queue.c                             0x00000000   Number         0  wait_queue.o ABSOLUTE
    wait_queue.c                             0x00000000   Number         0  wait_queue.o ABSOLUTE
    !!!main                                  0x000000c0   Section        8  __main.o(!!!main)
    !!!scatter                               0x000000c8   Section       52  __scatter.o(!!!scatter)
    !!handler_copy                           0x000000fc   Section       26  __scatter_copy.o(!!handler_copy)
    !!handler_zi                             0x00000118   Section       28  __scatter_zi.o(!!handler_zi)
    .ARM.Collect$$libinit$$00000000          0x00000134   Section        6  libinit.o(.ARM.Collect$$libinit$$00000000)
    .ARM.Collect$$libinit$$00000001          0x0000013a   Section        8  libinit2.o(.ARM.Collect$$libinit$$00000001)
    .ARM.Collect$$libinit$$00000006          0x00000142   Section        0  libinit2.o(.ARM.Collect$$libinit$$00000006)
    .ARM.Collect$$libinit$$00000008          0x00000142   Section        0  libinit2.o(.ARM.Collect$$libinit$$00000008)
    .ARM.Collect$$libinit$$0000000A          0x00000142   Section        0  libinit2.o(.ARM.Collect$$libinit$$0000000A)
    .ARM.Collect$$libinit$$0000000D          0x00000142   Section        0  libinit2.o(.ARM.Collect$$libinit$$0000000D)
    .ARM.Collect$$libinit$$0000000F          0x00000142   Section        0  libinit2.o(.ARM.Collect$$libinit$$0000000F)
    .ARM.Collect$$libinit$$00000011          0x00000142   Section        0  libinit2.o(.ARM.Collect$$libinit$$00000011)
    .ARM.Collect$$libinit$$00000013          0x00000142   Section        0  libinit2.o(.ARM.Collect$$libinit$$00000013)
    .ARM.Collect$$libinit$$00000015          0x00000142   Section        0  libinit2.o(.ARM.Collect$$libinit$$00000015)
    .ARM.Collect$$libinit$$00000017          0x00000142   Section        0  libinit2.o(.ARM.Collect$$libinit$$00000017)
    .ARM.Collect$$libinit$$00000019          0x00000142   Section        0  libinit2.o(.ARM.Collect$$libinit$$00000019)
    .ARM.Collect$$libinit$$0000001B          0x00000142   Section        0  libinit2.o(.ARM.Collect$$libinit$$0000001B)
    .ARM.Collect$$libinit$$0000001D          0x00000142   Section        0  libinit2.o(.ARM.Collect$$libinit$$0000001D)
    .ARM.Collect$$libinit$$0000001F          0x00000142   Section        0  libinit2.o(.ARM.Collect$$libinit$$0000001F)
    .ARM.Collect$$libinit$$00000021          0x00000142   Section        0  libinit2.o(.ARM.Collect$$libinit$$00000021)
    .ARM.Collect$$libinit$$00000028          0x00000142   Section        0  libinit2.o(.ARM.Collect$$libinit$$00000028)
    .ARM.Collect$$libinit$$0000002A          0x00000142   Section        0  libinit2.o(.ARM.Collect$$libinit$$0000002A)
    .ARM.Collect$$libinit$$0000002C          0x00000142   Section        0  libinit2.o(.ARM.Collect$$libinit$$0000002C)
    .ARM.Collect$$libinit$$0000002E          0x00000142   Section        0  libinit2.o(.ARM.Collect$$libinit$$0000002E)
    .ARM.Collect$$libinit$$0000002F          0x00000142   Section        2  libinit2.o(.ARM.Collect$$libinit$$0000002F)
    .ARM.Collect$$libshutdown$$00000000      0x00000144   Section        2  libshutdown.o(.ARM.Collect$$libshutdown$$00000000)
    .ARM.Collect$$libshutdown$$00000003      0x00000146   Section        0  libshutdown2.o(.ARM.Collect$$libshutdown$$00000003)
    .ARM.Collect$$libshutdown$$00000006      0x00000146   Section        0  libshutdown2.o(.ARM.Collect$$libshutdown$$00000006)
    .ARM.Collect$$libshutdown$$00000009      0x00000146   Section        0  libshutdown2.o(.ARM.Collect$$libshutdown$$00000009)
    .ARM.Collect$$libshutdown$$0000000B      0x00000146   Section        0  libshutdown2.o(.ARM.Collect$$libshutdown$$0000000B)
    .ARM.Collect$$libshutdown$$0000000E      0x00000146   Section        0  libshutdown2.o(.ARM.Collect$$libshutdown$$0000000E)
    .ARM.Collect$$libshutdown$$0000000F      0x00000146   Section        2  libshutdown2.o(.ARM.Collect$$libshutdown$$0000000F)
    .ARM.Collect$$rtentry$$00000000          0x00000148   Section        0  rtentry.o(.ARM.Collect$$rtentry$$00000000)
    .ARM.Collect$$rtentry$$00000002          0x00000148   Section        0  rtentry2.o(.ARM.Collect$$rtentry$$00000002)
    .ARM.Collect$$rtentry$$00000004          0x00000148   Section        6  rtentry4.o(.ARM.Collect$$rtentry$$00000004)
    .ARM.Collect$$rtentry$$00000009          0x0000014e   Section        0  rtentry2.o(.ARM.Collect$$rtentry$$00000009)
    .ARM.Collect$$rtentry$$0000000A          0x0000014e   Section        4  rtentry2.o(.ARM.Collect$$rtentry$$0000000A)
    .ARM.Collect$$rtentry$$0000000C          0x00000152   Section        0  rtentry2.o(.ARM.Collect$$rtentry$$0000000C)
    .ARM.Collect$$rtentry$$0000000D          0x00000152   Section        8  rtentry2.o(.ARM.Collect$$rtentry$$0000000D)
    .ARM.Collect$$rtexit$$00000000           0x0000015a   Section        2  rtexit.o(.ARM.Collect$$rtexit$$00000000)
    .ARM.Collect$$rtexit$$00000002           0x0000015c   Section        0  rtexit2.o(.ARM.Collect$$rtexit$$00000002)
    .ARM.Collect$$rtexit$$00000003           0x0000015c   Section        4  rtexit2.o(.ARM.Collect$$rtexit$$00000003)
    .ARM.Collect$$rtexit$$00000004           0x00000160   Section        6  rtexit2.o(.ARM.Collect$$rtexit$$00000004)
    .emb_text                                0x00000168   Section        8  task.o(.emb_text)
    .emb_text                                0x00000170   Section        8  kernel.o(.emb_text)
    .emb_text                                0x00000178   Section        8  time.o(.emb_text)
    .emb_text                                0x00000180   Section        8  wait_queue.o(.emb_text)
    .emb_text                                0x00000188   Section        8  message_queue.o(.emb_text)
    .emb_text                                0x00000190   Section        8  sem.o(.emb_text)
    .emb_text                                0x00000198   Section        0  maybetermalloc1.o(.emb_text)
    .text                                    0x00000198   Section       96  startup_mps_cm3.o(.text)
    .text                                    0x000001f8   Section        0  main.o(.text)
    .text                                    0x00000438   Section        0  task.o(.text)
    enterCritical                            0x000005eb   Thumb Code    24  task.o(.text)
    exitCritical                             0x00000603   Thumb Code    20  task.o(.text)
    .text                                    0x00000634   Section        0  port.o(.text)
    .text                                    0x00000714   Section        0  kernel.o(.text)
    enterCritical                            0x000007b1   Thumb Code    24  kernel.o(.text)
    exitCritical                             0x000007c9   Thumb Code    20  kernel.o(.text)
    .text                                    0x000007f8   Section        0  time.o(.text)
    enterCritical                            0x00000893   Thumb Code    24  time.o(.text)
    exitCritical                             0x000008ab   Thumb Code    20  time.o(.text)
    .text                                    0x000008d8   Section        0  wait_queue.o(.text)
    __list_add                               0x000008d9   Thumb Code    10  wait_queue.o(.text)
    list_del                                 0x000008e3   Thumb Code    18  wait_queue.o(.text)
    list_empty                               0x000009b7   Thumb Code    16  wait_queue.o(.text)
    enterCritical                            0x000009c7   Thumb Code    24  wait_queue.o(.text)
    exitCritical                             0x000009df   Thumb Code    20  wait_queue.o(.text)
    .text                                    0x000009f8   Section        0  message_queue.o(.text)
    queueGetMessage                          0x00000ac5   Thumb Code    50  message_queue.o(.text)
    enterCritical                            0x00000b7f   Thumb Code    24  message_queue.o(.text)
    exitCritical                             0x00000b97   Thumb Code    20  message_queue.o(.text)
    .text                                    0x00000bb4   Section        0  sem.o(.text)
    enterCritical                            0x00000c65   Thumb Code    24  sem.o(.text)
    exitCritical                             0x00000c7d   Thumb Code    20  sem.o(.text)
    .text                                    0x00000c98   Section        0  system_lpc17xx.o(.text)
    .text                                    0x00000f3c   Section        0  h1_alloc.o(.text)
    .text                                    0x00000f9a   Section      138  rt_memcpy_v6.o(.text)
    .text                                    0x00001024   Section        0  heapauxi.o(.text)
    .text                                    0x0000102c   Section        8  rt_heap_descriptor_intlibspace.o(.text)
    .text                                    0x00001034   Section        0  hguard.o(.text)
    .text                                    0x00001038   Section        0  init_alloc.o(.text)
    .text                                    0x000010c2   Section        0  h1_init.o(.text)
    .text                                    0x000010d0   Section        0  h1_free.o(.text)
    .text                                    0x0000111e   Section      100  rt_memcpy_w.o(.text)
    .text                                    0x00001184   Section        8  libspace.o(.text)
    .text                                    0x0000118c   Section        0  h1_extend.o(.text)
    .text                                    0x000011c0   Section        0  defsig_rtmem_outer.o(.text)
    .text                                    0x000011ce   Section        2  use_no_semi.o(.text)
    .text                                    0x000011d0   Section        0  indicate_semi.o(.text)
    .text                                    0x000011d0   Section       74  sys_stackheap_outer.o(.text)
    .text                                    0x0000121a   Section        0  exit.o(.text)
    .text                                    0x00001226   Section        0  defsig_exit.o(.text)
    .text                                    0x00001230   Section        0  defsig_rtmem_inner.o(.text)
    .text                                    0x00001280   Section        0  sys_exit.o(.text)
    .text                                    0x0000128c   Section        0  defsig_general.o(.text)
    .text                                    0x000012be   Section        0  sys_wrch.o(.text)
    .text                                    0x000012cc   Section        8  rt_fp_status_addr_intlibspace.o(.text)
    SWITCH                                   0x000012d4   Section       84  switch.o(SWITCH)
    x$fpl$fpinit                             0x00001328   Section       14  fpinit.o(x$fpl$fpinit)
    .data                                    0x10000000   Section       16  main.o(.data)
    .data                                    0x10000010   Section       16  task.o(.data)
    .data                                    0x10000020   Section       32  port.o(.data)
    .data                                    0x10000040   Section       12  kernel.o(.data)
    .data                                    0x1000004c   Section        4  time.o(.data)
    OSTicks                                  0x1000004c   Data           4  time.o(.data)
    .data                                    0x10000050   Section        4  system_lpc17xx.o(.data)
    .bss                                     0x10000054   Section     8400  main.o(.bss)
    .bss                                     0x10002124   Section       80  task.o(.bss)
    .bss                                     0x10002174   Section      400  kernel.o(.bss)
    .bss                                     0x10002304   Section       96  libspace.o(.bss)
    HEAP                                     0x10002368   Section     8000  startup_mps_cm3.o(HEAP)
    Heap_Mem                                 0x10002368   Data        8000  startup_mps_cm3.o(HEAP)
    STACK                                    0x100042a8   Section      512  startup_mps_cm3.o(STACK)
    Stack_Mem                                0x100042a8   Data         512  startup_mps_cm3.o(STACK)
    __initial_sp                             0x100044a8   Data           0  startup_mps_cm3.o(STACK)

    Global Symbols

    Symbol Name                              Value     Ov Type        Size  Object(Section)

    BuildAttributes$$THM_ISAv4$P$D$K$B$S$PE$A:L22UL41UL21$X:L11$S22US41US21$IEEE1$IW$USESV6$~STKCKD$USESV7$~SHL$OTIME$ROPI$EBA8$UX$STANDARDLIB$REQ8$PRES8$EABIv2 0x00000000   Number         0  anon$$obj.o ABSOLUTE
    __ARM_use_no_argv                        0x00000000   Number         0  main.o ABSOLUTE
    __Vectors                                0x00000000   Data           4  startup_mps_cm3.o(RESET)
    __ARM_exceptions_init                     - Undefined Weak Reference
    __alloca_initialize                       - Undefined Weak Reference
    __cpp_initialize__aeabi_                  - Undefined Weak Reference
    __cxa_finalize                            - Undefined Weak Reference
    __rt_locale                               - Undefined Weak Reference
    __sigvec_lookup                           - Undefined Weak Reference
    __user_heap_extent                        - Undefined Weak Reference
    _atexit_init                              - Undefined Weak Reference
    _call_atexit_fns                          - Undefined Weak Reference
    _clock_init                               - Undefined Weak Reference
    _fp_trap_init                             - Undefined Weak Reference
    _fp_trap_shutdown                         - Undefined Weak Reference
    _get_lc_collate                           - Undefined Weak Reference
    _get_lc_ctype                             - Undefined Weak Reference
    _get_lc_monetary                          - Undefined Weak Reference
    _get_lc_numeric                           - Undefined Weak Reference
    _get_lc_time                              - Undefined Weak Reference
    _getenv_init                              - Undefined Weak Reference
    _handle_redirection                       - Undefined Weak Reference
    _initio                                   - Undefined Weak Reference
    _mutex_acquire                            - Undefined Weak Reference
    _mutex_free                               - Undefined Weak Reference
    _mutex_release                            - Undefined Weak Reference
    _rand_init                                - Undefined Weak Reference
    _signal_finish                            - Undefined Weak Reference
    _signal_init                              - Undefined Weak Reference
    _terminateio                              - Undefined Weak Reference
    __main                                   0x000000c1   Thumb Code     8  __main.o(!!!main)
    __scatterload                            0x000000c9   Thumb Code     0  __scatter.o(!!!scatter)
    __scatterload_rt2                        0x000000c9   Thumb Code    44  __scatter.o(!!!scatter)
    __scatterload_rt2_thumb_only             0x000000c9   Thumb Code     0  __scatter.o(!!!scatter)
    __scatterload_null                       0x000000d7   Thumb Code     0  __scatter.o(!!!scatter)
    __scatterload_copy                       0x000000fd   Thumb Code    26  __scatter_copy.o(!!handler_copy)
    __scatterload_zeroinit                   0x00000119   Thumb Code    28  __scatter_zi.o(!!handler_zi)
    __rt_lib_init                            0x00000135   Thumb Code     0  libinit.o(.ARM.Collect$$libinit$$00000000)
    __rt_lib_init_heap_2                     0x0000013b   Thumb Code     0  libinit2.o(.ARM.Collect$$libinit$$00000001)
    __rt_lib_init_alloca_1                   0x00000143   Thumb Code     0  libinit2.o(.ARM.Collect$$libinit$$0000002A)
    __rt_lib_init_argv_1                     0x00000143   Thumb Code     0  libinit2.o(.ARM.Collect$$libinit$$00000028)
    __rt_lib_init_atexit_1                   0x00000143   Thumb Code     0  libinit2.o(.ARM.Collect$$libinit$$00000017)
    __rt_lib_init_clock_1                    0x00000143   Thumb Code     0  libinit2.o(.ARM.Collect$$libinit$$0000001D)
    __rt_lib_init_cpp_1                      0x00000143   Thumb Code     0  libinit2.o(.ARM.Collect$$libinit$$0000002E)
    __rt_lib_init_exceptions_1               0x00000143   Thumb Code     0  libinit2.o(.ARM.Collect$$libinit$$0000002C)
    __rt_lib_init_fp_trap_1                  0x00000143   Thumb Code     0  libinit2.o(.ARM.Collect$$libinit$$0000001B)
    __rt_lib_init_getenv_1                   0x00000143   Thumb Code     0  libinit2.o(.ARM.Collect$$libinit$$0000001F)
    __rt_lib_init_heap_1                     0x00000143   Thumb Code     0  libinit2.o(.ARM.Collect$$libinit$$00000006)
    __rt_lib_init_lc_collate_1               0x00000143   Thumb Code     0  libinit2.o(.ARM.Collect$$libinit$$0000000D)
    __rt_lib_init_lc_ctype_1                 0x00000143   Thumb Code     0  libinit2.o(.ARM.Collect$$libinit$$0000000F)
    __rt_lib_init_lc_monetary_1              0x00000143   Thumb Code     0  libinit2.o(.ARM.Collect$$libinit$$00000011)
    __rt_lib_init_lc_numeric_1               0x00000143   Thumb Code     0  libinit2.o(.ARM.Collect$$libinit$$00000013)
    __rt_lib_init_lc_time_1                  0x00000143   Thumb Code     0  libinit2.o(.ARM.Collect$$libinit$$00000015)
    __rt_lib_init_rand_1                     0x00000143   Thumb Code     0  libinit2.o(.ARM.Collect$$libinit$$0000000A)
    __rt_lib_init_return                     0x00000143   Thumb Code     0  libinit2.o(.ARM.Collect$$libinit$$0000002F)
    __rt_lib_init_signal_1                   0x00000143   Thumb Code     0  libinit2.o(.ARM.Collect$$libinit$$00000019)
    __rt_lib_init_stdio_1                    0x00000143   Thumb Code     0  libinit2.o(.ARM.Collect$$libinit$$00000021)
    __rt_lib_init_user_alloc_1               0x00000143   Thumb Code     0  libinit2.o(.ARM.Collect$$libinit$$00000008)
    __rt_lib_shutdown                        0x00000145   Thumb Code     0  libshutdown.o(.ARM.Collect$$libshutdown$$00000000)
    __rt_lib_shutdown_fp_trap_1              0x00000147   Thumb Code     0  libshutdown2.o(.ARM.Collect$$libshutdown$$00000006)
    __rt_lib_shutdown_heap_1                 0x00000147   Thumb Code     0  libshutdown2.o(.ARM.Collect$$libshutdown$$0000000E)
    __rt_lib_shutdown_return                 0x00000147   Thumb Code     0  libshutdown2.o(.ARM.Collect$$libshutdown$$0000000F)
    __rt_lib_shutdown_signal_1               0x00000147   Thumb Code     0  libshutdown2.o(.ARM.Collect$$libshutdown$$00000009)
    __rt_lib_shutdown_stdio_1                0x00000147   Thumb Code     0  libshutdown2.o(.ARM.Collect$$libshutdown$$00000003)
    __rt_lib_shutdown_user_alloc_1           0x00000147   Thumb Code     0  libshutdown2.o(.ARM.Collect$$libshutdown$$0000000B)
    __rt_entry                               0x00000149   Thumb Code     0  rtentry.o(.ARM.Collect$$rtentry$$00000000)
    __rt_entry_presh_1                       0x00000149   Thumb Code     0  rtentry2.o(.ARM.Collect$$rtentry$$00000002)
    __rt_entry_sh                            0x00000149   Thumb Code     0  rtentry4.o(.ARM.Collect$$rtentry$$00000004)
    __rt_entry_li                            0x0000014f   Thumb Code     0  rtentry2.o(.ARM.Collect$$rtentry$$0000000A)
    __rt_entry_postsh_1                      0x0000014f   Thumb Code     0  rtentry2.o(.ARM.Collect$$rtentry$$00000009)
    __rt_entry_main                          0x00000153   Thumb Code     0  rtentry2.o(.ARM.Collect$$rtentry$$0000000D)
    __rt_entry_postli_1                      0x00000153   Thumb Code     0  rtentry2.o(.ARM.Collect$$rtentry$$0000000C)
    __rt_exit                                0x0000015b   Thumb Code     0  rtexit.o(.ARM.Collect$$rtexit$$00000000)
    __rt_exit_ls                             0x0000015d   Thumb Code     0  rtexit2.o(.ARM.Collect$$rtexit$$00000003)
    __rt_exit_prels_1                        0x0000015d   Thumb Code     0  rtexit2.o(.ARM.Collect$$rtexit$$00000002)
    __rt_exit_exit                           0x00000161   Thumb Code     0  rtexit2.o(.ARM.Collect$$rtexit$$00000004)
    __asm___6_task_c_37835c6e__cpsie         0x00000169   Thumb Code     4  task.o(.emb_text)
    __asm___6_task_c_37835c6e__cpsid         0x0000016d   Thumb Code     4  task.o(.emb_text)
    __asm___8_kernel_c_85227911__cpsie       0x00000171   Thumb Code     4  kernel.o(.emb_text)
    __asm___8_kernel_c_85227911__cpsid       0x00000175   Thumb Code     4  kernel.o(.emb_text)
    __asm___6_time_c_OSTick__cpsie           0x00000179   Thumb Code     4  time.o(.emb_text)
    __asm___6_time_c_OSTick__cpsid           0x0000017d   Thumb Code     4  time.o(.emb_text)
    __asm___12_wait_queue_c_ddacab25__cpsie  0x00000181   Thumb Code     4  wait_queue.o(.emb_text)
    __asm___12_wait_queue_c_ddacab25__cpsid  0x00000185   Thumb Code     4  wait_queue.o(.emb_text)
    __asm___15_message_queue_c_56390e30__cpsie 0x00000189   Thumb Code     4  message_queue.o(.emb_text)
    __asm___15_message_queue_c_56390e30__cpsid 0x0000018d   Thumb Code     4  message_queue.o(.emb_text)
    __asm___5_sem_c_sem_init__cpsie          0x00000191   Thumb Code     4  sem.o(.emb_text)
    __asm___5_sem_c_sem_init__cpsid          0x00000195   Thumb Code     4  sem.o(.emb_text)
    Reset_Handler                            0x00000199   Thumb Code     4  startup_mps_cm3.o(.text)
    _maybe_terminate_alloc                   0x00000199   Thumb Code     0  maybetermalloc1.o(.emb_text)
    NMI_Handler                              0x0000019d   Thumb Code     2  startup_mps_cm3.o(.text)
    HardFault_Handler                        0x0000019f   Thumb Code    20  startup_mps_cm3.o(.text)
    MemManage_Handler                        0x000001b3   Thumb Code     2  startup_mps_cm3.o(.text)
    BusFault_Handler                         0x000001b5   Thumb Code     2  startup_mps_cm3.o(.text)
    UsageFault_Handler                       0x000001b7   Thumb Code     2  startup_mps_cm3.o(.text)
    SVC_Handler                              0x000001b9   Thumb Code    20  startup_mps_cm3.o(.text)
    DebugMon_Handler                         0x000001cd   Thumb Code     2  startup_mps_cm3.o(.text)
    PendSV_Handler                           0x000001cf   Thumb Code     4  startup_mps_cm3.o(.text)
    SysTick_Handler                          0x000001d3   Thumb Code     4  startup_mps_cm3.o(.text)
    AACI_IRQHandler                          0x000001d7   Thumb Code     0  startup_mps_cm3.o(.text)
    CAN_IRQHandler                           0x000001d7   Thumb Code     0  startup_mps_cm3.o(.text)
    CHLCD_IRQHandler                         0x000001d7   Thumb Code     0  startup_mps_cm3.o(.text)
    CLCD_IRQHandler                          0x000001d7   Thumb Code     0  startup_mps_cm3.o(.text)
    CPU_CLCD_IRQHandler                      0x000001d7   Thumb Code     0  startup_mps_cm3.o(.text)
    ENET_IRQHandler                          0x000001d7   Thumb Code     0  startup_mps_cm3.o(.text)
    FLEXRAY_IRQHandler                       0x000001d7   Thumb Code     0  startup_mps_cm3.o(.text)
    I2C_IRQHandler                           0x000001d7   Thumb Code     0  startup_mps_cm3.o(.text)
    LIN_IRQHandler                           0x000001d7   Thumb Code     0  startup_mps_cm3.o(.text)
    MCIA_IRQHandler                          0x000001d7   Thumb Code     0  startup_mps_cm3.o(.text)
    MCIB_IRQHandler                          0x000001d7   Thumb Code     0  startup_mps_cm3.o(.text)
    RTC_IRQHandler                           0x000001d7   Thumb Code     0  startup_mps_cm3.o(.text)
    SPI_IRQHandler                           0x000001d7   Thumb Code     0  startup_mps_cm3.o(.text)
    TIM0_IRQHandler                          0x000001d7   Thumb Code     0  startup_mps_cm3.o(.text)
    TIM2_IRQHandler                          0x000001d7   Thumb Code     0  startup_mps_cm3.o(.text)
    UART0_IRQHandler                         0x000001d7   Thumb Code     0  startup_mps_cm3.o(.text)
    UART1_IRQHandler                         0x000001d7   Thumb Code     0  startup_mps_cm3.o(.text)
    UART2_IRQHandler                         0x000001d7   Thumb Code     0  startup_mps_cm3.o(.text)
    UART3_IRQHandler                         0x000001d7   Thumb Code     0  startup_mps_cm3.o(.text)
    UART4_IRQHandler                         0x000001d7   Thumb Code     0  startup_mps_cm3.o(.text)
    USBDC_IRQHandler                         0x000001d7   Thumb Code     0  startup_mps_cm3.o(.text)
    USBHC_IRQHandler                         0x000001d7   Thumb Code     0  startup_mps_cm3.o(.text)
    WDT_IRQHandler                           0x000001d7   Thumb Code     0  startup_mps_cm3.o(.text)
    __user_initial_stackheap                 0x000001d9   Thumb Code     0  startup_mps_cm3.o(.text)
    Task6                                    0x000001f9   Thumb Code    34  main.o(.text)
    Task5                                    0x0000021b   Thumb Code    30  main.o(.text)
    Task4                                    0x00000239   Thumb Code    22  main.o(.text)
    Task3                                    0x0000024f   Thumb Code   110  main.o(.text)
    Task2                                    0x000002bd   Thumb Code    88  main.o(.text)
    Task1                                    0x00000315   Thumb Code    52  main.o(.text)
    main                                     0x00000349   Thumb Code   202  main.o(.text)
    TCBInit                                  0x00000439   Thumb Code    16  task.o(.text)
    TCBAlloc                                 0x00000449   Thumb Code    14  task.o(.text)
    task_create                              0x00000457   Thumb Code   112  task.o(.text)
    tasksInit                                0x000004c7   Thumb Code    38  task.o(.text)
    getTCBbyPrio                             0x000004ed   Thumb Code    18  task.o(.text)
    FindHighestPriorityTask                  0x000004ff   Thumb Code    28  task.o(.text)
    schedule                                 0x0000051b   Thumb Code    48  task.o(.text)
    yield                                    0x0000054b   Thumb Code    38  task.o(.text)
    TaskEnable                               0x00000571   Thumb Code    58  task.o(.text)
    TaskDisable                              0x000005ab   Thumb Code    64  task.o(.text)
    StkInit                                  0x00000635   Thumb Code    42  port.o(.text)
    OSStartFirstTask                         0x0000065f   Thumb Code     2  port.o(.text)
    OSTickStart                              0x00000661   Thumb Code    10  port.o(.text)
    OSTickConfig                             0x0000066b   Thumb Code    72  port.o(.text)
    prvGetRegistersFromStack                 0x000006b3   Thumb Code    52  port.o(.text)
    IdleTask                                 0x00000715   Thumb Code    22  kernel.o(.text)
    idleTaskInit                             0x0000072b   Thumb Code    22  kernel.o(.text)
    uKern_Init                               0x00000741   Thumb Code    16  kernel.o(.text)
    StartOS                                  0x00000751   Thumb Code    22  kernel.o(.text)
    interruptEnter                           0x00000767   Thumb Code    22  kernel.o(.text)
    interruptExit                            0x0000077d   Thumb Code    52  kernel.o(.text)
    OSTick                                   0x000007f9   Thumb Code   100  time.o(.text)
    TickTasks                                0x0000085d   Thumb Code     2  time.o(.text)
    timeDelay                                0x0000085f   Thumb Code    46  time.o(.text)
    getTickCount                             0x0000088d   Thumb Code     6  time.o(.text)
    addTaskToWaitQueue                       0x000008f5   Thumb Code    86  wait_queue.o(.text)
    removeTaskFromWaitQueue                  0x0000094b   Thumb Code    64  wait_queue.o(.text)
    removeHeadFromWaitQueue                  0x0000098b   Thumb Code    44  wait_queue.o(.text)
    queueCreate                              0x000009f9   Thumb Code    88  message_queue.o(.text)
    queueSendToTail                          0x00000a51   Thumb Code   116  message_queue.o(.text)
    queueReceive                             0x00000af7   Thumb Code   136  message_queue.o(.text)
    sem_init                                 0x00000bb5   Thumb Code    28  sem.o(.text)
    sem_get                                  0x00000bd1   Thumb Code    88  sem.o(.text)
    sem_release                              0x00000c29   Thumb Code    60  sem.o(.text)
    SystemCoreClockUpdate                    0x00000c99   Thumb Code   312  system_lpc17xx.o(.text)
    SystemInit                               0x00000dd1   Thumb Code   282  system_lpc17xx.o(.text)
    malloc                                   0x00000f3d   Thumb Code    94  h1_alloc.o(.text)
    __aeabi_memcpy                           0x00000f9b   Thumb Code     0  rt_memcpy_v6.o(.text)
    __rt_memcpy                              0x00000f9b   Thumb Code   138  rt_memcpy_v6.o(.text)
    _memcpy_lastbytes                        0x00001001   Thumb Code     0  rt_memcpy_v6.o(.text)
    __use_two_region_memory                  0x00001025   Thumb Code     2  heapauxi.o(.text)
    __rt_heap_escrow                         0x00001027   Thumb Code     2  heapauxi.o(.text)
    __rt_heap_expand                         0x00001029   Thumb Code     2  heapauxi.o(.text)
    __rt_heap_descriptor                     0x0000102d   Thumb Code     8  rt_heap_descriptor_intlibspace.o(.text)
    __use_no_heap                            0x00001035   Thumb Code     2  hguard.o(.text)
    __heap$guard                             0x00001037   Thumb Code     2  hguard.o(.text)
    _terminate_user_alloc                    0x00001039   Thumb Code     2  init_alloc.o(.text)
    _init_user_alloc                         0x0000103b   Thumb Code     2  init_alloc.o(.text)
    __Heap_Full                              0x0000103d   Thumb Code    34  init_alloc.o(.text)
    __Heap_Broken                            0x0000105f   Thumb Code     6  init_alloc.o(.text)
    _init_alloc                              0x00001065   Thumb Code    94  init_alloc.o(.text)
    __Heap_Initialize                        0x000010c3   Thumb Code    10  h1_init.o(.text)
    __Heap_DescSize                          0x000010cd   Thumb Code     4  h1_init.o(.text)
    free                                     0x000010d1   Thumb Code    78  h1_free.o(.text)
    __aeabi_memcpy4                          0x0000111f   Thumb Code     0  rt_memcpy_w.o(.text)
    __aeabi_memcpy8                          0x0000111f   Thumb Code     0  rt_memcpy_w.o(.text)
    __rt_memcpy_w                            0x0000111f   Thumb Code   100  rt_memcpy_w.o(.text)
    _memcpy_lastbytes_aligned                0x00001167   Thumb Code     0  rt_memcpy_w.o(.text)
    __user_libspace                          0x00001185   Thumb Code     8  libspace.o(.text)
    __user_perproc_libspace                  0x00001185   Thumb Code     0  libspace.o(.text)
    __user_perthread_libspace                0x00001185   Thumb Code     0  libspace.o(.text)
    __Heap_ProvideMemory                     0x0000118d   Thumb Code    52  h1_extend.o(.text)
    __rt_SIGRTMEM                            0x000011c1   Thumb Code    14  defsig_rtmem_outer.o(.text)
    __I$use$semihosting                      0x000011cf   Thumb Code     0  use_no_semi.o(.text)
    __use_no_semihosting_swi                 0x000011cf   Thumb Code     2  use_no_semi.o(.text)
    __semihosting_library_function           0x000011d1   Thumb Code     0  indicate_semi.o(.text)
    __user_setup_stackheap                   0x000011d1   Thumb Code    74  sys_stackheap_outer.o(.text)
    exit                                     0x0000121b   Thumb Code    12  exit.o(.text)
    __sig_exit                               0x00001227   Thumb Code    10  defsig_exit.o(.text)
    __rt_SIGRTMEM_inner                      0x00001231   Thumb Code    22  defsig_rtmem_inner.o(.text)
    _sys_exit                                0x00001281   Thumb Code     8  sys_exit.o(.text)
    __default_signal_display                 0x0000128d   Thumb Code    50  defsig_general.o(.text)
    _ttywrch                                 0x000012bf   Thumb Code    14  sys_wrch.o(.text)
    __rt_fp_status_addr                      0x000012cd   Thumb Code     8  rt_fp_status_addr_intlibspace.o(.text)
    context_switch                           0x000012d5   Thumb Code    38  switch.o(SWITCH)
    start_first_task                         0x000012fb   Thumb Code    20  switch.o(SWITCH)
    MainSVCHandler                           0x0000130f   Thumb Code    16  switch.o(SWITCH)
    _fp_init                                 0x00001329   Thumb Code    14  fpinit.o(x$fpl$fpinit)
    __fplib_config_pureend_doubles           0x00001335   Thumb Code     0  fpinit.o(x$fpl$fpinit)
    Region$$Table$$Base                      0x00001338   Number         0  anon$$obj.o(Region$$Table)
    Region$$Table$$Limit                     0x00001358   Number         0  anon$$obj.o(Region$$Table)
    list                                     0x10000000   Data           8  main.o(.data)
    task6Q                                   0x10000008   Data           4  main.o(.data)
    s                                        0x1000000c   Data           4  main.o(.data)
    allTasksLinked                           0x10000010   Data           8  task.o(.data)
    currentTCB                               0x10000018   Data           4  task.o(.data)
    highestTCB                               0x1000001c   Data           4  task.o(.data)
    r0                                       0x10000020   Data           4  port.o(.data)
    r1                                       0x10000024   Data           4  port.o(.data)
    r2                                       0x10000028   Data           4  port.o(.data)
    r3                                       0x1000002c   Data           4  port.o(.data)
    r12                                      0x10000030   Data           4  port.o(.data)
    lr                                       0x10000034   Data           4  port.o(.data)
    pc                                       0x10000038   Data           4  port.o(.data)
    psr                                      0x1000003c   Data           4  port.o(.data)
    criticalNesting                          0x10000040   Data           4  kernel.o(.data)
    interruptNesting                         0x10000044   Data           4  kernel.o(.data)
    idleCounter                              0x10000048   Data           4  kernel.o(.data)
    SystemCoreClock                          0x10000050   Data           4  system_lpc17xx.o(.data)
    Stack1                                   0x10000054   Data        1400  main.o(.bss)
    Stack2                                   0x100005cc   Data        1400  main.o(.bss)
    Stack3                                   0x10000b44   Data        1400  main.o(.bss)
    Stack4                                   0x100010bc   Data        1400  main.o(.bss)
    Stack5                                   0x10001634   Data        1400  main.o(.bss)
    Stack6                                   0x10001bac   Data        1400  main.o(.bss)
    TaskArray                                0x10002124   Data          40  task.o(.bss)
    ReadyArray                               0x1000214c   Data          40  task.o(.bss)
    IdleStack                                0x10002174   Data         400  kernel.o(.bss)
    __libspace_start                         0x10002304   Data          96  libspace.o(.bss)
    __temporary_stack_top$libspace           0x10002364   Data           0  libspace.o(.bss)



==============================================================================

Memory Map of the image

  Image Entry point : 0x00000199

  Load Region LR_1 (Base: 0x00000000, Size: 0x000013ac, Max: 0xffffffff, ABSOLUTE)

    Execution Region ER_RO (Base: 0x00000000, Size: 0x00001358, Max: 0xffffffff, ABSOLUTE)

    Base Addr    Size         Type   Attr      Idx    E Section Name        Object

    0x00000000   0x000000c0   Data   RO            3    RESET               startup_mps_cm3.o
    0x000000c0   0x00000008   Code   RO          362  * !!!main             c_w.l(__main.o)
    0x000000c8   0x00000034   Code   RO          571    !!!scatter          c_w.l(__scatter.o)
    0x000000fc   0x0000001a   Code   RO          573    !!handler_copy      c_w.l(__scatter_copy.o)
    0x00000116   0x00000002   PAD
    0x00000118   0x0000001c   Code   RO          575    !!handler_zi        c_w.l(__scatter_zi.o)
    0x00000134   0x00000006   Code   RO          504    .ARM.Collect$$libinit$$00000000  c_w.l(libinit.o)
    0x0000013a   0x00000008   Code   RO          402    .ARM.Collect$$libinit$$00000001  c_w.l(libinit2.o)
    0x00000142   0x00000000   Code   RO          404    .ARM.Collect$$libinit$$00000006  c_w.l(libinit2.o)
    0x00000142   0x00000000   Code   RO          406    .ARM.Collect$$libinit$$00000008  c_w.l(libinit2.o)
    0x00000142   0x00000000   Code   RO          408    .ARM.Collect$$libinit$$0000000A  c_w.l(libinit2.o)
    0x00000142   0x00000000   Code   RO          411    .ARM.Collect$$libinit$$0000000D  c_w.l(libinit2.o)
    0x00000142   0x00000000   Code   RO          413    .ARM.Collect$$libinit$$0000000F  c_w.l(libinit2.o)
    0x00000142   0x00000000   Code   RO          415    .ARM.Collect$$libinit$$00000011  c_w.l(libinit2.o)
    0x00000142   0x00000000   Code   RO          417    .ARM.Collect$$libinit$$00000013  c_w.l(libinit2.o)
    0x00000142   0x00000000   Code   RO          419    .ARM.Collect$$libinit$$00000015  c_w.l(libinit2.o)
    0x00000142   0x00000000   Code   RO          421    .ARM.Collect$$libinit$$00000017  c_w.l(libinit2.o)
    0x00000142   0x00000000   Code   RO          423    .ARM.Collect$$libinit$$00000019  c_w.l(libinit2.o)
    0x00000142   0x00000000   Code   RO          425    .ARM.Collect$$libinit$$0000001B  c_w.l(libinit2.o)
    0x00000142   0x00000000   Code   RO          427    .ARM.Collect$$libinit$$0000001D  c_w.l(libinit2.o)
    0x00000142   0x00000000   Code   RO          429    .ARM.Collect$$libinit$$0000001F  c_w.l(libinit2.o)
    0x00000142   0x00000000   Code   RO          431    .ARM.Collect$$libinit$$00000021  c_w.l(libinit2.o)
    0x00000142   0x00000000   Code   RO          435    .ARM.Collect$$libinit$$00000028  c_w.l(libinit2.o)
    0x00000142   0x00000000   Code   RO          437    .ARM.Collect$$libinit$$0000002A  c_w.l(libinit2.o)
    0x00000142   0x00000000   Code   RO          439    .ARM.Collect$$libinit$$0000002C  c_w.l(libinit2.o)
    0x00000142   0x00000000   Code   RO          441    .ARM.Collect$$libinit$$0000002E  c_w.l(libinit2.o)
    0x00000142   0x00000002   Code   RO          442    .ARM.Collect$$libinit$$0000002F  c_w.l(libinit2.o)
    0x00000144   0x00000002   Code   RO          568    .ARM.Collect$$libshutdown$$00000000  c_w.l(libshutdown.o)
    0x00000146   0x00000000   Code   RO          519    .ARM.Collect$$libshutdown$$00000003  c_w.l(libshutdown2.o)
    0x00000146   0x00000000   Code   RO          522    .ARM.Collect$$libshutdown$$00000006  c_w.l(libshutdown2.o)
    0x00000146   0x00000000   Code   RO          525    .ARM.Collect$$libshutdown$$00000009  c_w.l(libshutdown2.o)
    0x00000146   0x00000000   Code   RO          527    .ARM.Collect$$libshutdown$$0000000B  c_w.l(libshutdown2.o)
    0x00000146   0x00000000   Code   RO          530    .ARM.Collect$$libshutdown$$0000000E  c_w.l(libshutdown2.o)
    0x00000146   0x00000002   Code   RO          531    .ARM.Collect$$libshutdown$$0000000F  c_w.l(libshutdown2.o)
    0x00000148   0x00000000   Code   RO          366    .ARM.Collect$$rtentry$$00000000  c_w.l(rtentry.o)
    0x00000148   0x00000000   Code   RO          449    .ARM.Collect$$rtentry$$00000002  c_w.l(rtentry2.o)
    0x00000148   0x00000006   Code   RO          461    .ARM.Collect$$rtentry$$00000004  c_w.l(rtentry4.o)
    0x0000014e   0x00000000   Code   RO          451    .ARM.Collect$$rtentry$$00000009  c_w.l(rtentry2.o)
    0x0000014e   0x00000004   Code   RO          452    .ARM.Collect$$rtentry$$0000000A  c_w.l(rtentry2.o)
    0x00000152   0x00000000   Code   RO          454    .ARM.Collect$$rtentry$$0000000C  c_w.l(rtentry2.o)
    0x00000152   0x00000008   Code   RO          455    .ARM.Collect$$rtentry$$0000000D  c_w.l(rtentry2.o)
    0x0000015a   0x00000002   Code   RO          507    .ARM.Collect$$rtexit$$00000000  c_w.l(rtexit.o)
    0x0000015c   0x00000000   Code   RO          537    .ARM.Collect$$rtexit$$00000002  c_w.l(rtexit2.o)
    0x0000015c   0x00000004   Code   RO          538    .ARM.Collect$$rtexit$$00000003  c_w.l(rtexit2.o)
    0x00000160   0x00000006   Code   RO          539    .ARM.Collect$$rtexit$$00000004  c_w.l(rtexit2.o)
    0x00000166   0x00000002   PAD
    0x00000168   0x00000008   Code   RO          106    .emb_text           task.o
    0x00000170   0x00000008   Code   RO          167    .emb_text           kernel.o
    0x00000178   0x00000008   Code   RO          193    .emb_text           time.o
    0x00000180   0x00000008   Code   RO          211    .emb_text           wait_queue.o
    0x00000188   0x00000008   Code   RO          234    .emb_text           message_queue.o
    0x00000190   0x00000008   Code   RO          263    .emb_text           sem.o
    0x00000198   0x00000000   Code   RO          465    .emb_text           c_w.l(maybetermalloc1.o)
    0x00000198   0x00000060   Code   RO            4  * .text               startup_mps_cm3.o
    0x000001f8   0x00000240   Code   RO           27    .text               main.o
    0x00000438   0x000001fc   Code   RO          107    .text               task.o
    0x00000634   0x000000e0   Code   RO          145    .text               port.o
    0x00000714   0x000000e4   Code   RO          168    .text               kernel.o
    0x000007f8   0x000000e0   Code   RO          194    .text               time.o
    0x000008d8   0x00000120   Code   RO          212    .text               wait_queue.o
    0x000009f8   0x000001bc   Code   RO          235    .text               message_queue.o
    0x00000bb4   0x000000e4   Code   RO          264    .text               sem.o
    0x00000c98   0x000002a4   Code   RO          282    .text               system_lpc17xx.o
    0x00000f3c   0x0000005e   Code   RO          304    .text               c_w.l(h1_alloc.o)
    0x00000f9a   0x0000008a   Code   RO          358    .text               c_w.l(rt_memcpy_v6.o)
    0x00001024   0x00000006   Code   RO          360    .text               c_w.l(heapauxi.o)
    0x0000102a   0x00000002   PAD
    0x0000102c   0x00000008   Code   RO          370    .text               c_w.l(rt_heap_descriptor_intlibspace.o)
    0x00001034   0x00000004   Code   RO          372    .text               c_w.l(hguard.o)
    0x00001038   0x0000008a   Code   RO          374    .text               c_w.l(init_alloc.o)
    0x000010c2   0x0000000e   Code   RO          380    .text               c_w.l(h1_init.o)
    0x000010d0   0x0000004e   Code   RO          382    .text               c_w.l(h1_free.o)
    0x0000111e   0x00000064   Code   RO          398    .text               c_w.l(rt_memcpy_w.o)
    0x00001182   0x00000002   PAD
    0x00001184   0x00000008   Code   RO          445    .text               c_w.l(libspace.o)
    0x0000118c   0x00000034   Code   RO          467    .text               c_w.l(h1_extend.o)
    0x000011c0   0x0000000e   Code   RO          471    .text               c_w.l(defsig_rtmem_outer.o)
    0x000011ce   0x00000002   Code   RO          480    .text               c_w.l(use_no_semi.o)
    0x000011d0   0x00000000   Code   RO          482    .text               c_w.l(indicate_semi.o)
    0x000011d0   0x0000004a   Code   RO          483    .text               c_w.l(sys_stackheap_outer.o)
    0x0000121a   0x0000000c   Code   RO          489    .text               c_w.l(exit.o)
    0x00001226   0x0000000a   Code   RO          491    .text               c_w.l(defsig_exit.o)
    0x00001230   0x00000050   Code   RO          493    .text               c_w.l(defsig_rtmem_inner.o)
    0x00001280   0x0000000c   Code   RO          505    .text               c_w.l(sys_exit.o)
    0x0000128c   0x00000032   Code   RO          515    .text               c_w.l(defsig_general.o)
    0x000012be   0x0000000e   Code   RO          534    .text               c_w.l(sys_wrch.o)
    0x000012cc   0x00000008   Code   RO          546    .text               c_w.l(rt_fp_status_addr_intlibspace.o)
    0x000012d4   0x00000054   Code   RO           10    SWITCH              switch.o
    0x00001328   0x0000000e   Code   RO          532    x$fpl$fpinit        fz_ws.l(fpinit.o)
    0x00001336   0x00000002   PAD
    0x00001338   0x00000020   Data   RO          569    Region$$Table       anon$$obj.o


    Execution Region ER_RW (Base: 0x10000000, Size: 0x00000054, Max: 0xffffffff, ABSOLUTE)

    Base Addr    Size         Type   Attr      Idx    E Section Name        Object

    0x10000000   0x00000010   Data   RW           30    .data               main.o
    0x10000010   0x00000010   Data   RW          109    .data               task.o
    0x10000020   0x00000020   Data   RW          146    .data               port.o
    0x10000040   0x0000000c   Data   RW          170    .data               kernel.o
    0x1000004c   0x00000004   Data   RW          195    .data               time.o
    0x10000050   0x00000004   Data   RW          283    .data               system_lpc17xx.o


    Execution Region ER_ZI (Base: 0x10000054, Size: 0x00004454, Max: 0xffffffff, ABSOLUTE)

    Base Addr    Size         Type   Attr      Idx    E Section Name        Object

    0x10000054   0x000020d0   Zero   RW           28    .bss                main.o
    0x10002124   0x00000050   Zero   RW          108    .bss                task.o
    0x10002174   0x00000190   Zero   RW          169    .bss                kernel.o
    0x10002304   0x00000060   Zero   RW          446    .bss                c_w.l(libspace.o)
    0x10002364   0x00000004   PAD
    0x10002368   0x00001f40   Zero   RW            2    HEAP                startup_mps_cm3.o
    0x100042a8   0x00000200   Zero   RW            1    STACK               startup_mps_cm3.o


==============================================================================

Image component sizes


      Code (inc. data)   RO Data    RW Data    ZI Data      Debug   Object Name

         0          0          0          0          0       1444   heap.o
       236         28          0         12        400       2521   kernel.o
       576         38          0         16       8400       9419   main.o
       452         10          0          0          0       5583   message_queue.o
       224         46          0         32          0      18640   port.o
       236          8          0          0          0       2087   sem.o
        96         22        192          0       8512        764   startup_mps_cm3.o
        84         10          0          0          0        380   switch.o
       676         82          0          4          0        881   system_lpc17xx.o
       516         30          0         16         80      23860   task.o
       232         26          0          4          0       1650   time.o
       296          6          0          0          0       5053   wait_queue.o

    ----------------------------------------------------------------------
      3624        306        224         84      17392      72282   Object Totals
         0          0         32          0          0          0   (incl. Generated)
         0          0          0          0          0          0   (incl. Padding)

    ----------------------------------------------------------------------

      Code (inc. data)   RO Data    RW Data    ZI Data      Debug   Library Member Name

         8          0          0          0          0         68   __main.o
        52          8          0          0          0          0   __scatter.o
        26          0          0          0          0          0   __scatter_copy.o
        28          0          0          0          0          0   __scatter_zi.o
        10          0          0          0          0         68   defsig_exit.o
        50          0          0          0          0         88   defsig_general.o
        80         58          0          0          0         76   defsig_rtmem_inner.o
        14          0          0          0          0         80   defsig_rtmem_outer.o
        12          0          0          0          0         72   exit.o
        94          0          0          0          0         80   h1_alloc.o
        52          0          0          0          0         68   h1_extend.o
        78          0          0          0          0         80   h1_free.o
        14          0          0          0          0         84   h1_init.o
         6          0          0          0          0        152   heapauxi.o
         4          0          0          0          0        136   hguard.o
         0          0          0          0          0          0   indicate_semi.o
       138          0          0          0          0        168   init_alloc.o
         6          0          0          0          0          0   libinit.o
        10          0          0          0          0          0   libinit2.o
         2          0          0          0          0          0   libshutdown.o
         2          0          0          0          0          0   libshutdown2.o
         8          4          0          0         96         68   libspace.o
         0          0          0          0          0          0   maybetermalloc1.o
         8          4          0          0          0         68   rt_fp_status_addr_intlibspace.o
         8          4          0          0          0         68   rt_heap_descriptor_intlibspace.o
       138          0          0          0          0         68   rt_memcpy_v6.o
       100          0          0          0          0         80   rt_memcpy_w.o
         0          0          0          0          0          0   rtentry.o
        12          0          0          0          0          0   rtentry2.o
         6          0          0          0          0          0   rtentry4.o
         2          0          0          0          0          0   rtexit.o
        10          0          0          0          0          0   rtexit2.o
        12          4          0          0          0         68   sys_exit.o
        74          0          0          0          0         80   sys_stackheap_outer.o
        14          0          0          0          0         76   sys_wrch.o
         2          0          0          0          0         68   use_no_semi.o
        14          0          0          0          0         76   fpinit.o

    ----------------------------------------------------------------------
      1104         82          0          0        100       1940   Library Totals
        10          0          0          0          4          0   (incl. Padding)

    ----------------------------------------------------------------------

      Code (inc. data)   RO Data    RW Data    ZI Data      Debug   Library Name

      1080         82          0          0         96       1864   c_w.l
        14          0          0          0          0         76   fz_ws.l

    ----------------------------------------------------------------------
      1104         82          0          0        100       1940   Library Totals

    ----------------------------------------------------------------------

==============================================================================


      Code (inc. data)   RO Data    RW Data    ZI Data      Debug   

      4728        388        224         84      17492      72038   Grand Totals
      4728        388        224         84      17492      72038   ELF Image Totals
      4728        388        224         84          0          0   ROM Totals

==============================================================================

    Total RO  Size (Code + RO Data)                 4952 (   4.84kB)
    Total RW  Size (RW Data + ZI Data)             17576 (  17.16kB)
    Total ROM Size (Code + RO Data + RW Data)       5036 (   4.92kB)

==============================================================================

